19:10:31 **** Auto Build of configuration Debug for project AXI_led_switch ****
make pre-build main-build 
a9-linaro-pre-build-step
 
Building file: ../src/main.c
Invoking: ARM v7 gcc compiler
arm-none-eabi-gcc -Wall -O0 -g3 -c -fmessage-length=0 -MT"src/main.o" -mcpu=cortex-a9 -mfpu=vfpv3 -mfloat-abi=hard -I../../AXI_led_switch_bsp/ps7_cortexa9_0/include -MMD -MP -MF"src/main.d" -MT"src/main.o" -o "src/main.o" "../src/main.c"
../src/main.c: In function 'main':
../src/main.c:14:8: warning: unused variable 'my_ls_switch_out' [-Wunused-variable]
  int * my_ls_switch_out = (int*) XPAR_MYIP_LED_SWITCH_0_S00_AXI_BASEADDR + MYIP_LED_SWITCH_S00_AXI_SLV_REG0_OFFSET;
        ^~~~~~~~~~~~~~~~
../src/main.c:13:8: warning: unused variable 'my_ls_base' [-Wunused-variable]
  int * my_ls_base = (int*) XPAR_MYIP_LED_SWITCH_0_S00_AXI_BASEADDR;
        ^~~~~~~~~~
Finished building: ../src/main.c
 
Building target: AXI_led_switch.elf
Invoking: ARM v7 gcc linker
arm-none-eabi-gcc -mcpu=cortex-a9 -mfpu=vfpv3 -mfloat-abi=hard -Wl,-build-id=none -specs=Xilinx.spec -Wl,-T -Wl,../src/lscript.ld -L../../AXI_led_switch_bsp/ps7_cortexa9_0/lib -o "AXI_led_switch.elf"  ./src/main.o   -Wl,--start-group,-lxil,-lgcc,-lc,--end-group
Finished building target: AXI_led_switch.elf
 
Invoking: ARM v7 Print Size
arm-none-eabi-size AXI_led_switch.elf  |tee "AXI_led_switch.elf.size"
   text	   data	    bss	    dec	    hex	filename
  19152	   1144	  22568	  42864	   a770	AXI_led_switch.elf
Finished building: AXI_led_switch.elf.size
 

19:10:31 Build Finished (took 560ms)

