12:42:30 **** Auto Build of configuration Debug for project led ****
make pre-build main-build 
a9-linaro-pre-build-step
 
Building file: ../src/main.c
Invoking: ARM v7 gcc compiler
arm-none-eabi-gcc -Wall -O0 -g3 -c -fmessage-length=0 -MT"src/main.o" -mcpu=cortex-a9 -mfpu=vfpv3 -mfloat-abi=hard -I../../led_bsp/ps7_cortexa9_0/include -MMD -MP -MF"src/main.d" -MT"src/main.o" -o "src/main.o" "../src/main.c"
In file included from ../src/main.c:1:0:
../src/main.c: In function 'main':
../../led_bsp/ps7_cortexa9_0/include/xparameters.h:246:50: warning: passing argument 1 of 'set_reg' makes pointer from integer without a cast [-Wint-conversion]
 #define XPAR_MYLED_CONTROLLER_0_S00_AXI_BASEADDR 0x43C00000
                                                  ^
../src/main.c:30:11: note: in expansion of macro 'XPAR_MYLED_CONTROLLER_0_S00_AXI_BASEADDR'
   set_reg(XPAR_MYLED_CONTROLLER_0_S00_AXI_BASEADDR,MYLED_CONTROLLER_S00_AXI_SLV_REG0_OFFSET,&value);
           ^
../src/main.c:6:6: note: expected 'void *' but argument is of type 'int'
 void set_reg(void * base_addr,void * offset, int * value);
      ^~~~~~~
In file included from ../src/main.c:1:0:
../../led_bsp/ps7_cortexa9_0/include/xparameters.h:246:50: warning: passing argument 1 of 'set_reg' makes pointer from integer without a cast [-Wint-conversion]
 #define XPAR_MYLED_CONTROLLER_0_S00_AXI_BASEADDR 0x43C00000
                                                  ^
../src/main.c:31:11: note: in expansion of macro 'XPAR_MYLED_CONTROLLER_0_S00_AXI_BASEADDR'
   set_reg(XPAR_MYLED_CONTROLLER_0_S00_AXI_BASEADDR,MYLED_CONTROLLER_S00_AXI_SLV_REG1_OFFSET,&value);
           ^
../src/main.c:6:6: note: expected 'void *' but argument is of type 'int'
 void set_reg(void * base_addr,void * offset, int * value);
      ^~~~~~~
In file included from ../src/main.c:2:0:
../../led_bsp/ps7_cortexa9_0/include/myled_controller.h:11:50: warning: passing argument 2 of 'set_reg' makes pointer from integer without a cast [-Wint-conversion]
 #define MYLED_CONTROLLER_S00_AXI_SLV_REG1_OFFSET 4
                                                  ^
../src/main.c:31:52: note: in expansion of macro 'MYLED_CONTROLLER_S00_AXI_SLV_REG1_OFFSET'
   set_reg(XPAR_MYLED_CONTROLLER_0_S00_AXI_BASEADDR,MYLED_CONTROLLER_S00_AXI_SLV_REG1_OFFSET,&value);
                                                    ^
../src/main.c:6:6: note: expected 'void *' but argument is of type 'int'
 void set_reg(void * base_addr,void * offset, int * value);
      ^~~~~~~
In file included from ../src/main.c:1:0:
../../led_bsp/ps7_cortexa9_0/include/xparameters.h:246:50: warning: passing argument 1 of 'read_reg' makes pointer from integer without a cast [-Wint-conversion]
 #define XPAR_MYLED_CONTROLLER_0_S00_AXI_BASEADDR 0x43C00000
                                                  ^
../src/main.c:32:56: note: in expansion of macro 'XPAR_MYLED_CONTROLLER_0_S00_AXI_BASEADDR'
   printf("il valore del registro è %08x \n", read_reg(XPAR_MYLED_CONTROLLER_0_S00_AXI_BASEADDR,MYLED_CONTROLLER_S00_AXI_SLV_REG3_OFFSET) );
                                                        ^
../src/main.c:7:14: note: expected 'void *' but argument is of type 'int'
 unsigned int read_reg(void * base_addr,void * offset);
              ^~~~~~~~
In file included from ../src/main.c:2:0:
../../led_bsp/ps7_cortexa9_0/include/myled_controller.h:13:50: warning: passing argument 2 of 'read_reg' makes pointer from integer without a cast [-Wint-conversion]
 #define MYLED_CONTROLLER_S00_AXI_SLV_REG3_OFFSET 12
                                                  ^
../src/main.c:32:97: note: in expansion of macro 'MYLED_CONTROLLER_S00_AXI_SLV_REG3_OFFSET'
   printf("il valore del registro è %08x \n", read_reg(XPAR_MYLED_CONTROLLER_0_S00_AXI_BASEADDR,MYLED_CONTROLLER_S00_AXI_SLV_REG3_OFFSET) );
                                                                                                 ^
../src/main.c:7:14: note: expected 'void *' but argument is of type 'int'
 unsigned int read_reg(void * base_addr,void * offset);
              ^~~~~~~~
In file included from ../src/main.c:1:0:
../../led_bsp/ps7_cortexa9_0/include/xparameters.h:246:50: warning: passing argument 1 of 'set_reg' makes pointer from integer without a cast [-Wint-conversion]
 #define XPAR_MYLED_CONTROLLER_0_S00_AXI_BASEADDR 0x43C00000
                                                  ^
../src/main.c:34:11: note: in expansion of macro 'XPAR_MYLED_CONTROLLER_0_S00_AXI_BASEADDR'
   set_reg(XPAR_MYLED_CONTROLLER_0_S00_AXI_BASEADDR,MYLED_CONTROLLER_S00_AXI_SLV_REG0_OFFSET,&value);
           ^
../src/main.c:6:6: note: expected 'void *' but argument is of type 'int'
 void set_reg(void * base_addr,void * offset, int * value);
      ^~~~~~~
../src/main.c: In function 'SetupInterruptSystem':
../src/main.c:88:112: warning: passing argument 4 of 'XScuGic_Connect' makes pointer from integer without a cast [-Wint-conversion]
     result = XScuGic_Connect(&gic, XPAR_FABRIC_MYLED_CONTROLLER_0_INTERRUPT_INTR, (Xil_ExceptionHandler) PIsr, IntcConfig->CpuBaseAddress);
                                                                                                                ^~~~~~~~~~
In file included from ../src/main.c:3:0:
../../led_bsp/ps7_cortexa9_0/include/xscugic.h:330:6: note: expected 'void *' but argument is of type 'u32 {aka long unsigned int}'
 s32  XScuGic_Connect(XScuGic *InstancePtr, u32 Int_Id,
      ^~~~~~~~~~~~~~~
Finished building: ../src/main.c
 
Building target: led.elf
Invoking: ARM v7 gcc linker
arm-none-eabi-gcc -mcpu=cortex-a9 -mfpu=vfpv3 -mfloat-abi=hard -Wl,-build-id=none -specs=Xilinx.spec -Wl,-T -Wl,../src/lscript.ld -L../../led_bsp/ps7_cortexa9_0/lib -o "led.elf"  ./src/main.o   -Wl,--start-group,-lxil,-lgcc,-lc,--end-group
Finished building target: led.elf
 
Invoking: ARM v7 Print Size
arm-none-eabi-size led.elf  |tee "led.elf.size"
   text	   data	    bss	    dec	    hex	filename
  74128	   4156	  23360	 101644	  18d0c	led.elf
Finished building: led.elf.size
 

12:42:30 Build Finished (took 409ms)

