Archive member included to satisfy reference by file (symbol)

/home/andrea/Ac6/SystemWorkbench/plugins/fr.ac6.mcu.externaltools.arm-none.linux64_1.17.0.201812190825/tools/compiler/bin/../lib/gcc/arm-none-eabi/7.3.1/../../../../arm-none-eabi/lib/thumb/v7e-m/fpv4-sp/hard/libc_nano.a(lib_a-errno.o)
                              Src/syscalls.o (__errno)
/home/andrea/Ac6/SystemWorkbench/plugins/fr.ac6.mcu.externaltools.arm-none.linux64_1.17.0.201812190825/tools/compiler/bin/../lib/gcc/arm-none-eabi/7.3.1/../../../../arm-none-eabi/lib/thumb/v7e-m/fpv4-sp/hard/libc_nano.a(lib_a-exit.o)
                              /home/andrea/Ac6/SystemWorkbench/plugins/fr.ac6.mcu.externaltools.arm-none.linux64_1.17.0.201812190825/tools/compiler/bin/../lib/gcc/arm-none-eabi/7.3.1/../../../../arm-none-eabi/lib/thumb/v7e-m/fpv4-sp/hard/crt0.o (exit)
/home/andrea/Ac6/SystemWorkbench/plugins/fr.ac6.mcu.externaltools.arm-none.linux64_1.17.0.201812190825/tools/compiler/bin/../lib/gcc/arm-none-eabi/7.3.1/../../../../arm-none-eabi/lib/thumb/v7e-m/fpv4-sp/hard/libc_nano.a(lib_a-impure.o)
                              /home/andrea/Ac6/SystemWorkbench/plugins/fr.ac6.mcu.externaltools.arm-none.linux64_1.17.0.201812190825/tools/compiler/bin/../lib/gcc/arm-none-eabi/7.3.1/../../../../arm-none-eabi/lib/thumb/v7e-m/fpv4-sp/hard/libc_nano.a(lib_a-exit.o) (_global_impure_ptr)
/home/andrea/Ac6/SystemWorkbench/plugins/fr.ac6.mcu.externaltools.arm-none.linux64_1.17.0.201812190825/tools/compiler/bin/../lib/gcc/arm-none-eabi/7.3.1/../../../../arm-none-eabi/lib/thumb/v7e-m/fpv4-sp/hard/libc_nano.a(lib_a-init.o)
                              /home/andrea/Ac6/SystemWorkbench/plugins/fr.ac6.mcu.externaltools.arm-none.linux64_1.17.0.201812190825/tools/compiler/bin/../lib/gcc/arm-none-eabi/7.3.1/../../../../arm-none-eabi/lib/thumb/v7e-m/fpv4-sp/hard/crt0.o (__libc_init_array)
/home/andrea/Ac6/SystemWorkbench/plugins/fr.ac6.mcu.externaltools.arm-none.linux64_1.17.0.201812190825/tools/compiler/bin/../lib/gcc/arm-none-eabi/7.3.1/../../../../arm-none-eabi/lib/thumb/v7e-m/fpv4-sp/hard/libc_nano.a(lib_a-memset.o)
                              /home/andrea/Ac6/SystemWorkbench/plugins/fr.ac6.mcu.externaltools.arm-none.linux64_1.17.0.201812190825/tools/compiler/bin/../lib/gcc/arm-none-eabi/7.3.1/../../../../arm-none-eabi/lib/thumb/v7e-m/fpv4-sp/hard/crt0.o (memset)

Allocating common symbols
Common symbol       size              file

sFilterConfig       0x28              Src/can.o
hspi2               0x64              Src/spi.o
SPI_RxBuffer        0x10              Src/main.o
I2C_RxBuffer        0x10              Src/main.o
hcrc                0x24              Src/crc.o
hi2c2               0x4c              Src/i2c.o
CanHandle           0x28              Src/can.o
uwTick              0x4               Drivers/STM32F3xx_HAL_Driver/Src/stm32f3xx_hal.o
pFlash              0x20              Drivers/STM32F3xx_HAL_Driver/Src/stm32f3xx_hal_flash.o
CanRx_Frame         0x8               Src/main.o
CAN_RxBuffer        0x10              Src/main.o
CanTx_Frame         0x8               Src/main.o
CanTxData           0x10              Src/main.o
TxMailbox           0x4               Src/main.o
CanRxData           0x10              Src/main.o
UART_RxBuffer       0x10              Src/main.o
huart2              0x70              Src/usart.o
TxHeader            0x18              Src/main.o
RxHeader            0x1c              Src/main.o
aTxBuffer           0x10              Src/main.o

Discarded input sections

 .text          0x0000000000000000        0x0 /home/andrea/Ac6/SystemWorkbench/plugins/fr.ac6.mcu.externaltools.arm-none.linux64_1.17.0.201812190825/tools/compiler/bin/../lib/gcc/arm-none-eabi/7.3.1/thumb/v7e-m/fpv4-sp/hard/crti.o
 .data          0x0000000000000000        0x0 /home/andrea/Ac6/SystemWorkbench/plugins/fr.ac6.mcu.externaltools.arm-none.linux64_1.17.0.201812190825/tools/compiler/bin/../lib/gcc/arm-none-eabi/7.3.1/thumb/v7e-m/fpv4-sp/hard/crti.o
 .bss           0x0000000000000000        0x0 /home/andrea/Ac6/SystemWorkbench/plugins/fr.ac6.mcu.externaltools.arm-none.linux64_1.17.0.201812190825/tools/compiler/bin/../lib/gcc/arm-none-eabi/7.3.1/thumb/v7e-m/fpv4-sp/hard/crti.o
 .data          0x0000000000000000        0x4 /home/andrea/Ac6/SystemWorkbench/plugins/fr.ac6.mcu.externaltools.arm-none.linux64_1.17.0.201812190825/tools/compiler/bin/../lib/gcc/arm-none-eabi/7.3.1/thumb/v7e-m/fpv4-sp/hard/crtbegin.o
 .text          0x0000000000000000       0x74 /home/andrea/Ac6/SystemWorkbench/plugins/fr.ac6.mcu.externaltools.arm-none.linux64_1.17.0.201812190825/tools/compiler/bin/../lib/gcc/arm-none-eabi/7.3.1/../../../../arm-none-eabi/lib/thumb/v7e-m/fpv4-sp/hard/crt0.o
 .data          0x0000000000000000        0x0 /home/andrea/Ac6/SystemWorkbench/plugins/fr.ac6.mcu.externaltools.arm-none.linux64_1.17.0.201812190825/tools/compiler/bin/../lib/gcc/arm-none-eabi/7.3.1/../../../../arm-none-eabi/lib/thumb/v7e-m/fpv4-sp/hard/crt0.o
[...]
Memory Configuration

Name             Origin             Length             Attributes
RAM              0x0000000020000000 0x000000000000a000 xrw
CCMRAM           0x0000000010000000 0x0000000000002000 rw
FLASH            0x0000000008000000 0x0000000000040000 xr
*default*        0x0000000000000000 0xffffffffffffffff

Linker script and memory map

LOAD /home/andrea/Ac6/SystemWorkbench/plugins/fr.ac6.mcu.externaltools.arm-none.linux64_1.17.0.201812190825/tools/compiler/bin/../lib/gcc/arm-none-eabi/7.3.1/thumb/v7e-m/fpv4-sp/hard/crti.o
LOAD /home/andrea/Ac6/SystemWorkbench/plugins/fr.ac6.mcu.externaltools.arm-none.linux64_1.17.0.201812190825/tools/compiler/bin/../lib/gcc/arm-none-eabi/7.3.1/thumb/v7e-m/fpv4-sp/hard/crtbegin.o
LOAD /home/andrea/Ac6/SystemWorkbench/plugins/fr.ac6.mcu.externaltools.arm-none.linux64_1.17.0.201812190825/tools/compiler/bin/../lib/gcc/arm-none-eabi/7.3.1/../../../../arm-none-eabi/lib/thumb/v7e-m/fpv4-sp/hard/crt0.o
LOAD Drivers/STM32F3xx_HAL_Driver/Src/stm32f3xx_hal.o
LOAD Drivers/STM32F3xx_HAL_Driver/Src/stm32f3xx_hal_can.o
LOAD Drivers/STM32F3xx_HAL_Driver/Src/stm32f3xx_hal_cortex.o
LOAD Drivers/STM32F3xx_HAL_Driver/Src/stm32f3xx_hal_crc.o
LOAD Drivers/STM32F3xx_HAL_Driver/Src/stm32f3xx_hal_crc_ex.o
LOAD Drivers/STM32F3xx_HAL_Driver/Src/stm32f3xx_hal_dma.o
LOAD Drivers/STM32F3xx_HAL_Driver/Src/stm32f3xx_hal_flash.o
LOAD Drivers/STM32F3xx_HAL_Driver/Src/stm32f3xx_hal_flash_ex.o
LOAD Drivers/STM32F3xx_HAL_Driver/Src/stm32f3xx_hal_gpio.o
LOAD Drivers/STM32F3xx_HAL_Driver/Src/stm32f3xx_hal_i2c.o
LOAD Drivers/STM32F3xx_HAL_Driver/Src/stm32f3xx_hal_i2c_ex.o
LOAD Drivers/STM32F3xx_HAL_Driver/Src/stm32f3xx_hal_pcd.o
LOAD Drivers/STM32F3xx_HAL_Driver/Src/stm32f3xx_hal_pcd_ex.o
LOAD Drivers/STM32F3xx_HAL_Driver/Src/stm32f3xx_hal_pwr.o
LOAD Drivers/STM32F3xx_HAL_Driver/Src/stm32f3xx_hal_pwr_ex.o
LOAD Drivers/STM32F3xx_HAL_Driver/Src/stm32f3xx_hal_rcc.o
LOAD Drivers/STM32F3xx_HAL_Driver/Src/stm32f3xx_hal_rcc_ex.o
LOAD Drivers/STM32F3xx_HAL_Driver/Src/stm32f3xx_hal_spi.o
LOAD Drivers/STM32F3xx_HAL_Driver/Src/stm32f3xx_hal_spi_ex.o
LOAD Drivers/STM32F3xx_HAL_Driver/Src/stm32f3xx_hal_tim.o
LOAD Drivers/STM32F3xx_HAL_Driver/Src/stm32f3xx_hal_tim_ex.o
LOAD Drivers/STM32F3xx_HAL_Driver/Src/stm32f3xx_hal_uart.o
LOAD Drivers/STM32F3xx_HAL_Driver/Src/stm32f3xx_hal_uart_ex.o
LOAD Src/can.o
LOAD Src/crc.o
LOAD Src/gpio.o
LOAD Src/i2c.o
LOAD Src/main.o
LOAD Src/spi.o
LOAD Src/stm32f3_discovery.o
LOAD Src/stm32f3xx_hal_msp.o
LOAD Src/stm32f3xx_it.o
LOAD Src/syscalls.o
LOAD Src/system_stm32f3xx.o
LOAD Src/usart.o
LOAD startup/startup_stm32f303xc.o
LOAD /home/andrea/Ac6/SystemWorkbench/plugins/fr.ac6.mcu.externaltools.arm-none.linux64_1.17.0.201812190825/tools/compiler/bin/../lib/gcc/arm-none-eabi/7.3.1/../../../../arm-none-eabi/lib/thumb/v7e-m/fpv4-sp/hard/libm.a
START GROUP
LOAD /home/andrea/Ac6/SystemWorkbench/plugins/fr.ac6.mcu.externaltools.arm-none.linux64_1.17.0.201812190825/tools/compiler/bin/../lib/gcc/arm-none-eabi/7.3.1/thumb/v7e-m/fpv4-sp/hard/libgcc.a
LOAD /home/andrea/Ac6/SystemWorkbench/plugins/fr.ac6.mcu.externaltools.arm-none.linux64_1.17.0.201812190825/tools/compiler/bin/../lib/gcc/arm-none-eabi/7.3.1/../../../../arm-none-eabi/lib/thumb/v7e-m/fpv4-sp/hard/libc_nano.a
END GROUP
START GROUP
LOAD /home/andrea/Ac6/SystemWorkbench/plugins/fr.ac6.mcu.externaltools.arm-none.linux64_1.17.0.201812190825/tools/compiler/bin/../lib/gcc/arm-none-eabi/7.3.1/thumb/v7e-m/fpv4-sp/hard/libgcc.a
LOAD /home/andrea/Ac6/SystemWorkbench/plugins/fr.ac6.mcu.externaltools.arm-none.linux64_1.17.0.201812190825/tools/compiler/bin/../lib/gcc/arm-none-eabi/7.3.1/../../../../arm-none-eabi/lib/thumb/v7e-m/fpv4-sp/hard/libc_nano.a
LOAD /home/andrea/Ac6/SystemWorkbench/plugins/fr.ac6.mcu.externaltools.arm-none.linux64_1.17.0.201812190825/tools/compiler/bin/../lib/gcc/arm-none-eabi/7.3.1/../../../../arm-none-eabi/lib/thumb/v7e-m/fpv4-sp/hard/libnosys.a
END GROUP
START GROUP
LOAD /home/andrea/Ac6/SystemWorkbench/plugins/fr.ac6.mcu.externaltools.arm-none.linux64_1.17.0.201812190825/tools/compiler/bin/../lib/gcc/arm-none-eabi/7.3.1/thumb/v7e-m/fpv4-sp/hard/libgcc.a
LOAD /home/andrea/Ac6/SystemWorkbench/plugins/fr.ac6.mcu.externaltools.arm-none.linux64_1.17.0.201812190825/tools/compiler/bin/../lib/gcc/arm-none-eabi/7.3.1/../../../../arm-none-eabi/lib/thumb/v7e-m/fpv4-sp/hard/libc_nano.a
LOAD /home/andrea/Ac6/SystemWorkbench/plugins/fr.ac6.mcu.externaltools.arm-none.linux64_1.17.0.201812190825/tools/compiler/bin/../lib/gcc/arm-none-eabi/7.3.1/../../../../arm-none-eabi/lib/thumb/v7e-m/fpv4-sp/hard/libnosys.a
END GROUP
LOAD /home/andrea/Ac6/SystemWorkbench/plugins/fr.ac6.mcu.externaltools.arm-none.linux64_1.17.0.201812190825/tools/compiler/bin/../lib/gcc/arm-none-eabi/7.3.1/thumb/v7e-m/fpv4-sp/hard/crtend.o
LOAD /home/andrea/Ac6/SystemWorkbench/plugins/fr.ac6.mcu.externaltools.arm-none.linux64_1.17.0.201812190825/tools/compiler/bin/../lib/gcc/arm-none-eabi/7.3.1/thumb/v7e-m/fpv4-sp/hard/crtn.o
                0x000000002000a000                _estack = 0x2000a000
                0x0000000000000200                _Min_Heap_Size = 0x200
                0x0000000000000400                _Min_Stack_Size = 0x400

.isr_vector     0x0000000008000000      0x188
                0x0000000008000000                . = ALIGN (0x4)
 *(.isr_vector)
 .isr_vector    0x0000000008000000      0x188 startup/startup_stm32f303xc.o
                0x0000000008000000                g_pfnVectors
                0x0000000008000188                . = ALIGN (0x4)

.text           0x0000000008000188     0x44a0
                0x0000000008000188                . = ALIGN (0x4)
 *(.text)
 .text          0x0000000008000188       0x40 /home/andrea/Ac6/SystemWorkbench/plugins/fr.ac6.mcu.externaltools.arm-none.linux64_1.17.0.201812190825/tools/compiler/bin/../lib/gcc/arm-none-eabi/7.3.1/thumb/v7e-m/fpv4-sp/hard/crtbegin.o
 *(.text*)
 .text.HAL_InitTick
                0x00000000080001c8       0x48 Drivers/STM32F3xx_HAL_Driver/Src/stm32f3xx_hal.o
                0x00000000080001c8                HAL_InitTick
 .text.HAL_Init
                0x0000000008000210       0x24 Drivers/STM32F3xx_HAL_Driver/Src/stm32f3xx_hal.o
                0x0000000008000210                HAL_Init
 .text.HAL_IncTick
                0x0000000008000234       0x18 Drivers/STM32F3xx_HAL_Driver/Src/stm32f3xx_hal.o
                0x0000000008000234                HAL_IncTick
 .text.HAL_GetTick
                0x000000000800024c        0xc Drivers/STM32F3xx_HAL_Driver/Src/stm32f3xx_hal.o
                0x000000000800024c                HAL_GetTick
 .text.HAL_Delay
                0x0000000008000258       0x28 Drivers/STM32F3xx_HAL_Driver/Src/stm32f3xx_hal.o
                0x0000000008000258                HAL_Delay
 .text.HAL_CAN_Init
                0x0000000008000280      0x14c Drivers/STM32F3xx_HAL_Driver/Src/stm32f3xx_hal_can.o
                0x0000000008000280                HAL_CAN_Init
 .text.HAL_CAN_ConfigFilter
                0x00000000080003cc       0xfc Drivers/STM32F3xx_HAL_Driver/Src/stm32f3xx_hal_can.o
                0x00000000080003cc                HAL_CAN_ConfigFilter
 .text.HAL_CAN_Start
                0x00000000080004c8       0x5c Drivers/STM32F3xx_HAL_Driver/Src/stm32f3xx_hal_can.o
                0x00000000080004c8                HAL_CAN_Start
 .text.HAL_CAN_AddTxMessage
                0x0000000008000524       0xea Drivers/STM32F3xx_HAL_Driver/Src/stm32f3xx_hal_can.o
                0x0000000008000524                HAL_CAN_AddTxMessage
 .text.HAL_CAN_GetRxMessage
                0x000000000800060e      0x134 Drivers/STM32F3xx_HAL_Driver/Src/stm32f3xx_hal_can.o
                0x000000000800060e                HAL_CAN_GetRxMessage
 .text.HAL_CAN_ActivateNotification
                0x0000000008000742       0x24 Drivers/STM32F3xx_HAL_Driver/Src/stm32f3xx_hal_can.o
                0x0000000008000742                HAL_CAN_ActivateNotification
 .text.HAL_CAN_TxMailbox1CompleteCallback
                0x0000000008000766        0x2 Drivers/STM32F3xx_HAL_Driver/Src/stm32f3xx_hal_can.o
                0x0000000008000766                HAL_CAN_TxMailbox1CompleteCallback
 .text.HAL_CAN_TxMailbox2CompleteCallback
                0x0000000008000768        0x2 Drivers/STM32F3xx_HAL_Driver/Src/stm32f3xx_hal_can.o
                0x0000000008000768                HAL_CAN_TxMailbox2CompleteCallback
 .text.HAL_CAN_TxMailbox0AbortCallback
                0x000000000800076a        0x2 Drivers/STM32F3xx_HAL_Driver/Src/stm32f3xx_hal_can.o
                0x000000000800076a                HAL_CAN_TxMailbox0AbortCallback
 .text.HAL_CAN_TxMailbox1AbortCallback
                0x000000000800076c        0x2 Drivers/STM32F3xx_HAL_Driver/Src/stm32f3xx_hal_can.o
                0x000000000800076c                HAL_CAN_TxMailbox1AbortCallback
 .text.HAL_CAN_TxMailbox2AbortCallback
                0x000000000800076e        0x2 Drivers/STM32F3xx_HAL_Driver/Src/stm32f3xx_hal_can.o
                0x000000000800076e                HAL_CAN_TxMailbox2AbortCallback
 .text.HAL_CAN_RxFifo0FullCallback
                0x0000000008000770        0x2 Drivers/STM32F3xx_HAL_Driver/Src/stm32f3xx_hal_can.o
                0x0000000008000770                HAL_CAN_RxFifo0FullCallback
 .text.HAL_CAN_RxFifo1MsgPendingCallback
                0x0000000008000772        0x2 Drivers/STM32F3xx_HAL_Driver/Src/stm32f3xx_hal_can.o
                0x0000000008000772                HAL_CAN_RxFifo1MsgPendingCallback
 .text.HAL_CAN_RxFifo1FullCallback
                0x0000000008000774        0x2 Drivers/STM32F3xx_HAL_Driver/Src/stm32f3xx_hal_can.o
                0x0000000008000774                HAL_CAN_RxFifo1FullCallback
 .text.HAL_CAN_SleepCallback
                0x0000000008000776        0x2 Drivers/STM32F3xx_HAL_Driver/Src/stm32f3xx_hal_can.o
                0x0000000008000776                HAL_CAN_SleepCallback
 .text.HAL_CAN_WakeUpFromRxMsgCallback
                0x0000000008000778        0x2 Drivers/STM32F3xx_HAL_Driver/Src/stm32f3xx_hal_can.o
                0x0000000008000778                HAL_CAN_WakeUpFromRxMsgCallback
 .text.HAL_CAN_ErrorCallback
                0x000000000800077a        0x2 Drivers/STM32F3xx_HAL_Driver/Src/stm32f3xx_hal_can.o
                0x000000000800077a                HAL_CAN_ErrorCallback
 .text.HAL_CAN_IRQHandler
                0x000000000800077c      0x258 Drivers/STM32F3xx_HAL_Driver/Src/stm32f3xx_hal_can.o
                0x000000000800077c                HAL_CAN_IRQHandler
 .text.HAL_NVIC_SetPriorityGrouping
                0x00000000080009d4       0x24 Drivers/STM32F3xx_HAL_Driver/Src/stm32f3xx_hal_cortex.o
                0x00000000080009d4                HAL_NVIC_SetPriorityGrouping
 .text.HAL_NVIC_SetPriority
                0x00000000080009f8       0x68 Drivers/STM32F3xx_HAL_Driver/Src/stm32f3xx_hal_cortex.o
                0x00000000080009f8                HAL_NVIC_SetPriority
 .text.HAL_NVIC_EnableIRQ
                0x0000000008000a60       0x18 Drivers/STM32F3xx_HAL_Driver/Src/stm32f3xx_hal_cortex.o
                0x0000000008000a60                HAL_NVIC_EnableIRQ
 .text.HAL_SYSTICK_Config
                0x0000000008000a78       0x2c Drivers/STM32F3xx_HAL_Driver/Src/stm32f3xx_hal_cortex.o
                0x0000000008000a78                HAL_SYSTICK_Config
 .text.CRC_Handle_8
                0x0000000008000aa4       0x7e Drivers/STM32F3xx_HAL_Driver/Src/stm32f3xx_hal_crc.o
 .text.CRC_Handle_16
                0x0000000008000b22       0x4e Drivers/STM32F3xx_HAL_Driver/Src/stm32f3xx_hal_crc.o
 .text.HAL_CRC_Init
                0x0000000008000b70       0x80 Drivers/STM32F3xx_HAL_Driver/Src/stm32f3xx_hal_crc.o
                0x0000000008000b70                HAL_CRC_Init
 .text.HAL_CRC_Calculate
                0x0000000008000bf0       0x62 Drivers/STM32F3xx_HAL_Driver/Src/stm32f3xx_hal_crc.o
                0x0000000008000bf0                HAL_CRC_Calculate
 .text.HAL_CRCEx_Polynomial_Set
                0x0000000008000c52       0x54 Drivers/STM32F3xx_HAL_Driver/Src/stm32f3xx_hal_crc_ex.o
                0x0000000008000c52                HAL_CRCEx_Polynomial_Set
 .text.HAL_DMA_Abort_IT
                0x0000000008000ca6       0x4a Drivers/STM32F3xx_HAL_Driver/Src/stm32f3xx_hal_dma.o
                0x0000000008000ca6                HAL_DMA_Abort_IT
 .text.HAL_GPIO_Init
                0x0000000008000cf0      0x194 Drivers/STM32F3xx_HAL_Driver/Src/stm32f3xx_hal_gpio.o
                0x0000000008000cf0                HAL_GPIO_Init
 .text.HAL_GPIO_ReadPin
                0x0000000008000e84        0xe Drivers/STM32F3xx_HAL_Driver/Src/stm32f3xx_hal_gpio.o
                0x0000000008000e84                HAL_GPIO_ReadPin
 .text.HAL_GPIO_WritePin
                0x0000000008000e92        0xa Drivers/STM32F3xx_HAL_Driver/Src/stm32f3xx_hal_gpio.o
                0x0000000008000e92                HAL_GPIO_WritePin
 .text.HAL_GPIO_EXTI_IRQHandler
                0x0000000008000e9c       0x1c Drivers/STM32F3xx_HAL_Driver/Src/stm32f3xx_hal_gpio.o
                0x0000000008000e9c                HAL_GPIO_EXTI_IRQHandler
 .text.I2C_Flush_TXDR
                0x0000000008000eb8       0x22 Drivers/STM32F3xx_HAL_Driver/Src/stm32f3xx_hal_i2c.o
 .text.I2C_TransferConfig
                0x0000000008000eda       0x36 Drivers/STM32F3xx_HAL_Driver/Src/stm32f3xx_hal_i2c.o
 .text.I2C_Enable_IRQ
                0x0000000008000f10       0x84 Drivers/STM32F3xx_HAL_Driver/Src/stm32f3xx_hal_i2c.o
 .text.I2C_Disable_IRQ
                0x0000000008000f94       0x7e Drivers/STM32F3xx_HAL_Driver/Src/stm32f3xx_hal_i2c.o
 .text.HAL_I2C_Init
                0x0000000008001012       0xbc Drivers/STM32F3xx_HAL_Driver/Src/stm32f3xx_hal_i2c.o
                0x0000000008001012                HAL_I2C_Init
 *fill*         0x00000000080010ce        0x2 
 .text.HAL_I2C_Master_Transmit_IT
                0x00000000080010d0       0x98 Drivers/STM32F3xx_HAL_Driver/Src/stm32f3xx_hal_i2c.o
                0x00000000080010d0                HAL_I2C_Master_Transmit_IT
 .text.HAL_I2C_Slave_Receive_IT
                0x0000000008001168       0x64 Drivers/STM32F3xx_HAL_Driver/Src/stm32f3xx_hal_i2c.o
                0x0000000008001168                HAL_I2C_Slave_Receive_IT
 .text.HAL_I2C_EV_IRQHandler
                0x00000000080011cc       0x10 Drivers/STM32F3xx_HAL_Driver/Src/stm32f3xx_hal_i2c.o
                0x00000000080011cc                HAL_I2C_EV_IRQHandler
 .text.HAL_I2C_MasterTxCpltCallback
                0x00000000080011dc        0x2 Drivers/STM32F3xx_HAL_Driver/Src/stm32f3xx_hal_i2c.o
                0x00000000080011dc                HAL_I2C_MasterTxCpltCallback
 .text.HAL_I2C_MasterRxCpltCallback
                0x00000000080011de        0x2 Drivers/STM32F3xx_HAL_Driver/Src/stm32f3xx_hal_i2c.o
                0x00000000080011de                HAL_I2C_MasterRxCpltCallback
 .text.I2C_ITMasterSequentialCplt
                0x00000000080011e0       0x54 Drivers/STM32F3xx_HAL_Driver/Src/stm32f3xx_hal_i2c.o
 .text.I2C_ITSlaveSequentialCplt
                0x0000000008001234       0x5c Drivers/STM32F3xx_HAL_Driver/Src/stm32f3xx_hal_i2c.o
 .text.HAL_I2C_AddrCallback
                0x0000000008001290        0x2 Drivers/STM32F3xx_HAL_Driver/Src/stm32f3xx_hal_i2c.o
                0x0000000008001290                HAL_I2C_AddrCallback
 .text.I2C_ITAddrCplt
                0x0000000008001292       0x9c Drivers/STM32F3xx_HAL_Driver/Src/stm32f3xx_hal_i2c.o
 .text.HAL_I2C_ListenCpltCallback
                0x000000000800132e        0x2 Drivers/STM32F3xx_HAL_Driver/Src/stm32f3xx_hal_i2c.o
                0x000000000800132e                HAL_I2C_ListenCpltCallback
 .text.I2C_ITListenCplt
                0x0000000008001330       0x64 Drivers/STM32F3xx_HAL_Driver/Src/stm32f3xx_hal_i2c.o
 .text.HAL_I2C_MemTxCpltCallback
                0x0000000008001394        0x2 Drivers/STM32F3xx_HAL_Driver/Src/stm32f3xx_hal_i2c.o
                0x0000000008001394                HAL_I2C_MemTxCpltCallback
 .text.HAL_I2C_MemRxCpltCallback
                0x0000000008001396        0x2 Drivers/STM32F3xx_HAL_Driver/Src/stm32f3xx_hal_i2c.o
                0x0000000008001396                HAL_I2C_MemRxCpltCallback
 .text.HAL_I2C_AbortCpltCallback
                0x0000000008001398        0x2 Drivers/STM32F3xx_HAL_Driver/Src/stm32f3xx_hal_i2c.o
                0x0000000008001398                HAL_I2C_AbortCpltCallback
 *fill*         0x000000000800139a        0x2 
 .text.I2C_ITError
                0x000000000800139c      0x100 Drivers/STM32F3xx_HAL_Driver/Src/stm32f3xx_hal_i2c.o
 .text.I2C_ITSlaveCplt
                0x000000000800149c      0x124 Drivers/STM32F3xx_HAL_Driver/Src/stm32f3xx_hal_i2c.o
 .text.I2C_Slave_ISR_IT
                0x00000000080015c0      0x14a Drivers/STM32F3xx_HAL_Driver/Src/stm32f3xx_hal_i2c.o
 .text.I2C_Slave_ISR_DMA
                0x000000000800170a       0x90 Drivers/STM32F3xx_HAL_Driver/Src/stm32f3xx_hal_i2c.o
 .text.I2C_ITMasterCplt
                0x000000000800179a       0xe2 Drivers/STM32F3xx_HAL_Driver/Src/stm32f3xx_hal_i2c.o
 .text.I2C_Master_ISR_IT
                0x000000000800187c      0x174 Drivers/STM32F3xx_HAL_Driver/Src/stm32f3xx_hal_i2c.o
 .text.I2C_Master_ISR_DMA
                0x00000000080019f0       0xe2 Drivers/STM32F3xx_HAL_Driver/Src/stm32f3xx_hal_i2c.o
 .text.HAL_I2C_ER_IRQHandler
                0x0000000008001ad2       0x6c Drivers/STM32F3xx_HAL_Driver/Src/stm32f3xx_hal_i2c.o
                0x0000000008001ad2                HAL_I2C_ER_IRQHandler
 .text.I2C_DMAAbort
                0x0000000008001b3e       0x34 Drivers/STM32F3xx_HAL_Driver/Src/stm32f3xx_hal_i2c.o
 .text.HAL_I2C_GetState
                0x0000000008001b72        0x6 Drivers/STM32F3xx_HAL_Driver/Src/stm32f3xx_hal_i2c.o
                0x0000000008001b72                HAL_I2C_GetState
 .text.HAL_I2C_GetError
                0x0000000008001b78        0x4 Drivers/STM32F3xx_HAL_Driver/Src/stm32f3xx_hal_i2c.o
                0x0000000008001b78                HAL_I2C_GetError
 .text.HAL_I2CEx_ConfigAnalogFilter
                0x0000000008001b7c       0x5c Drivers/STM32F3xx_HAL_Driver/Src/stm32f3xx_hal_i2c_ex.o
                0x0000000008001b7c                HAL_I2CEx_ConfigAnalogFilter
 .text.HAL_I2CEx_ConfigDigitalFilter
                0x0000000008001bd8       0x58 Drivers/STM32F3xx_HAL_Driver/Src/stm32f3xx_hal_i2c_ex.o
                0x0000000008001bd8                HAL_I2CEx_ConfigDigitalFilter
 .text.HAL_RCC_OscConfig
                0x0000000008001c30      0x618 Drivers/STM32F3xx_HAL_Driver/Src/stm32f3xx_hal_rcc.o
                0x0000000008001c30                HAL_RCC_OscConfig
 .text.HAL_RCC_GetSysClockFreq
                0x0000000008002248       0x70 Drivers/STM32F3xx_HAL_Driver/Src/stm32f3xx_hal_rcc.o
                0x0000000008002248                HAL_RCC_GetSysClockFreq
 .text.HAL_RCC_ClockConfig
                0x00000000080022b8      0x1a0 Drivers/STM32F3xx_HAL_Driver/Src/stm32f3xx_hal_rcc.o
                0x00000000080022b8                HAL_RCC_ClockConfig
 .text.HAL_RCC_GetHCLKFreq
                0x0000000008002458        0xc Drivers/STM32F3xx_HAL_Driver/Src/stm32f3xx_hal_rcc.o
                0x0000000008002458                HAL_RCC_GetHCLKFreq
 .text.HAL_RCC_GetPCLK1Freq
                0x0000000008002464       0x2c Drivers/STM32F3xx_HAL_Driver/Src/stm32f3xx_hal_rcc.o
                0x0000000008002464                HAL_RCC_GetPCLK1Freq
 .text.HAL_RCC_GetPCLK2Freq
                0x0000000008002490       0x2c Drivers/STM32F3xx_HAL_Driver/Src/stm32f3xx_hal_rcc.o
                0x0000000008002490                HAL_RCC_GetPCLK2Freq
 .text.HAL_RCCEx_PeriphCLKConfig
                0x00000000080024bc      0x268 Drivers/STM32F3xx_HAL_Driver/Src/stm32f3xx_hal_rcc_ex.o
                0x00000000080024bc                HAL_RCCEx_PeriphCLKConfig
 .text.SPI_WaitFlagStateUntilTimeout
                0x0000000008002724       0x92 Drivers/STM32F3xx_HAL_Driver/Src/stm32f3xx_hal_spi.o
 .text.SPI_WaitFifoStateUntilTimeout
                0x00000000080027b6       0xa4 Drivers/STM32F3xx_HAL_Driver/Src/stm32f3xx_hal_spi.o
 .text.SPI_EndRxTxTransaction
                0x000000000800285a       0x66 Drivers/STM32F3xx_HAL_Driver/Src/stm32f3xx_hal_spi.o
 .text.SPI_EndRxTransaction
                0x00000000080028c0       0x88 Drivers/STM32F3xx_HAL_Driver/Src/stm32f3xx_hal_spi.o
 .text.HAL_SPI_Init
                0x0000000008002948       0xba Drivers/STM32F3xx_HAL_Driver/Src/stm32f3xx_hal_spi.o
                0x0000000008002948                HAL_SPI_Init
 *fill*         0x0000000008002a02        0x2 
 .text.HAL_SPI_Transmit_IT
                0x0000000008002a04       0xa8 Drivers/STM32F3xx_HAL_Driver/Src/stm32f3xx_hal_spi.o
                0x0000000008002a04                HAL_SPI_Transmit_IT
 .text.HAL_SPI_TransmitReceive_IT
                0x0000000008002aac       0xf8 Drivers/STM32F3xx_HAL_Driver/Src/stm32f3xx_hal_spi.o
                0x0000000008002aac                HAL_SPI_TransmitReceive_IT
 .text.HAL_SPI_Receive_IT
                0x0000000008002ba4       0xdc Drivers/STM32F3xx_HAL_Driver/Src/stm32f3xx_hal_spi.o
                0x0000000008002ba4                HAL_SPI_Receive_IT
 .text.HAL_SPI_TxRxCpltCallback
                0x0000000008002c80        0x2 Drivers/STM32F3xx_HAL_Driver/Src/stm32f3xx_hal_spi.o
                0x0000000008002c80                HAL_SPI_TxRxCpltCallback
 .text.SPI_CloseTx_ISR
                0x0000000008002c82       0x56 Drivers/STM32F3xx_HAL_Driver/Src/stm32f3xx_hal_spi.o
 .text.SPI_TxISR_8BIT
                0x0000000008002cd8       0x24 Drivers/STM32F3xx_HAL_Driver/Src/stm32f3xx_hal_spi.o
 .text.SPI_TxISR_16BIT
                0x0000000008002cfc       0x26 Drivers/STM32F3xx_HAL_Driver/Src/stm32f3xx_hal_spi.o
 .text.SPI_CloseRx_ISR
                0x0000000008002d22       0x40 Drivers/STM32F3xx_HAL_Driver/Src/stm32f3xx_hal_spi.o
 .text.SPI_RxISR_8BIT
                0x0000000008002d62       0x2a Drivers/STM32F3xx_HAL_Driver/Src/stm32f3xx_hal_spi.o
 .text.SPI_RxISR_16BIT
                0x0000000008002d8c       0x2c Drivers/STM32F3xx_HAL_Driver/Src/stm32f3xx_hal_spi.o
 .text.SPI_CloseRxTx_ISR
                0x0000000008002db8       0x5e Drivers/STM32F3xx_HAL_Driver/Src/stm32f3xx_hal_spi.o
 .text.SPI_2linesTxISR_8BIT
                0x0000000008002e16       0x56 Drivers/STM32F3xx_HAL_Driver/Src/stm32f3xx_hal_spi.o
 .text.SPI_2linesRxISR_8BIT
                0x0000000008002e6c       0x76 Drivers/STM32F3xx_HAL_Driver/Src/stm32f3xx_hal_spi.o
 .text.SPI_2linesTxISR_16BIT
                0x0000000008002ee2       0x38 Drivers/STM32F3xx_HAL_Driver/Src/stm32f3xx_hal_spi.o
 .text.SPI_2linesRxISR_16BIT
                0x0000000008002f1a       0x3c Drivers/STM32F3xx_HAL_Driver/Src/stm32f3xx_hal_spi.o
 *fill*         0x0000000008002f56        0x2 
 .text.HAL_SPI_IRQHandler
                0x0000000008002f58      0x108 Drivers/STM32F3xx_HAL_Driver/Src/stm32f3xx_hal_spi.o
                0x0000000008002f58                HAL_SPI_IRQHandler
 .text.SPI_DMAAbortOnError
                0x0000000008003060       0x12 Drivers/STM32F3xx_HAL_Driver/Src/stm32f3xx_hal_spi.o
 .text.UART_EndRxTransfer
                0x0000000008003072       0x1c Drivers/STM32F3xx_HAL_Driver/Src/stm32f3xx_hal_uart.o
 .text.HAL_UART_Transmit_IT
                0x000000000800308e       0x4c Drivers/STM32F3xx_HAL_Driver/Src/stm32f3xx_hal_uart.o
                0x000000000800308e                HAL_UART_Transmit_IT
 .text.HAL_UART_Receive_IT
                0x00000000080030da       0x92 Drivers/STM32F3xx_HAL_Driver/Src/stm32f3xx_hal_uart.o
                0x00000000080030da                HAL_UART_Receive_IT
 .text.UART_DMAAbortOnError
                0x000000000800316c       0x14 Drivers/STM32F3xx_HAL_Driver/Src/stm32f3xx_hal_uart.o
 .text.HAL_UART_GetState
                0x0000000008003180        0xc Drivers/STM32F3xx_HAL_Driver/Src/stm32f3xx_hal_uart.o
                0x0000000008003180                HAL_UART_GetState
 .text.UART_SetConfig
                0x000000000800318c      0x2a0 Drivers/STM32F3xx_HAL_Driver/Src/stm32f3xx_hal_uart.o
                0x000000000800318c                UART_SetConfig
 .text.UART_AdvFeatureConfig
                0x000000000800342c       0xca Drivers/STM32F3xx_HAL_Driver/Src/stm32f3xx_hal_uart.o
                0x000000000800342c                UART_AdvFeatureConfig
 .text.UART_WaitOnFlagUntilTimeout
                0x00000000080034f6       0x62 Drivers/STM32F3xx_HAL_Driver/Src/stm32f3xx_hal_uart.o
                0x00000000080034f6                UART_WaitOnFlagUntilTimeout
 .text.UART_CheckIdleState
                0x0000000008003558       0x70 Drivers/STM32F3xx_HAL_Driver/Src/stm32f3xx_hal_uart.o
                0x0000000008003558                UART_CheckIdleState
 .text.HAL_UART_Init
                0x00000000080035c8       0x66 Drivers/STM32F3xx_HAL_Driver/Src/stm32f3xx_hal_uart.o
                0x00000000080035c8                HAL_UART_Init
 .text.UART_Transmit_IT
                0x000000000800362e       0x6c Drivers/STM32F3xx_HAL_Driver/Src/stm32f3xx_hal_uart.o
                0x000000000800362e                UART_Transmit_IT
 .text.UART_EndTransmit_IT
                0x000000000800369a       0x1a Drivers/STM32F3xx_HAL_Driver/Src/stm32f3xx_hal_uart.o
                0x000000000800369a                UART_EndTransmit_IT
 .text.UART_Receive_IT
                0x00000000080036b4       0x80 Drivers/STM32F3xx_HAL_Driver/Src/stm32f3xx_hal_uart.o
                0x00000000080036b4                UART_Receive_IT
 .text.HAL_UART_IRQHandler
                0x0000000008003734      0x15c Drivers/STM32F3xx_HAL_Driver/Src/stm32f3xx_hal_uart.o
                0x0000000008003734                HAL_UART_IRQHandler
 .text.HAL_UARTEx_WakeupCallback
                0x0000000008003890        0x2 Drivers/STM32F3xx_HAL_Driver/Src/stm32f3xx_hal_uart_ex.o
                0x0000000008003890                HAL_UARTEx_WakeupCallback
 *fill*         0x0000000008003892        0x2 
 .text.MX_CAN_Init
                0x0000000008003894       0x94 Src/can.o
                0x0000000008003894                MX_CAN_Init
 .text.HAL_CAN_MspInit
                0x0000000008003928       0x8c Src/can.o
                0x0000000008003928                HAL_CAN_MspInit
 .text.MX_CRC_Init
                0x00000000080039b4       0x34 Src/crc.o
                0x00000000080039b4                MX_CRC_Init
 .text.HAL_CRC_MspInit
                0x00000000080039e8       0x2c Src/crc.o
                0x00000000080039e8                HAL_CRC_MspInit
 .text.MX_GPIO_Init
                0x0000000008003a14      0x11c Src/gpio.o
                0x0000000008003a14                MX_GPIO_Init
 .text.LedOff   0x0000000008003b30       0x24 Src/gpio.o
                0x0000000008003b30                LedOff
 .text.MX_I2C2_Init
                0x0000000008003b54       0x64 Src/i2c.o
                0x0000000008003b54                MX_I2C2_Init
 .text.HAL_I2C_MspInit
                0x0000000008003bb8       0x8c Src/i2c.o
                0x0000000008003bb8                HAL_I2C_MspInit
 .text.Frame32to8
                0x0000000008003c44       0x28 Src/main.o
                0x0000000008003c44                Frame32to8
 .text.Frame8to32
                0x0000000008003c6c       0x2c Src/main.o
                0x0000000008003c6c                Frame8to32
 .text.CRC_Check
                0x0000000008003c98       0x80 Src/main.o
                0x0000000008003c98                CRC_Check
 .text.Configure_Peripheral
                0x0000000008003d18       0x50 Src/main.o
                0x0000000008003d18                Configure_Peripheral
 .text.HAL_UART_TxCpltCallback
                0x0000000008003d68       0x1c Src/main.o
                0x0000000008003d68                HAL_UART_TxCpltCallback
 .text.HAL_UART_RxCpltCallback
                0x0000000008003d84       0x1c Src/main.o
                0x0000000008003d84                HAL_UART_RxCpltCallback
 .text.HAL_UART_ErrorCallback
                0x0000000008003da0       0x14 Src/main.o
                0x0000000008003da0                HAL_UART_ErrorCallback
 .text.HAL_I2C_SlaveTxCpltCallback
                0x0000000008003db4       0x14 Src/main.o
                0x0000000008003db4                HAL_I2C_SlaveTxCpltCallback
 .text.HAL_I2C_SlaveRxCpltCallback
                0x0000000008003dc8       0x14 Src/main.o
                0x0000000008003dc8                HAL_I2C_SlaveRxCpltCallback
 .text.HAL_I2C_ErrorCallback
                0x0000000008003ddc       0x1c Src/main.o
                0x0000000008003ddc                HAL_I2C_ErrorCallback
 .text.HAL_SPI_TxCpltCallback
                0x0000000008003df8       0x20 Src/main.o
                0x0000000008003df8                HAL_SPI_TxCpltCallback
 .text.HAL_SPI_RxCpltCallback
                0x0000000008003e18       0x20 Src/main.o
                0x0000000008003e18                HAL_SPI_RxCpltCallback
 .text.HAL_SPI_ErrorCallback
                0x0000000008003e38        0xc Src/main.o
                0x0000000008003e38                HAL_SPI_ErrorCallback
 .text.HAL_GPIO_EXTI_Callback
                0x0000000008003e44       0x14 Src/main.o
                0x0000000008003e44                HAL_GPIO_EXTI_Callback
 .text.HAL_CAN_TxMailbox0CompleteCallback
                0x0000000008003e58       0x10 Src/main.o
                0x0000000008003e58                HAL_CAN_TxMailbox0CompleteCallback
 .text.Error_Handler
                0x0000000008003e68       0x14 Src/main.o
                0x0000000008003e68                Error_Handler
 .text.SystemClock_Config
                0x0000000008003e7c       0x90 Src/main.o
                0x0000000008003e7c                SystemClock_Config
 .text.Send_CRC
                0x0000000008003f0c      0x14c Src/main.o
                0x0000000008003f0c                Send_CRC
 .text.Receive_CRC
                0x0000000008004058      0x148 Src/main.o
                0x0000000008004058                Receive_CRC
 .text.main     0x00000000080041a0       0x3c Src/main.o
                0x00000000080041a0                main
 .text.HAL_CAN_RxFifo0MsgPendingCallback
                0x00000000080041dc       0x78 Src/main.o
                0x00000000080041dc                HAL_CAN_RxFifo0MsgPendingCallback
 .text.MX_SPI2_Init
                0x0000000008004254       0x48 Src/spi.o
                0x0000000008004254                MX_SPI2_Init
 .text.HAL_SPI_MspInit
                0x000000000800429c       0xa8 Src/spi.o
                0x000000000800429c                HAL_SPI_MspInit
 .text.BSP_LED_On
                0x0000000008004344       0x20 Src/stm32f3_discovery.o
                0x0000000008004344                BSP_LED_On
 .text.HAL_MspInit
                0x0000000008004364       0x44 Src/stm32f3xx_hal_msp.o
                0x0000000008004364                HAL_MspInit
 .text.NMI_Handler
                0x00000000080043a8        0x2 Src/stm32f3xx_it.o
                0x00000000080043a8                NMI_Handler
 .text.HardFault_Handler
                0x00000000080043aa        0x2 Src/stm32f3xx_it.o
                0x00000000080043aa                HardFault_Handler
 .text.MemManage_Handler
                0x00000000080043ac        0x2 Src/stm32f3xx_it.o
                0x00000000080043ac                MemManage_Handler
 .text.BusFault_Handler
                0x00000000080043ae        0x2 Src/stm32f3xx_it.o
                0x00000000080043ae                BusFault_Handler
 .text.UsageFault_Handler
                0x00000000080043b0        0x2 Src/stm32f3xx_it.o
                0x00000000080043b0                UsageFault_Handler
 .text.SVC_Handler
                0x00000000080043b2        0x2 Src/stm32f3xx_it.o
                0x00000000080043b2                SVC_Handler
 .text.DebugMon_Handler
                0x00000000080043b4        0x2 Src/stm32f3xx_it.o
                0x00000000080043b4                DebugMon_Handler
 .text.PendSV_Handler
                0x00000000080043b6        0x2 Src/stm32f3xx_it.o
                0x00000000080043b6                PendSV_Handler
 .text.SysTick_Handler
                0x00000000080043b8        0x8 Src/stm32f3xx_it.o
                0x00000000080043b8                SysTick_Handler
 .text.RCC_IRQHandler
                0x00000000080043c0        0x2 Src/stm32f3xx_it.o
                0x00000000080043c0                RCC_IRQHandler
 .text.EXTI0_IRQHandler
                0x00000000080043c2        0xa Src/stm32f3xx_it.o
                0x00000000080043c2                EXTI0_IRQHandler
 .text.USB_HP_CAN_TX_IRQHandler
                0x00000000080043cc       0x10 Src/stm32f3xx_it.o
                0x00000000080043cc                USB_HP_CAN_TX_IRQHandler
 .text.USB_LP_CAN_RX0_IRQHandler
                0x00000000080043dc       0x10 Src/stm32f3xx_it.o
                0x00000000080043dc                USB_LP_CAN_RX0_IRQHandler
 .text.CAN_RX1_IRQHandler
                0x00000000080043ec       0x10 Src/stm32f3xx_it.o
                0x00000000080043ec                CAN_RX1_IRQHandler
 .text.CAN_SCE_IRQHandler
                0x00000000080043fc       0x10 Src/stm32f3xx_it.o
                0x00000000080043fc                CAN_SCE_IRQHandler
 .text.I2C2_EV_IRQHandler
                0x000000000800440c       0x10 Src/stm32f3xx_it.o
                0x000000000800440c                I2C2_EV_IRQHandler
 .text.I2C2_ER_IRQHandler
                0x000000000800441c       0x10 Src/stm32f3xx_it.o
                0x000000000800441c                I2C2_ER_IRQHandler
 .text.SPI2_IRQHandler
                0x000000000800442c       0x10 Src/stm32f3xx_it.o
                0x000000000800442c                SPI2_IRQHandler
 .text.USART2_IRQHandler
                0x000000000800443c       0x10 Src/stm32f3xx_it.o
                0x000000000800443c                USART2_IRQHandler
 .text.SystemInit
                0x000000000800444c       0x68 Src/system_stm32f3xx.o
                0x000000000800444c                SystemInit
 .text.MX_USART2_UART_Init
                0x00000000080044b4       0x38 Src/usart.o
                0x00000000080044b4                MX_USART2_UART_Init
 .text.HAL_UART_MspInit
                0x00000000080044ec       0x78 Src/usart.o
                0x00000000080044ec                HAL_UART_MspInit
 .text.Reset_Handler
                0x0000000008004564       0x50 startup/startup_stm32f303xc.o
                0x0000000008004564                Reset_Handler
 .text.Default_Handler
                0x00000000080045b4        0x2 startup/startup_stm32f303xc.o
                0x00000000080045b4                RTC_Alarm_IRQHandler
                0x00000000080045b4                TIM8_TRG_COM_IRQHandler
                0x00000000080045b4                TIM8_CC_IRQHandler
                0x00000000080045b4                TIM1_CC_IRQHandler
                0x00000000080045b4                USB_HP_IRQHandler
                0x00000000080045b4                PVD_IRQHandler
                0x00000000080045b4                TAMP_STAMP_IRQHandler
                0x00000000080045b4                EXTI3_IRQHandler
                0x00000000080045b4                FPU_IRQHandler
                0x00000000080045b4                TIM1_UP_TIM16_IRQHandler
                0x00000000080045b4                ADC1_2_IRQHandler
                0x00000000080045b4                SPI1_IRQHandler
                0x00000000080045b4                TIM6_DAC_IRQHandler
                0x00000000080045b4                TIM8_UP_IRQHandler
                0x00000000080045b4                DMA2_Channel2_IRQHandler
                0x00000000080045b4                DMA1_Channel4_IRQHandler
                0x00000000080045b4                USART3_IRQHandler
                0x00000000080045b4                DMA1_Channel7_IRQHandler
                0x00000000080045b4                UART5_IRQHandler
                0x00000000080045b4                ADC3_IRQHandler
                0x00000000080045b4                TIM4_IRQHandler
                0x00000000080045b4                DMA2_Channel1_IRQHandler
                0x00000000080045b4                I2C1_EV_IRQHandler
                0x00000000080045b4                DMA1_Channel6_IRQHandler
                0x00000000080045b4                UART4_IRQHandler
                0x00000000080045b4                DMA2_Channel4_IRQHandler
                0x00000000080045b4                TIM3_IRQHandler
                0x00000000080045b4                DMA1_Channel1_IRQHandler
                0x00000000080045b4                Default_Handler
                0x00000000080045b4                USBWakeUp_RMP_IRQHandler
                0x00000000080045b4                EXTI15_10_IRQHandler
                0x00000000080045b4                TIM7_IRQHandler
                0x00000000080045b4                EXTI9_5_IRQHandler
                0x00000000080045b4                RTC_WKUP_IRQHandler
                0x00000000080045b4                DMA2_Channel5_IRQHandler
                0x00000000080045b4                DMA1_Channel5_IRQHandler
                0x00000000080045b4                USB_LP_IRQHandler
                0x00000000080045b4                EXTI4_IRQHandler
                0x00000000080045b4                TIM1_TRG_COM_TIM17_IRQHandler
                0x00000000080045b4                DMA1_Channel3_IRQHandler
                0x00000000080045b4                ADC4_IRQHandler
                0x00000000080045b4                WWDG_IRQHandler
                0x00000000080045b4                TIM2_IRQHandler
                0x00000000080045b4                COMP7_IRQHandler
                0x00000000080045b4                COMP1_2_3_IRQHandler
                0x00000000080045b4                EXTI1_IRQHandler
                0x00000000080045b4                COMP4_5_6_IRQHandler
                0x00000000080045b4                DMA1_Channel2_IRQHandler
                0x00000000080045b4                TIM8_BRK_IRQHandler
                0x00000000080045b4                FLASH_IRQHandler
                0x00000000080045b4                USART1_IRQHandler
                0x00000000080045b4                SPI3_IRQHandler
                0x00000000080045b4                I2C1_ER_IRQHandler
                0x00000000080045b4                USBWakeUp_IRQHandler
                0x00000000080045b4                DMA2_Channel3_IRQHandler
                0x00000000080045b4                EXTI2_TSC_IRQHandler
                0x00000000080045b4                TIM1_BRK_TIM15_IRQHandler
 *fill*         0x00000000080045b6        0x2 
 .text.__libc_init_array
                0x00000000080045b8       0x48 /home/andrea/Ac6/SystemWorkbench/plugins/fr.ac6.mcu.externaltools.arm-none.linux64_1.17.0.201812190825/tools/compiler/bin/../lib/gcc/arm-none-eabi/7.3.1/../../../../arm-none-eabi/lib/thumb/v7e-m/fpv4-sp/hard/libc_nano.a(lib_a-init.o)
                0x00000000080045b8                __libc_init_array
 .text.memset   0x0000000008004600       0x10 /home/andrea/Ac6/SystemWorkbench/plugins/fr.ac6.mcu.externaltools.arm-none.linux64_1.17.0.201812190825/tools/compiler/bin/../lib/gcc/arm-none-eabi/7.3.1/../../../../arm-none-eabi/lib/thumb/v7e-m/fpv4-sp/hard/libc_nano.a(lib_a-memset.o)
                0x0000000008004600                memset
 *(.glue_7)
 .glue_7        0x0000000008004610        0x0 linker stubs
 *(.glue_7t)
 .glue_7t       0x0000000008004610        0x0 linker stubs
 *(.eh_frame)
 .eh_frame      0x0000000008004610        0x0 /home/andrea/Ac6/SystemWorkbench/plugins/fr.ac6.mcu.externaltools.arm-none.linux64_1.17.0.201812190825/tools/compiler/bin/../lib/gcc/arm-none-eabi/7.3.1/thumb/v7e-m/fpv4-sp/hard/crtbegin.o
 *(.init)
 .init          0x0000000008004610        0x4 /home/andrea/Ac6/SystemWorkbench/plugins/fr.ac6.mcu.externaltools.arm-none.linux64_1.17.0.201812190825/tools/compiler/bin/../lib/gcc/arm-none-eabi/7.3.1/thumb/v7e-m/fpv4-sp/hard/crti.o
                0x0000000008004610                _init
 .init          0x0000000008004614        0x8 /home/andrea/Ac6/SystemWorkbench/plugins/fr.ac6.mcu.externaltools.arm-none.linux64_1.17.0.201812190825/tools/compiler/bin/../lib/gcc/arm-none-eabi/7.3.1/thumb/v7e-m/fpv4-sp/hard/crtn.o
 *(.fini)
 .fini          0x000000000800461c        0x4 /home/andrea/Ac6/SystemWorkbench/plugins/fr.ac6.mcu.externaltools.arm-none.linux64_1.17.0.201812190825/tools/compiler/bin/../lib/gcc/arm-none-eabi/7.3.1/thumb/v7e-m/fpv4-sp/hard/crti.o
                0x000000000800461c                _fini
 .fini          0x0000000008004620        0x8 /home/andrea/Ac6/SystemWorkbench/plugins/fr.ac6.mcu.externaltools.arm-none.linux64_1.17.0.201812190825/tools/compiler/bin/../lib/gcc/arm-none-eabi/7.3.1/thumb/v7e-m/fpv4-sp/hard/crtn.o
                0x0000000008004628                . = ALIGN (0x4)
                0x0000000008004628                _etext = .

.vfp11_veneer   0x0000000008004628        0x0
 .vfp11_veneer  0x0000000008004628        0x0 linker stubs

.v4_bx          0x0000000008004628        0x0
 .v4_bx         0x0000000008004628        0x0 linker stubs

.iplt           0x0000000008004628        0x0
 .iplt          0x0000000008004628        0x0 /home/andrea/Ac6/SystemWorkbench/plugins/fr.ac6.mcu.externaltools.arm-none.linux64_1.17.0.201812190825/tools/compiler/bin/../lib/gcc/arm-none-eabi/7.3.1/thumb/v7e-m/fpv4-sp/hard/crtbegin.o

.rodata         0x0000000008004628       0x50
                0x0000000008004628                . = ALIGN (0x4)
 *(.rodata)
 .rodata        0x0000000008004628       0x20 Drivers/STM32F3xx_HAL_Driver/Src/stm32f3xx_hal_rcc.o
                0x0000000008004628                aPLLMULFactorTable
                0x0000000008004638                aPredivFactorTable
 .rodata        0x0000000008004648       0x16 Src/stm32f3_discovery.o
                0x0000000008004648                LED_PIN
                0x0000000008004658                BUTTON_IRQn
                0x000000000800465c                BUTTON_PIN
 *fill*         0x000000000800465e        0x2 
 .rodata        0x0000000008004660       0x18 Src/system_stm32f3xx.o
                0x0000000008004660                AHBPrescTable
                0x0000000008004670                APBPrescTable
 *(.rodata*)
                0x0000000008004678                . = ALIGN (0x4)

.rel.dyn        0x0000000008004678        0x0
 .rel.iplt      0x0000000008004678        0x0 /home/andrea/Ac6/SystemWorkbench/plugins/fr.ac6.mcu.externaltools.arm-none.linux64_1.17.0.201812190825/tools/compiler/bin/../lib/gcc/arm-none-eabi/7.3.1/thumb/v7e-m/fpv4-sp/hard/crtbegin.o

.ARM.extab
 *(.ARM.extab* .gnu.linkonce.armextab.*)

.ARM            0x0000000008004678        0x0
                0x0000000008004678                __exidx_start = .
 *(.ARM.exidx*)
                0x0000000008004678                __exidx_end = .

.preinit_array  0x0000000008004678        0x0
                0x0000000008004678                PROVIDE (__preinit_array_start = .)
 *(.preinit_array*)
                0x0000000008004678                PROVIDE (__preinit_array_end = .)

.init_array     0x0000000008004678        0x4
                0x0000000008004678                PROVIDE (__init_array_start = .)
 *(SORT_BY_NAME(.init_array.*))
 *(.init_array*)
 .init_array    0x0000000008004678        0x4 /home/andrea/Ac6/SystemWorkbench/plugins/fr.ac6.mcu.externaltools.arm-none.linux64_1.17.0.201812190825/tools/compiler/bin/../lib/gcc/arm-none-eabi/7.3.1/thumb/v7e-m/fpv4-sp/hard/crtbegin.o
                0x000000000800467c                PROVIDE (__init_array_end = .)

.fini_array     0x000000000800467c        0x4
                [!provide]                        PROVIDE (__fini_array_start = .)
 *(SORT_BY_NAME(.fini_array.*))
 *(.fini_array*)
 .fini_array    0x000000000800467c        0x4 /home/andrea/Ac6/SystemWorkbench/plugins/fr.ac6.mcu.externaltools.arm-none.linux64_1.17.0.201812190825/tools/compiler/bin/../lib/gcc/arm-none-eabi/7.3.1/thumb/v7e-m/fpv4-sp/hard/crtbegin.o
                [!provide]                        PROVIDE (__fini_array_end = .)
                0x0000000008004680                _sidata = LOADADDR (.data)

.data           0x0000000020000000       0x48 load address 0x0000000008004680
                0x0000000020000000                . = ALIGN (0x4)
                0x0000000020000000                _sdata = .
 *(.data)
 .data          0x0000000020000000        0x8 Drivers/STM32F3xx_HAL_Driver/Src/stm32f3xx_hal.o
                0x0000000020000000                uwTickFreq
                0x0000000020000004                uwTickPrio
 .data          0x0000000020000008       0x10 Src/main.o
 .data          0x0000000020000018       0x2c Src/stm32f3_discovery.o
                0x0000000020000018                SpixTimeout
                0x000000002000001c                I2cxTimeout
                0x0000000020000020                LED_PORT
                0x0000000020000040                BUTTON_PORT
 .data          0x0000000020000044        0x4 Src/system_stm32f3xx.o
                0x0000000020000044                SystemCoreClock
 *(.data*)
                0x0000000020000048                . = ALIGN (0x4)
                0x0000000020000048                _edata = .
                0x00000000080046c8                _siccmram = LOADADDR (.ccmram)

.igot.plt       0x0000000020000048        0x0 load address 0x00000000080046c8
 .igot.plt      0x0000000020000048        0x0 /home/andrea/Ac6/SystemWorkbench/plugins/fr.ac6.mcu.externaltools.arm-none.linux64_1.17.0.201812190825/tools/compiler/bin/../lib/gcc/arm-none-eabi/7.3.1/thumb/v7e-m/fpv4-sp/hard/crtbegin.o

.ccmram         0x0000000010000000        0x0 load address 0x00000000080046c8
                0x0000000010000000                . = ALIGN (0x4)
                0x0000000010000000                _sccmram = .
 *(.ccmram)
 *(.ccmram*)
                0x0000000010000000                . = ALIGN (0x4)
                0x0000000010000000                _eccmram = .
                0x0000000010000000                . = ALIGN (0x4)

.bss            0x0000000020000048      0x284
                0x0000000020000048                _sbss = .
                0x0000000020000048                __bss_start__ = _sbss
 *(.bss)
 .bss           0x0000000020000048       0x1c /home/andrea/Ac6/SystemWorkbench/plugins/fr.ac6.mcu.externaltools.arm-none.linux64_1.17.0.201812190825/tools/compiler/bin/../lib/gcc/arm-none-eabi/7.3.1/thumb/v7e-m/fpv4-sp/hard/crtbegin.o
 .bss           0x0000000020000064       0x15 Src/main.o
                0x0000000020000064                UartReady
                0x0000000020000068                wTransferState
                0x000000002000006c                UserButtonStatus
                0x0000000020000070                tx_callback_count
                0x0000000020000074                rx_callback_count
                0x0000000020000078                CanReady
 *(.bss*)
 *(COMMON)
 *fill*         0x0000000020000079        0x3 
 COMMON         0x000000002000007c        0x4 Drivers/STM32F3xx_HAL_Driver/Src/stm32f3xx_hal.o
                0x000000002000007c                uwTick
 COMMON         0x0000000020000080       0x50 Src/can.o
                0x0000000020000080                sFilterConfig
                0x00000000200000a8                CanHandle
 COMMON         0x00000000200000d0       0x24 Src/crc.o
                0x00000000200000d0                hcrc
 COMMON         0x00000000200000f4       0x4c Src/i2c.o
                0x00000000200000f4                hi2c2
 COMMON         0x0000000020000140       0xb8 Src/main.o
                0x0000000020000140                SPI_RxBuffer
                0x0000000020000150                I2C_RxBuffer
                0x0000000020000160                CanRx_Frame
                0x0000000020000168                CAN_RxBuffer
                0x0000000020000178                CanTx_Frame
                0x0000000020000180                CanTxData
                0x0000000020000190                TxMailbox
                0x0000000020000194                CanRxData
                0x00000000200001a4                UART_RxBuffer
                0x00000000200001b4                TxHeader
                0x00000000200001cc                RxHeader
                0x00000000200001e8                aTxBuffer
 COMMON         0x00000000200001f8       0x64 Src/spi.o
                0x00000000200001f8                hspi2
 COMMON         0x000000002000025c       0x70 Src/usart.o
                0x000000002000025c                huart2
                0x00000000200002cc                . = ALIGN (0x4)
                0x00000000200002cc                _ebss = .
                0x00000000200002cc                __bss_end__ = _ebss

._user_heap_stack
                0x00000000200002cc      0x604
                0x00000000200002d0                . = ALIGN (0x8)
 *fill*         0x00000000200002cc        0x4 
                0x00000000200002d0                PROVIDE (end = .)
                [!provide]                        PROVIDE (_end = .)
                0x00000000200004d0                . = (. + _Min_Heap_Size)
 *fill*         0x00000000200002d0      0x200 
                0x00000000200008d0                . = (. + _Min_Stack_Size)
 *fill*         0x00000000200004d0      0x400 
                0x00000000200008d0                . = ALIGN (0x8)

/DISCARD/
 libc.a(*)
 libm.a(*)
 libgcc.a(*)

.ARM.attributes
                0x0000000000000000       0x30
 *(.ARM.attributes)
 .ARM.attributes
                0x0000000000000000       0x22 /home/andrea/Ac6/SystemWorkbench/plugins/fr.ac6.mcu.externaltools.arm-none.linux64_1.17.0.201812190825/tools/compiler/bin/../lib/gcc/arm-none-eabi/7.3.1/thumb/v7e-m/fpv4-sp/hard/crti.o
 .ARM.attributes
                0x0000000000000022       0x34 /home/andrea/Ac6/SystemWorkbench/plugins/fr.ac6.mcu.externaltools.arm-none.linux64_1.17.0.201812190825/tools/compiler/bin/../lib/gcc/arm-none-eabi/7.3.1/thumb/v7e-m/fpv4-sp/hard/crtbegin.o
 .ARM.attributes
                0x0000000000000056       0x39 Drivers/STM32F3xx_HAL_Driver/Src/stm32f3xx_hal.o
 .ARM.attributes
                0x000000000000008f       0x39 Drivers/STM32F3xx_HAL_Driver/Src/stm32f3xx_hal_can.o
 .ARM.attributes
                0x00000000000000c8       0x39 Drivers/STM32F3xx_HAL_Driver/Src/stm32f3xx_hal_cortex.o
 .ARM.attributes
                0x0000000000000101       0x39 Drivers/STM32F3xx_HAL_Driver/Src/stm32f3xx_hal_crc.o
 .ARM.attributes
                0x000000000000013a       0x39 Drivers/STM32F3xx_HAL_Driver/Src/stm32f3xx_hal_crc_ex.o
 .ARM.attributes
                0x0000000000000173       0x39 Drivers/STM32F3xx_HAL_Driver/Src/stm32f3xx_hal_dma.o
 .ARM.attributes
                0x00000000000001ac       0x39 Drivers/STM32F3xx_HAL_Driver/Src/stm32f3xx_hal_gpio.o
 .ARM.attributes
                0x00000000000001e5       0x39 Drivers/STM32F3xx_HAL_Driver/Src/stm32f3xx_hal_i2c.o
 .ARM.attributes
                0x000000000000021e       0x39 Drivers/STM32F3xx_HAL_Driver/Src/stm32f3xx_hal_i2c_ex.o
 .ARM.attributes
                0x0000000000000257       0x39 Drivers/STM32F3xx_HAL_Driver/Src/stm32f3xx_hal_rcc.o
 .ARM.attributes
                0x0000000000000290       0x39 Drivers/STM32F3xx_HAL_Driver/Src/stm32f3xx_hal_rcc_ex.o
 .ARM.attributes
                0x00000000000002c9       0x39 Drivers/STM32F3xx_HAL_Driver/Src/stm32f3xx_hal_spi.o
 .ARM.attributes
                0x0000000000000302       0x39 Drivers/STM32F3xx_HAL_Driver/Src/stm32f3xx_hal_uart.o
 .ARM.attributes
                0x000000000000033b       0x39 Drivers/STM32F3xx_HAL_Driver/Src/stm32f3xx_hal_uart_ex.o
 .ARM.attributes
                0x0000000000000374       0x39 Src/can.o
 .ARM.attributes
                0x00000000000003ad       0x39 Src/crc.o
 .ARM.attributes
                0x00000000000003e6       0x39 Src/gpio.o
 .ARM.attributes
                0x000000000000041f       0x39 Src/i2c.o
 .ARM.attributes
                0x0000000000000458       0x39 Src/main.o
 .ARM.attributes
                0x0000000000000491       0x39 Src/spi.o
 .ARM.attributes
                0x00000000000004ca       0x39 Src/stm32f3_discovery.o
 .ARM.attributes
                0x0000000000000503       0x39 Src/stm32f3xx_hal_msp.o
 .ARM.attributes
                0x000000000000053c       0x39 Src/stm32f3xx_it.o
 .ARM.attributes
                0x0000000000000575       0x39 Src/system_stm32f3xx.o
 .ARM.attributes
                0x00000000000005ae       0x39 Src/usart.o
 .ARM.attributes
                0x00000000000005e7       0x21 startup/startup_stm32f303xc.o
 .ARM.attributes
                0x0000000000000608       0x34 /home/andrea/Ac6/SystemWorkbench/plugins/fr.ac6.mcu.externaltools.arm-none.linux64_1.17.0.201812190825/tools/compiler/bin/../lib/gcc/arm-none-eabi/7.3.1/../../../../arm-none-eabi/lib/thumb/v7e-m/fpv4-sp/hard/libc_nano.a(lib_a-init.o)
 .ARM.attributes
                0x000000000000063c       0x34 /home/andrea/Ac6/SystemWorkbench/plugins/fr.ac6.mcu.externaltools.arm-none.linux64_1.17.0.201812190825/tools/compiler/bin/../lib/gcc/arm-none-eabi/7.3.1/../../../../arm-none-eabi/lib/thumb/v7e-m/fpv4-sp/hard/libc_nano.a(lib_a-memset.o)
 .ARM.attributes
                0x0000000000000670       0x22 /home/andrea/Ac6/SystemWorkbench/plugins/fr.ac6.mcu.externaltools.arm-none.linux64_1.17.0.201812190825/tools/compiler/bin/../lib/gcc/arm-none-eabi/7.3.1/thumb/v7e-m/fpv4-sp/hard/crtn.o
OUTPUT(CRC_MultiSerial.elf elf32-littlearm)

.debug_info     0x0000000000000000    0x23c3c
 .debug_info    0x0000000000000000     0x10a0 Drivers/STM32F3xx_HAL_Driver/Src/stm32f3xx_hal.o
 .debug_info    0x00000000000010a0     0x1965 Drivers/STM32F3xx_HAL_Driver/Src/stm32f3xx_hal_can.o
 .debug_info    0x0000000000002a05     0x1714 Drivers/STM32F3xx_HAL_Driver/Src/stm32f3xx_hal_cortex.o
 .debug_info    0x0000000000004119      0xe53 Drivers/STM32F3xx_HAL_Driver/Src/stm32f3xx_hal_crc.o
 .debug_info    0x0000000000004f6c      0xc45 Drivers/STM32F3xx_HAL_Driver/Src/stm32f3xx_hal_crc_ex.o
 .debug_info    0x0000000000005bb1     0x10a1 Drivers/STM32F3xx_HAL_Driver/Src/stm32f3xx_hal_dma.o
 .debug_info    0x0000000000006c52      0xf42 Drivers/STM32F3xx_HAL_Driver/Src/stm32f3xx_hal_gpio.o
 .debug_info    0x0000000000007b94     0x3a25 Drivers/STM32F3xx_HAL_Driver/Src/stm32f3xx_hal_i2c.o
 .debug_info    0x000000000000b5b9     0x1107 Drivers/STM32F3xx_HAL_Driver/Src/stm32f3xx_hal_i2c_ex.o
 .debug_info    0x000000000000c6c0     0x1c80 Drivers/STM32F3xx_HAL_Driver/Src/stm32f3xx_hal_rcc.o
 .debug_info    0x000000000000e340      0xfd5 Drivers/STM32F3xx_HAL_Driver/Src/stm32f3xx_hal_rcc_ex.o
 .debug_info    0x000000000000f315     0x25f7 Drivers/STM32F3xx_HAL_Driver/Src/stm32f3xx_hal_spi.o
 .debug_info    0x000000000001190c     0x2235 Drivers/STM32F3xx_HAL_Driver/Src/stm32f3xx_hal_uart.o
 .debug_info    0x0000000000013b41     0x1198 Drivers/STM32F3xx_HAL_Driver/Src/stm32f3xx_hal_uart_ex.o
 .debug_info    0x0000000000014cd9     0x148f Src/can.o
 .debug_info    0x0000000000016168      0xd17 Src/crc.o
 .debug_info    0x0000000000016e7f      0xf94 Src/gpio.o
 .debug_info    0x0000000000017e13     0x1492 Src/i2c.o
 .debug_info    0x00000000000192a5     0x2c59 Src/main.o
 .debug_info    0x000000000001befe     0x13f6 Src/spi.o
 .debug_info    0x000000000001d2f4     0x21d6 Src/stm32f3_discovery.o
 .debug_info    0x000000000001f4ca      0xcb6 Src/stm32f3xx_hal_msp.o
 .debug_info    0x0000000000020180     0x1a01 Src/stm32f3xx_it.o
 .debug_info    0x0000000000021b81      0xc82 Src/system_stm32f3xx.o
 .debug_info    0x0000000000022803     0x1417 Src/usart.o
 .debug_info    0x0000000000023c1a       0x22 startup/startup_stm32f303xc.o

.debug_abbrev   0x0000000000000000     0x4485
 .debug_abbrev  0x0000000000000000      0x2e1 Drivers/STM32F3xx_HAL_Driver/Src/stm32f3xx_hal.o
 .debug_abbrev  0x00000000000002e1      0x33d Drivers/STM32F3xx_HAL_Driver/Src/stm32f3xx_hal_can.o
 .debug_abbrev  0x000000000000061e      0x3ba Drivers/STM32F3xx_HAL_Driver/Src/stm32f3xx_hal_cortex.o
 .debug_abbrev  0x00000000000009d8      0x2c8 Drivers/STM32F3xx_HAL_Driver/Src/stm32f3xx_hal_crc.o
 .debug_abbrev  0x0000000000000ca0      0x225 Drivers/STM32F3xx_HAL_Driver/Src/stm32f3xx_hal_crc_ex.o
 .debug_abbrev  0x0000000000000ec5      0x2d6 Drivers/STM32F3xx_HAL_Driver/Src/stm32f3xx_hal_dma.o
 .debug_abbrev  0x000000000000119b      0x2a7 Drivers/STM32F3xx_HAL_Driver/Src/stm32f3xx_hal_gpio.o
 .debug_abbrev  0x0000000000001442      0x2df Drivers/STM32F3xx_HAL_Driver/Src/stm32f3xx_hal_i2c.o
 .debug_abbrev  0x0000000000001721      0x257 Drivers/STM32F3xx_HAL_Driver/Src/stm32f3xx_hal_i2c_ex.o
 .debug_abbrev  0x0000000000001978      0x365 Drivers/STM32F3xx_HAL_Driver/Src/stm32f3xx_hal_rcc.o
 .debug_abbrev  0x0000000000001cdd      0x336 Drivers/STM32F3xx_HAL_Driver/Src/stm32f3xx_hal_rcc_ex.o
 .debug_abbrev  0x0000000000002013      0x2e1 Drivers/STM32F3xx_HAL_Driver/Src/stm32f3xx_hal_spi.o
 .debug_abbrev  0x00000000000022f4      0x2eb Drivers/STM32F3xx_HAL_Driver/Src/stm32f3xx_hal_uart.o
 .debug_abbrev  0x00000000000025df      0x2a8 Drivers/STM32F3xx_HAL_Driver/Src/stm32f3xx_hal_uart_ex.o
 .debug_abbrev  0x0000000000002887      0x299 Src/can.o
 .debug_abbrev  0x0000000000002b20      0x265 Src/crc.o
 .debug_abbrev  0x0000000000002d85      0x24c Src/gpio.o
 .debug_abbrev  0x0000000000002fd1      0x26c Src/i2c.o
 .debug_abbrev  0x000000000000323d      0x391 Src/main.o
 .debug_abbrev  0x00000000000035ce      0x26c Src/spi.o
 .debug_abbrev  0x000000000000383a      0x31d Src/stm32f3_discovery.o
 .debug_abbrev  0x0000000000003b57      0x234 Src/stm32f3xx_hal_msp.o
 .debug_abbrev  0x0000000000003d8b      0x25d Src/stm32f3xx_it.o
 .debug_abbrev  0x0000000000003fe8      0x21f Src/system_stm32f3xx.o
 .debug_abbrev  0x0000000000004207      0x26c Src/usart.o
 .debug_abbrev  0x0000000000004473       0x12 startup/startup_stm32f303xc.o

.debug_loc      0x0000000000000000     0xb7c5
 .debug_loc     0x0000000000000000       0xfd Drivers/STM32F3xx_HAL_Driver/Src/stm32f3xx_hal.o
 .debug_loc     0x00000000000000fd      0xc41 Drivers/STM32F3xx_HAL_Driver/Src/stm32f3xx_hal_can.o
 .debug_loc     0x0000000000000d3e      0x5ce Drivers/STM32F3xx_HAL_Driver/Src/stm32f3xx_hal_cortex.o
 .debug_loc     0x000000000000130c      0x557 Drivers/STM32F3xx_HAL_Driver/Src/stm32f3xx_hal_crc.o
 .debug_loc     0x0000000000001863      0x19f Drivers/STM32F3xx_HAL_Driver/Src/stm32f3xx_hal_crc_ex.o
 .debug_loc     0x0000000000001a02      0x7aa Drivers/STM32F3xx_HAL_Driver/Src/stm32f3xx_hal_dma.o
 .debug_loc     0x00000000000021ac      0x361 Drivers/STM32F3xx_HAL_Driver/Src/stm32f3xx_hal_gpio.o
 .debug_loc     0x000000000000250d     0x3c4a Drivers/STM32F3xx_HAL_Driver/Src/stm32f3xx_hal_i2c.o
 .debug_loc     0x0000000000006157      0x21c Drivers/STM32F3xx_HAL_Driver/Src/stm32f3xx_hal_i2c_ex.o
 .debug_loc     0x0000000000006373      0x946 Drivers/STM32F3xx_HAL_Driver/Src/stm32f3xx_hal_rcc.o
 .debug_loc     0x0000000000006cb9      0x82d Drivers/STM32F3xx_HAL_Driver/Src/stm32f3xx_hal_rcc_ex.o
 .debug_loc     0x00000000000074e6     0x1ba1 Drivers/STM32F3xx_HAL_Driver/Src/stm32f3xx_hal_spi.o
 .debug_loc     0x0000000000009087     0x1776 Drivers/STM32F3xx_HAL_Driver/Src/stm32f3xx_hal_uart.o
 .debug_loc     0x000000000000a7fd      0x2d6 Drivers/STM32F3xx_HAL_Driver/Src/stm32f3xx_hal_uart_ex.o
 .debug_loc     0x000000000000aad3       0x84 Src/can.o
 .debug_loc     0x000000000000ab57       0x51 Src/crc.o
 .debug_loc     0x000000000000aba8       0xb6 Src/i2c.o
 .debug_loc     0x000000000000ac5e      0x4e2 Src/main.o
 .debug_loc     0x000000000000b140       0x74 Src/spi.o
 .debug_loc     0x000000000000b1b4      0x46e Src/stm32f3_discovery.o
 .debug_loc     0x000000000000b622       0xff Src/system_stm32f3xx.o
 .debug_loc     0x000000000000b721       0xa4 Src/usart.o

.debug_aranges  0x0000000000000000      0xf78
 .debug_aranges
                0x0000000000000000       0xe0 Drivers/STM32F3xx_HAL_Driver/Src/stm32f3xx_hal.o
 .debug_aranges
                0x00000000000000e0      0x138 Drivers/STM32F3xx_HAL_Driver/Src/stm32f3xx_hal_can.o
 .debug_aranges
                0x0000000000000218       0xa8 Drivers/STM32F3xx_HAL_Driver/Src/stm32f3xx_hal_cortex.o
 .debug_aranges
                0x00000000000002c0       0x60 Drivers/STM32F3xx_HAL_Driver/Src/stm32f3xx_hal_crc.o
 .debug_aranges
                0x0000000000000320       0x30 Drivers/STM32F3xx_HAL_Driver/Src/stm32f3xx_hal_crc_ex.o
 .debug_aranges
                0x0000000000000350       0x88 Drivers/STM32F3xx_HAL_Driver/Src/stm32f3xx_hal_dma.o
 .debug_aranges
                0x00000000000003d8       0x58 Drivers/STM32F3xx_HAL_Driver/Src/stm32f3xx_hal_gpio.o
 .debug_aranges
                0x0000000000000430      0x260 Drivers/STM32F3xx_HAL_Driver/Src/stm32f3xx_hal_i2c.o
 .debug_aranges
                0x0000000000000690       0x48 Drivers/STM32F3xx_HAL_Driver/Src/stm32f3xx_hal_i2c_ex.o
 .debug_aranges
                0x00000000000006d8       0x88 Drivers/STM32F3xx_HAL_Driver/Src/stm32f3xx_hal_rcc.o
 .debug_aranges
                0x0000000000000760       0x38 Drivers/STM32F3xx_HAL_Driver/Src/stm32f3xx_hal_rcc_ex.o
 .debug_aranges
                0x0000000000000798      0x1d8 Drivers/STM32F3xx_HAL_Driver/Src/stm32f3xx_hal_spi.o
 .debug_aranges
                0x0000000000000970      0x1f0 Drivers/STM32F3xx_HAL_Driver/Src/stm32f3xx_hal_uart.o
 .debug_aranges
                0x0000000000000b60       0x48 Drivers/STM32F3xx_HAL_Driver/Src/stm32f3xx_hal_uart_ex.o
 .debug_aranges
                0x0000000000000ba8       0x30 Src/can.o
 .debug_aranges
                0x0000000000000bd8       0x30 Src/crc.o
 .debug_aranges
                0x0000000000000c08       0x28 Src/gpio.o
 .debug_aranges
                0x0000000000000c30       0x30 Src/i2c.o
 .debug_aranges
                0x0000000000000c60       0xc8 Src/main.o
 .debug_aranges
                0x0000000000000d28       0x30 Src/spi.o
 .debug_aranges
                0x0000000000000d58       0xd0 Src/stm32f3_discovery.o
 .debug_aranges
                0x0000000000000e28       0x20 Src/stm32f3xx_hal_msp.o
 .debug_aranges
                0x0000000000000e48       0xb0 Src/stm32f3xx_it.o
 .debug_aranges
                0x0000000000000ef8       0x28 Src/system_stm32f3xx.o
 .debug_aranges
                0x0000000000000f20       0x30 Src/usart.o
 .debug_aranges
                0x0000000000000f50       0x28 startup/startup_stm32f303xc.o

.debug_ranges   0x0000000000000000      0xef8
 .debug_ranges  0x0000000000000000       0xd0 Drivers/STM32F3xx_HAL_Driver/Src/stm32f3xx_hal.o
 .debug_ranges  0x00000000000000d0      0x128 Drivers/STM32F3xx_HAL_Driver/Src/stm32f3xx_hal_can.o
 .debug_ranges  0x00000000000001f8       0xf8 Drivers/STM32F3xx_HAL_Driver/Src/stm32f3xx_hal_cortex.o
 .debug_ranges  0x00000000000002f0       0x50 Drivers/STM32F3xx_HAL_Driver/Src/stm32f3xx_hal_crc.o
 .debug_ranges  0x0000000000000340       0x20 Drivers/STM32F3xx_HAL_Driver/Src/stm32f3xx_hal_crc_ex.o
 .debug_ranges  0x0000000000000360       0x78 Drivers/STM32F3xx_HAL_Driver/Src/stm32f3xx_hal_dma.o
 .debug_ranges  0x00000000000003d8       0x48 Drivers/STM32F3xx_HAL_Driver/Src/stm32f3xx_hal_gpio.o
 .debug_ranges  0x0000000000000420      0x250 Drivers/STM32F3xx_HAL_Driver/Src/stm32f3xx_hal_i2c.o
 .debug_ranges  0x0000000000000670       0x38 Drivers/STM32F3xx_HAL_Driver/Src/stm32f3xx_hal_i2c_ex.o
 .debug_ranges  0x00000000000006a8       0x98 Drivers/STM32F3xx_HAL_Driver/Src/stm32f3xx_hal_rcc.o
 .debug_ranges  0x0000000000000740       0x40 Drivers/STM32F3xx_HAL_Driver/Src/stm32f3xx_hal_rcc_ex.o
 .debug_ranges  0x0000000000000780      0x1c8 Drivers/STM32F3xx_HAL_Driver/Src/stm32f3xx_hal_spi.o
 .debug_ranges  0x0000000000000948      0x1e0 Drivers/STM32F3xx_HAL_Driver/Src/stm32f3xx_hal_uart.o
 .debug_ranges  0x0000000000000b28       0x38 Drivers/STM32F3xx_HAL_Driver/Src/stm32f3xx_hal_uart_ex.o
 .debug_ranges  0x0000000000000b60       0x20 Src/can.o
 .debug_ranges  0x0000000000000b80       0x20 Src/crc.o
 .debug_ranges  0x0000000000000ba0       0x18 Src/gpio.o
 .debug_ranges  0x0000000000000bb8       0x20 Src/i2c.o
 .debug_ranges  0x0000000000000bd8      0x138 Src/main.o
 .debug_ranges  0x0000000000000d10       0x20 Src/spi.o
 .debug_ranges  0x0000000000000d30       0xc0 Src/stm32f3_discovery.o
 .debug_ranges  0x0000000000000df0       0x10 Src/stm32f3xx_hal_msp.o
 .debug_ranges  0x0000000000000e00       0xa0 Src/stm32f3xx_it.o
 .debug_ranges  0x0000000000000ea0       0x18 Src/system_stm32f3xx.o
 .debug_ranges  0x0000000000000eb8       0x20 Src/usart.o
 .debug_ranges  0x0000000000000ed8       0x20 startup/startup_stm32f303xc.o

.debug_macro    0x0000000000000000    0x1e2e3
 .debug_macro   0x0000000000000000      0x374 Drivers/STM32F3xx_HAL_Driver/Src/stm32f3xx_hal.o
 .debug_macro   0x0000000000000374      0xa60 Drivers/STM32F3xx_HAL_Driver/Src/stm32f3xx_hal.o
 .debug_macro   0x0000000000000dd4       0xbd Drivers/STM32F3xx_HAL_Driver/Src/stm32f3xx_hal.o
 .debug_macro   0x0000000000000e91       0x2f Drivers/STM32F3xx_HAL_Driver/Src/stm32f3xx_hal.o
 .debug_macro   0x0000000000000ec0       0x28 Drivers/STM32F3xx_HAL_Driver/Src/stm32f3xx_hal.o
 .debug_macro   0x0000000000000ee8       0x22 Drivers/STM32F3xx_HAL_Driver/Src/stm32f3xx_hal.o
 .debug_macro   0x0000000000000f0a       0x8e Drivers/STM32F3xx_HAL_Driver/Src/stm32f3xx_hal.o
 .debug_macro   0x0000000000000f98       0x51 Drivers/STM32F3xx_HAL_Driver/Src/stm32f3xx_hal.o
 .debug_macro   0x0000000000000fe9       0xef Drivers/STM32F3xx_HAL_Driver/Src/stm32f3xx_hal.o
 .debug_macro   0x00000000000010d8       0x6a Drivers/STM32F3xx_HAL_Driver/Src/stm32f3xx_hal.o
 .debug_macro   0x0000000000001142      0x1df Drivers/STM32F3xx_HAL_Driver/Src/stm32f3xx_hal.o
 .debug_macro   0x0000000000001321       0x35 Drivers/STM32F3xx_HAL_Driver/Src/stm32f3xx_hal.o
 .debug_macro   0x0000000000001356       0x50 Drivers/STM32F3xx_HAL_Driver/Src/stm32f3xx_hal.o
 .debug_macro   0x00000000000013a6      0xe66 Drivers/STM32F3xx_HAL_Driver/Src/stm32f3xx_hal.o
 .debug_macro   0x000000000000220c    0x12a4f Drivers/STM32F3xx_HAL_Driver/Src/stm32f3xx_hal.o
 .debug_macro   0x0000000000014c5b       0x43 Drivers/STM32F3xx_HAL_Driver/Src/stm32f3xx_hal.o
 .debug_macro   0x0000000000014c9e       0x5e Drivers/STM32F3xx_HAL_Driver/Src/stm32f3xx_hal.o
 .debug_macro   0x0000000000014cfc       0x18 Drivers/STM32F3xx_HAL_Driver/Src/stm32f3xx_hal.o
 .debug_macro   0x0000000000014d14       0x35 Drivers/STM32F3xx_HAL_Driver/Src/stm32f3xx_hal.o
 .debug_macro   0x0000000000014d49       0x34 Drivers/STM32F3xx_HAL_Driver/Src/stm32f3xx_hal.o
 .debug_macro   0x0000000000014d7d       0x16 Drivers/STM32F3xx_HAL_Driver/Src/stm32f3xx_hal.o
 .debug_macro   0x0000000000014d93       0x97 Drivers/STM32F3xx_HAL_Driver/Src/stm32f3xx_hal.o
 .debug_macro   0x0000000000014e2a      0x330 Drivers/STM32F3xx_HAL_Driver/Src/stm32f3xx_hal.o
 .debug_macro   0x000000000001515a       0xfd Drivers/STM32F3xx_HAL_Driver/Src/stm32f3xx_hal.o
 .debug_macro   0x0000000000015257       0x10 Drivers/STM32F3xx_HAL_Driver/Src/stm32f3xx_hal.o
 .debug_macro   0x0000000000015267       0x58 Drivers/STM32F3xx_HAL_Driver/Src/stm32f3xx_hal.o
 .debug_macro   0x00000000000152bf       0x1f Drivers/STM32F3xx_HAL_Driver/Src/stm32f3xx_hal.o
 .debug_macro   0x00000000000152de       0x43 Drivers/STM32F3xx_HAL_Driver/Src/stm32f3xx_hal.o
 .debug_macro   0x0000000000015321       0x20 Drivers/STM32F3xx_HAL_Driver/Src/stm32f3xx_hal.o
 .debug_macro   0x0000000000015341      0x18e Drivers/STM32F3xx_HAL_Driver/Src/stm32f3xx_hal.o
 .debug_macro   0x00000000000154cf       0x10 Drivers/STM32F3xx_HAL_Driver/Src/stm32f3xx_hal.o
 .debug_macro   0x00000000000154df       0x1c Drivers/STM32F3xx_HAL_Driver/Src/stm32f3xx_hal.o
 .debug_macro   0x00000000000154fb       0x52 Drivers/STM32F3xx_HAL_Driver/Src/stm32f3xx_hal.o
 .debug_macro   0x000000000001554d       0x40 Drivers/STM32F3xx_HAL_Driver/Src/stm32f3xx_hal.o
 .debug_macro   0x000000000001558d       0x10 Drivers/STM32F3xx_HAL_Driver/Src/stm32f3xx_hal.o
 .debug_macro   0x000000000001559d       0x40 Drivers/STM32F3xx_HAL_Driver/Src/stm32f3xx_hal.o
 .debug_macro   0x00000000000155dd       0xd7 Drivers/STM32F3xx_HAL_Driver/Src/stm32f3xx_hal.o
 .debug_macro   0x00000000000156b4       0x1c Drivers/STM32F3xx_HAL_Driver/Src/stm32f3xx_hal.o
 .debug_macro   0x00000000000156d0       0x3d Drivers/STM32F3xx_HAL_Driver/Src/stm32f3xx_hal.o
 .debug_macro   0x000000000001570d       0x16 Drivers/STM32F3xx_HAL_Driver/Src/stm32f3xx_hal.o
 .debug_macro   0x0000000000015723      0x16f Drivers/STM32F3xx_HAL_Driver/Src/stm32f3xx_hal.o
 .debug_macro   0x0000000000015892       0x49 Drivers/STM32F3xx_HAL_Driver/Src/stm32f3xx_hal.o
 .debug_macro   0x00000000000158db      0x968 Drivers/STM32F3xx_HAL_Driver/Src/stm32f3xx_hal.o
 .debug_macro   0x0000000000016243      0x5fe Drivers/STM32F3xx_HAL_Driver/Src/stm32f3xx_hal.o
 .debug_macro   0x0000000000016841      0x13a Drivers/STM32F3xx_HAL_Driver/Src/stm32f3xx_hal.o
 .debug_macro   0x000000000001697b      0x1fb Drivers/STM32F3xx_HAL_Driver/Src/stm32f3xx_hal.o
 .debug_macro   0x0000000000016b76      0x1bc Drivers/STM32F3xx_HAL_Driver/Src/stm32f3xx_hal.o
 .debug_macro   0x0000000000016d32       0x31 Drivers/STM32F3xx_HAL_Driver/Src/stm32f3xx_hal.o
 .debug_macro   0x0000000000016d63       0x3c Drivers/STM32F3xx_HAL_Driver/Src/stm32f3xx_hal.o
 .debug_macro   0x0000000000016d9f      0x23a Drivers/STM32F3xx_HAL_Driver/Src/stm32f3xx_hal.o
 .debug_macro   0x0000000000016fd9      0x40f Drivers/STM32F3xx_HAL_Driver/Src/stm32f3xx_hal.o
 .debug_macro   0x00000000000173e8       0xc7 Drivers/STM32F3xx_HAL_Driver/Src/stm32f3xx_hal.o
 .debug_macro   0x00000000000174af       0x4d Drivers/STM32F3xx_HAL_Driver/Src/stm32f3xx_hal.o
 .debug_macro   0x00000000000174fc       0x12 Drivers/STM32F3xx_HAL_Driver/Src/stm32f3xx_hal.o
 .debug_macro   0x000000000001750e       0xcb Drivers/STM32F3xx_HAL_Driver/Src/stm32f3xx_hal.o
 .debug_macro   0x00000000000175d9      0x22b Drivers/STM32F3xx_HAL_Driver/Src/stm32f3xx_hal.o
 .debug_macro   0x0000000000017804      0x209 Drivers/STM32F3xx_HAL_Driver/Src/stm32f3xx_hal.o
 .debug_macro   0x0000000000017a0d       0x5b Drivers/STM32F3xx_HAL_Driver/Src/stm32f3xx_hal.o
 .debug_macro   0x0000000000017a68       0x90 Drivers/STM32F3xx_HAL_Driver/Src/stm32f3xx_hal.o
 .debug_macro   0x0000000000017af8       0x28 Drivers/STM32F3xx_HAL_Driver/Src/stm32f3xx_hal.o
 .debug_macro   0x0000000000017b20      0x265 Drivers/STM32F3xx_HAL_Driver/Src/stm32f3xx_hal.o
 .debug_macro   0x0000000000017d85       0x82 Drivers/STM32F3xx_HAL_Driver/Src/stm32f3xx_hal.o
 .debug_macro   0x0000000000017e07       0xd3 Drivers/STM32F3xx_HAL_Driver/Src/stm32f3xx_hal.o
 .debug_macro   0x0000000000017eda      0x2e9 Drivers/STM32F3xx_HAL_Driver/Src/stm32f3xx_hal.o
 .debug_macro   0x00000000000181c3      0x566 Drivers/STM32F3xx_HAL_Driver/Src/stm32f3xx_hal.o
 .debug_macro   0x0000000000018729       0x2b Drivers/STM32F3xx_HAL_Driver/Src/stm32f3xx_hal.o
 .debug_macro   0x0000000000018754      0x277 Drivers/STM32F3xx_HAL_Driver/Src/stm32f3xx_hal.o
 .debug_macro   0x00000000000189cb      0x358 Drivers/STM32F3xx_HAL_Driver/Src/stm32f3xx_hal_can.o
 .debug_macro   0x0000000000018d23      0x350 Drivers/STM32F3xx_HAL_Driver/Src/stm32f3xx_hal_cortex.o
 .debug_macro   0x0000000000019073      0x350 Drivers/STM32F3xx_HAL_Driver/Src/stm32f3xx_hal_crc.o
 .debug_macro   0x00000000000193c3      0x350 Drivers/STM32F3xx_HAL_Driver/Src/stm32f3xx_hal_crc_ex.o
 .debug_macro   0x0000000000019713      0x350 Drivers/STM32F3xx_HAL_Driver/Src/stm32f3xx_hal_dma.o
 .debug_macro   0x0000000000019a63      0x388 Drivers/STM32F3xx_HAL_Driver/Src/stm32f3xx_hal_gpio.o
 .debug_macro   0x0000000000019deb      0x41c Drivers/STM32F3xx_HAL_Driver/Src/stm32f3xx_hal_i2c.o
 .debug_macro   0x000000000001a207      0x350 Drivers/STM32F3xx_HAL_Driver/Src/stm32f3xx_hal_i2c_ex.o
 .debug_macro   0x000000000001a557      0x374 Drivers/STM32F3xx_HAL_Driver/Src/stm32f3xx_hal_rcc.o
 .debug_macro   0x000000000001a8cb      0x350 Drivers/STM32F3xx_HAL_Driver/Src/stm32f3xx_hal_rcc_ex.o
 .debug_macro   0x000000000001ac1b      0x358 Drivers/STM32F3xx_HAL_Driver/Src/stm32f3xx_hal_spi.o
 .debug_macro   0x000000000001af73      0x358 Drivers/STM32F3xx_HAL_Driver/Src/stm32f3xx_hal_uart.o
 .debug_macro   0x000000000001b2cb      0x350 Drivers/STM32F3xx_HAL_Driver/Src/stm32f3xx_hal_uart_ex.o
 .debug_macro   0x000000000001b61b      0x377 Src/can.o
 .debug_macro   0x000000000001b992      0x2a3 Src/can.o
 .debug_macro   0x000000000001bc35       0xfa Src/can.o
 .debug_macro   0x000000000001bd2f       0x52 Src/can.o
 .debug_macro   0x000000000001bd81      0x372 Src/crc.o
 .debug_macro   0x000000000001c0f3      0x372 Src/gpio.o
 .debug_macro   0x000000000001c465      0x372 Src/i2c.o
 .debug_macro   0x000000000001c7d7      0x3bc Src/main.o
 .debug_macro   0x000000000001cb93       0x22 Src/main.o
 .debug_macro   0x000000000001cbb5      0x372 Src/spi.o
 .debug_macro   0x000000000001cf27      0x37d Src/stm32f3_discovery.o
 .debug_macro   0x000000000001d2a4      0x29d Src/stm32f3_discovery.o
 .debug_macro   0x000000000001d541      0x368 Src/stm32f3xx_hal_msp.o
 .debug_macro   0x000000000001d8a9      0x372 Src/stm32f3xx_it.o
 .debug_macro   0x000000000001dc1b      0x356 Src/system_stm32f3xx.o
 .debug_macro   0x000000000001df71      0x372 Src/usart.o

.debug_line     0x0000000000000000    0x115a1
 .debug_line    0x0000000000000000      0x9ff Drivers/STM32F3xx_HAL_Driver/Src/stm32f3xx_hal.o
 .debug_line    0x00000000000009ff      0xd08 Drivers/STM32F3xx_HAL_Driver/Src/stm32f3xx_hal_can.o
 .debug_line    0x0000000000001707      0xa4c Drivers/STM32F3xx_HAL_Driver/Src/stm32f3xx_hal_cortex.o
 .debug_line    0x0000000000002153      0x9a9 Drivers/STM32F3xx_HAL_Driver/Src/stm32f3xx_hal_crc.o
 .debug_line    0x0000000000002afc      0x885 Drivers/STM32F3xx_HAL_Driver/Src/stm32f3xx_hal_crc_ex.o
 .debug_line    0x0000000000003381      0xa87 Drivers/STM32F3xx_HAL_Driver/Src/stm32f3xx_hal_dma.o
 .debug_line    0x0000000000003e08      0x98d Drivers/STM32F3xx_HAL_Driver/Src/stm32f3xx_hal_gpio.o
 .debug_line    0x0000000000004795     0x198f Drivers/STM32F3xx_HAL_Driver/Src/stm32f3xx_hal_i2c.o
 .debug_line    0x0000000000006124      0x973 Drivers/STM32F3xx_HAL_Driver/Src/stm32f3xx_hal_i2c_ex.o
 .debug_line    0x0000000000006a97      0xd15 Drivers/STM32F3xx_HAL_Driver/Src/stm32f3xx_hal_rcc.o
 .debug_line    0x00000000000077ac      0xad4 Drivers/STM32F3xx_HAL_Driver/Src/stm32f3xx_hal_rcc_ex.o
 .debug_line    0x0000000000008280     0x135b Drivers/STM32F3xx_HAL_Driver/Src/stm32f3xx_hal_spi.o
 .debug_line    0x00000000000095db     0x12bb Drivers/STM32F3xx_HAL_Driver/Src/stm32f3xx_hal_uart.o
 .debug_line    0x000000000000a896      0x93b Drivers/STM32F3xx_HAL_Driver/Src/stm32f3xx_hal_uart_ex.o
 .debug_line    0x000000000000b1d1      0x897 Src/can.o
 .debug_line    0x000000000000ba68      0x86c Src/crc.o
 .debug_line    0x000000000000c2d4      0x86e Src/gpio.o
 .debug_line    0x000000000000cb42      0x889 Src/i2c.o
 .debug_line    0x000000000000d3cb      0xb8a Src/main.o
 .debug_line    0x000000000000df55      0x88b Src/spi.o
 .debug_line    0x000000000000e7e0      0xaa5 Src/stm32f3_discovery.o
 .debug_line    0x000000000000f285      0x843 Src/stm32f3xx_hal_msp.o
 .debug_line    0x000000000000fac8      0x984 Src/stm32f3xx_it.o
 .debug_line    0x000000000001044c      0x852 Src/system_stm32f3xx.o
 .debug_line    0x0000000000010c9e      0x884 Src/usart.o
 .debug_line    0x0000000000011522       0x7f startup/startup_stm32f303xc.o

.debug_str      0x0000000000000000    0x9ad9a
 .debug_str     0x0000000000000000    0x94d6e Drivers/STM32F3xx_HAL_Driver/Src/stm32f3xx_hal.o
                                      0x9510f (size before relaxing)
 .debug_str     0x0000000000094d6e      0x805 Drivers/STM32F3xx_HAL_Driver/Src/stm32f3xx_hal_can.o
                                      0x950ee (size before relaxing)
 .debug_str     0x0000000000095573      0x3be Drivers/STM32F3xx_HAL_Driver/Src/stm32f3xx_hal_cortex.o
                                      0x951cf (size before relaxing)
 .debug_str     0x0000000000095931      0x276 Drivers/STM32F3xx_HAL_Driver/Src/stm32f3xx_hal_crc.o
                                      0x94b19 (size before relaxing)
 .debug_str     0x0000000000095ba7       0x69 Drivers/STM32F3xx_HAL_Driver/Src/stm32f3xx_hal_crc_ex.o
                                      0x94ad6 (size before relaxing)
 .debug_str     0x0000000000095c10      0x3af Drivers/STM32F3xx_HAL_Driver/Src/stm32f3xx_hal_dma.o
                                      0x94cc1 (size before relaxing)
 .debug_str     0x0000000000095fbf      0x29f Drivers/STM32F3xx_HAL_Driver/Src/stm32f3xx_hal_gpio.o
                                      0x94ba7 (size before relaxing)
 .debug_str     0x000000000009625e     0x101a Drivers/STM32F3xx_HAL_Driver/Src/stm32f3xx_hal_i2c.o
                                      0x95af8 (size before relaxing)
 .debug_str     0x0000000000097278       0xf3 Drivers/STM32F3xx_HAL_Driver/Src/stm32f3xx_hal_i2c_ex.o
                                      0x94e72 (size before relaxing)
 .debug_str     0x000000000009736b      0x3ec Drivers/STM32F3xx_HAL_Driver/Src/stm32f3xx_hal_rcc.o
                                      0x94db1 (size before relaxing)
 .debug_str     0x0000000000097757      0x22f Drivers/STM32F3xx_HAL_Driver/Src/stm32f3xx_hal_rcc_ex.o
                                      0x94bbb (size before relaxing)
 .debug_str     0x0000000000097986      0x711 Drivers/STM32F3xx_HAL_Driver/Src/stm32f3xx_hal_spi.o
                                      0x95218 (size before relaxing)
 .debug_str     0x0000000000098097      0x93a Drivers/STM32F3xx_HAL_Driver/Src/stm32f3xx_hal_uart.o
                                      0x95547 (size before relaxing)
 .debug_str     0x00000000000989d1       0xed Drivers/STM32F3xx_HAL_Driver/Src/stm32f3xx_hal_uart_ex.o
                                      0x94ed2 (size before relaxing)
 .debug_str     0x0000000000098abe     0x1866 Src/can.o
                                      0x969c9 (size before relaxing)
 .debug_str     0x000000000009a324       0x4c Src/crc.o
                                      0x96139 (size before relaxing)
 .debug_str     0x000000000009a370       0x2c Src/gpio.o
                                      0x96421 (size before relaxing)
 .debug_str     0x000000000009a39c       0x33 Src/i2c.o
                                      0x9694a (size before relaxing)
 .debug_str     0x000000000009a3cf      0x3af Src/main.o
                                      0x976c9 (size before relaxing)
 .debug_str     0x000000000009a77e       0x17 Src/spi.o
                                      0x96840 (size before relaxing)
 .debug_str     0x000000000009a795      0x401 Src/stm32f3_discovery.o
                                      0x96bec (size before relaxing)
 .debug_str     0x000000000009ab96       0x1b Src/stm32f3xx_hal_msp.o
                                      0x96355 (size before relaxing)
 .debug_str     0x000000000009abb1      0x133 Src/stm32f3xx_it.o
                                      0x96bd4 (size before relaxing)
 .debug_str     0x000000000009ace4       0x64 Src/system_stm32f3xx.o
                                      0x9494a (size before relaxing)
 .debug_str     0x000000000009ad48       0x23 Src/usart.o
                                      0x968e3 (size before relaxing)
 .debug_str     0x000000000009ad6b       0x2f startup/startup_stm32f303xc.o
                                         0x5f (size before relaxing)

.comment        0x0000000000000000       0x7f
 .comment       0x0000000000000000       0x7f Drivers/STM32F3xx_HAL_Driver/Src/stm32f3xx_hal.o
                                         0x80 (size before relaxing)
 .comment       0x000000000000007f       0x80 Drivers/STM32F3xx_HAL_Driver/Src/stm32f3xx_hal_can.o
 .comment       0x000000000000007f       0x80 Drivers/STM32F3xx_HAL_Driver/Src/stm32f3xx_hal_cortex.o
 .comment       0x000000000000007f       0x80 Drivers/STM32F3xx_HAL_Driver/Src/stm32f3xx_hal_crc.o
 .comment       0x000000000000007f       0x80 Drivers/STM32F3xx_HAL_Driver/Src/stm32f3xx_hal_crc_ex.o
 .comment       0x000000000000007f       0x80 Drivers/STM32F3xx_HAL_Driver/Src/stm32f3xx_hal_dma.o
 .comment       0x000000000000007f       0x80 Drivers/STM32F3xx_HAL_Driver/Src/stm32f3xx_hal_gpio.o
 .comment       0x000000000000007f       0x80 Drivers/STM32F3xx_HAL_Driver/Src/stm32f3xx_hal_i2c.o
 .comment       0x000000000000007f       0x80 Drivers/STM32F3xx_HAL_Driver/Src/stm32f3xx_hal_i2c_ex.o
 .comment       0x000000000000007f       0x80 Drivers/STM32F3xx_HAL_Driver/Src/stm32f3xx_hal_rcc.o
 .comment       0x000000000000007f       0x80 Drivers/STM32F3xx_HAL_Driver/Src/stm32f3xx_hal_rcc_ex.o
 .comment       0x000000000000007f       0x80 Drivers/STM32F3xx_HAL_Driver/Src/stm32f3xx_hal_spi.o
 .comment       0x000000000000007f       0x80 Drivers/STM32F3xx_HAL_Driver/Src/stm32f3xx_hal_uart.o
 .comment       0x000000000000007f       0x80 Drivers/STM32F3xx_HAL_Driver/Src/stm32f3xx_hal_uart_ex.o
 .comment       0x000000000000007f       0x80 Src/can.o
 .comment       0x000000000000007f       0x80 Src/crc.o
 .comment       0x000000000000007f       0x80 Src/gpio.o
 .comment       0x000000000000007f       0x80 Src/i2c.o
 .comment       0x000000000000007f       0x80 Src/main.o
 .comment       0x000000000000007f       0x80 Src/spi.o
 .comment       0x000000000000007f       0x80 Src/stm32f3_discovery.o
 .comment       0x000000000000007f       0x80 Src/stm32f3xx_hal_msp.o
 .comment       0x000000000000007f       0x80 Src/stm32f3xx_it.o
 .comment       0x000000000000007f       0x80 Src/system_stm32f3xx.o
 .comment       0x000000000000007f       0x80 Src/usart.o

.debug_frame    0x0000000000000000     0x295c
 .debug_frame   0x0000000000000000      0x1cc Drivers/STM32F3xx_HAL_Driver/Src/stm32f3xx_hal.o
 .debug_frame   0x00000000000001cc      0x2e4 Drivers/STM32F3xx_HAL_Driver/Src/stm32f3xx_hal_can.o
 .debug_frame   0x00000000000004b0      0x15c Drivers/STM32F3xx_HAL_Driver/Src/stm32f3xx_hal_cortex.o
 .debug_frame   0x000000000000060c      0x108 Drivers/STM32F3xx_HAL_Driver/Src/stm32f3xx_hal_crc.o
 .debug_frame   0x0000000000000714       0x4c Drivers/STM32F3xx_HAL_Driver/Src/stm32f3xx_hal_crc_ex.o
 .debug_frame   0x0000000000000760      0x164 Drivers/STM32F3xx_HAL_Driver/Src/stm32f3xx_hal_dma.o
 .debug_frame   0x00000000000008c4       0xec Drivers/STM32F3xx_HAL_Driver/Src/stm32f3xx_hal_gpio.o
 .debug_frame   0x00000000000009b0      0x848 Drivers/STM32F3xx_HAL_Driver/Src/stm32f3xx_hal_i2c.o
 .debug_frame   0x00000000000011f8       0x80 Drivers/STM32F3xx_HAL_Driver/Src/stm32f3xx_hal_i2c_ex.o
 .debug_frame   0x0000000000001278      0x178 Drivers/STM32F3xx_HAL_Driver/Src/stm32f3xx_hal_rcc.o
 .debug_frame   0x00000000000013f0       0x7c Drivers/STM32F3xx_HAL_Driver/Src/stm32f3xx_hal_rcc_ex.o
 .debug_frame   0x000000000000146c      0x5b4 Drivers/STM32F3xx_HAL_Driver/Src/stm32f3xx_hal_spi.o
 .debug_frame   0x0000000000001a20      0x55c Drivers/STM32F3xx_HAL_Driver/Src/stm32f3xx_hal_uart.o
 .debug_frame   0x0000000000001f7c       0xa4 Drivers/STM32F3xx_HAL_Driver/Src/stm32f3xx_hal_uart_ex.o
 .debug_frame   0x0000000000002020       0x68 Src/can.o
 .debug_frame   0x0000000000002088       0x50 Src/crc.o
 .debug_frame   0x00000000000020d8       0x4c Src/gpio.o
 .debug_frame   0x0000000000002124       0x60 Src/i2c.o
 .debug_frame   0x0000000000002184      0x244 Src/main.o
 .debug_frame   0x00000000000023c8       0x64 Src/spi.o
 .debug_frame   0x000000000000242c      0x298 Src/stm32f3_discovery.o
 .debug_frame   0x00000000000026c4       0x2c Src/stm32f3xx_hal_msp.o
 .debug_frame   0x00000000000026f0      0x190 Src/stm32f3xx_it.o
 .debug_frame   0x0000000000002880       0x30 Src/system_stm32f3xx.o
 .debug_frame   0x00000000000028b0       0x60 Src/usart.o
 .debug_frame   0x0000000000002910       0x2c /home/andrea/Ac6/SystemWorkbench/plugins/fr.ac6.mcu.externaltools.arm-none.linux64_1.17.0.201812190825/tools/compiler/bin/../lib/gcc/arm-none-eabi/7.3.1/../../../../arm-none-eabi/lib/thumb/v7e-m/fpv4-sp/hard/libc_nano.a(lib_a-init.o)
 .debug_frame   0x000000000000293c       0x20 /home/andrea/Ac6/SystemWorkbench/plugins/fr.ac6.mcu.externaltools.arm-none.linux64_1.17.0.201812190825/tools/compiler/bin/../lib/gcc/arm-none-eabi/7.3.1/../../../../arm-none-eabi/lib/thumb/v7e-m/fpv4-sp/hard/libc_nano.a(lib_a-memset.o)
