Archive member included to satisfy reference by file (symbol)

/home/andrea/Ac6/SystemWorkbench/plugins/fr.ac6.mcu.externaltools.arm-none.linux64_1.17.0.201812190825/tools/compiler/bin/../lib/gcc/arm-none-eabi/7.3.1/../../../../arm-none-eabi/lib/thumb/v7e-m/fpv4-sp/hard/libc_nano.a(lib_a-errno.o)
                              Src/syscalls.o (__errno)
/home/andrea/Ac6/SystemWorkbench/plugins/fr.ac6.mcu.externaltools.arm-none.linux64_1.17.0.201812190825/tools/compiler/bin/../lib/gcc/arm-none-eabi/7.3.1/../../../../arm-none-eabi/lib/thumb/v7e-m/fpv4-sp/hard/libc_nano.a(lib_a-exit.o)
                              /home/andrea/Ac6/SystemWorkbench/plugins/fr.ac6.mcu.externaltools.arm-none.linux64_1.17.0.201812190825/tools/compiler/bin/../lib/gcc/arm-none-eabi/7.3.1/../../../../arm-none-eabi/lib/thumb/v7e-m/fpv4-sp/hard/crt0.o (exit)
/home/andrea/Ac6/SystemWorkbench/plugins/fr.ac6.mcu.externaltools.arm-none.linux64_1.17.0.201812190825/tools/compiler/bin/../lib/gcc/arm-none-eabi/7.3.1/../../../../arm-none-eabi/lib/thumb/v7e-m/fpv4-sp/hard/libc_nano.a(lib_a-impure.o)
                              /home/andrea/Ac6/SystemWorkbench/plugins/fr.ac6.mcu.externaltools.arm-none.linux64_1.17.0.201812190825/tools/compiler/bin/../lib/gcc/arm-none-eabi/7.3.1/../../../../arm-none-eabi/lib/thumb/v7e-m/fpv4-sp/hard/libc_nano.a(lib_a-exit.o) (_global_impure_ptr)
/home/andrea/Ac6/SystemWorkbench/plugins/fr.ac6.mcu.externaltools.arm-none.linux64_1.17.0.201812190825/tools/compiler/bin/../lib/gcc/arm-none-eabi/7.3.1/../../../../arm-none-eabi/lib/thumb/v7e-m/fpv4-sp/hard/libc_nano.a(lib_a-init.o)
                              /home/andrea/Ac6/SystemWorkbench/plugins/fr.ac6.mcu.externaltools.arm-none.linux64_1.17.0.201812190825/tools/compiler/bin/../lib/gcc/arm-none-eabi/7.3.1/../../../../arm-none-eabi/lib/thumb/v7e-m/fpv4-sp/hard/crt0.o (__libc_init_array)
/home/andrea/Ac6/SystemWorkbench/plugins/fr.ac6.mcu.externaltools.arm-none.linux64_1.17.0.201812190825/tools/compiler/bin/../lib/gcc/arm-none-eabi/7.3.1/../../../../arm-none-eabi/lib/thumb/v7e-m/fpv4-sp/hard/libc_nano.a(lib_a-memset.o)
                              /home/andrea/Ac6/SystemWorkbench/plugins/fr.ac6.mcu.externaltools.arm-none.linux64_1.17.0.201812190825/tools/compiler/bin/../lib/gcc/arm-none-eabi/7.3.1/../../../../arm-none-eabi/lib/thumb/v7e-m/fpv4-sp/hard/crt0.o (memset)

Allocating common symbols
Common symbol       size              file

sFilterConfig       0x28              Src/can.o
hUsbDeviceFS        0x224             Src/usb_device.o
hspi2               0x64              Src/spi.o
SPI_RxBuffer        0x10              Src/main.o
I2C_RxBuffer        0x10              Src/main.o
hcrc                0x24              Src/crc.o
hi2c2               0x4c              Src/i2c.o
CanHandle           0x28              Src/can.o
uwTick              0x4               Drivers/STM32F3xx_HAL_Driver/Src/stm32f3xx_hal.o
pFlash              0x20              Drivers/STM32F3xx_HAL_Driver/Src/stm32f3xx_hal_flash.o
CanRx_Frame         0x8               Src/main.o
UserRxBufferFS      0x3e8             Src/usbd_cdc_if.o
UserTxBufferFS      0x3e8             Src/usbd_cdc_if.o
CAN_RxBuffer        0x10              Src/main.o
CanTx_Frame         0x8               Src/main.o
CanTxData           0x10              Src/main.o
TxMailbox           0x4               Src/main.o
CanRxData           0x10              Src/main.o
UART_RxBuffer       0x10              Src/main.o
huart2              0x70              Src/usart.o
TxHeader            0x18              Src/main.o
hpcd_USB_FS         0x3a8             Src/usbd_conf.o
RxHeader            0x1c              Src/main.o
USBD_StrDesc        0x200             Src/usbd_desc.o
aTxBuffer           0x10              Src/main.o

Discarded input sections

 .text          0x0000000000000000        0x0 /home/andrea/Ac6/SystemWorkbench/plugins/fr.ac6.mcu.externaltools.arm-none.linux64_1.17.0.201812190825/tools/compiler/bin/../lib/gcc/arm-none-eabi/7.3.1/thumb/v7e-m/fpv4-sp/hard/crti.o
 .data          0x0000000000000000        0x0 /home/andrea/Ac6/SystemWorkbench/plugins/fr.ac6.mcu.externaltools.arm-none.linux64_1.17.0.201812190825/tools/compiler/bin/../lib/gcc/arm-none-eabi/7.3.1/thumb/v7e-m/fpv4-sp/hard/crti.o
 .bss           0x0000000000000000        0x0 /home/andrea/Ac6/SystemWorkbench/plugins/fr.ac6.mcu.externaltools.arm-none.linux64_1.17.0.201812190825/tools/compiler/bin/../lib/gcc/arm-none-eabi/7.3.1/thumb/v7e-m/fpv4-sp/hard/crti.o
 .data          0x0000000000000000        0x4 /home/andrea/Ac6/SystemWorkbench/plugins/fr.ac6.mcu.externaltools.arm-none.linux64_1.17.0.201812190825/tools/compiler/bin/../lib/gcc/arm-none-eabi/7.3.1/thumb/v7e-m/fpv4-sp/hard/crtbegin.o
 .text          0x0000000000000000       0x74 /home/andrea/Ac6/SystemWorkbench/plugins/fr.ac6.mcu.externaltools.arm-none.linux64_1.17.0.201812190825/tools/compiler/bin/../lib/gcc/arm-none-eabi/7.3.1/../../../../arm-none-eabi/lib/thumb/v7e-m/fpv4-sp/hard/crt0.o
[...]
Memory Configuration

Name             Origin             Length             Attributes
RAM              0x0000000020000000 0x000000000000a000 xrw
CCMRAM           0x0000000010000000 0x0000000000002000 rw
FLASH            0x0000000008000000 0x0000000000040000 xr
*default*        0x0000000000000000 0xffffffffffffffff

Linker script and memory map

LOAD /home/andrea/Ac6/SystemWorkbench/plugins/fr.ac6.mcu.externaltools.arm-none.linux64_1.17.0.201812190825/tools/compiler/bin/../lib/gcc/arm-none-eabi/7.3.1/thumb/v7e-m/fpv4-sp/hard/crti.o
LOAD /home/andrea/Ac6/SystemWorkbench/plugins/fr.ac6.mcu.externaltools.arm-none.linux64_1.17.0.201812190825/tools/compiler/bin/../lib/gcc/arm-none-eabi/7.3.1/thumb/v7e-m/fpv4-sp/hard/crtbegin.o
LOAD /home/andrea/Ac6/SystemWorkbench/plugins/fr.ac6.mcu.externaltools.arm-none.linux64_1.17.0.201812190825/tools/compiler/bin/../lib/gcc/arm-none-eabi/7.3.1/../../../../arm-none-eabi/lib/thumb/v7e-m/fpv4-sp/hard/crt0.o
LOAD Drivers/STM32F3xx_HAL_Driver/Src/stm32f3xx_hal.o
LOAD Drivers/STM32F3xx_HAL_Driver/Src/stm32f3xx_hal_can.o
LOAD Drivers/STM32F3xx_HAL_Driver/Src/stm32f3xx_hal_cortex.o
LOAD Drivers/STM32F3xx_HAL_Driver/Src/stm32f3xx_hal_crc.o
LOAD Drivers/STM32F3xx_HAL_Driver/Src/stm32f3xx_hal_crc_ex.o
LOAD Drivers/STM32F3xx_HAL_Driver/Src/stm32f3xx_hal_dma.o
LOAD Drivers/STM32F3xx_HAL_Driver/Src/stm32f3xx_hal_flash.o
LOAD Drivers/STM32F3xx_HAL_Driver/Src/stm32f3xx_hal_flash_ex.o
LOAD Drivers/STM32F3xx_HAL_Driver/Src/stm32f3xx_hal_gpio.o
LOAD Drivers/STM32F3xx_HAL_Driver/Src/stm32f3xx_hal_i2c.o
LOAD Drivers/STM32F3xx_HAL_Driver/Src/stm32f3xx_hal_i2c_ex.o
LOAD Drivers/STM32F3xx_HAL_Driver/Src/stm32f3xx_hal_pcd.o
LOAD Drivers/STM32F3xx_HAL_Driver/Src/stm32f3xx_hal_pcd_ex.o
LOAD Drivers/STM32F3xx_HAL_Driver/Src/stm32f3xx_hal_pwr.o
LOAD Drivers/STM32F3xx_HAL_Driver/Src/stm32f3xx_hal_pwr_ex.o
LOAD Drivers/STM32F3xx_HAL_Driver/Src/stm32f3xx_hal_rcc.o
LOAD Drivers/STM32F3xx_HAL_Driver/Src/stm32f3xx_hal_rcc_ex.o
LOAD Drivers/STM32F3xx_HAL_Driver/Src/stm32f3xx_hal_spi.o
LOAD Drivers/STM32F3xx_HAL_Driver/Src/stm32f3xx_hal_spi_ex.o
LOAD Drivers/STM32F3xx_HAL_Driver/Src/stm32f3xx_hal_tim.o
LOAD Drivers/STM32F3xx_HAL_Driver/Src/stm32f3xx_hal_tim_ex.o
LOAD Drivers/STM32F3xx_HAL_Driver/Src/stm32f3xx_hal_uart.o
LOAD Drivers/STM32F3xx_HAL_Driver/Src/stm32f3xx_hal_uart_ex.o
LOAD Middlewares/ST/STM32_USB_Device_Library/Class/CDC/Src/usbd_cdc.o
LOAD Middlewares/ST/STM32_USB_Device_Library/Core/Src/usbd_core.o
LOAD Middlewares/ST/STM32_USB_Device_Library/Core/Src/usbd_ctlreq.o
LOAD Middlewares/ST/STM32_USB_Device_Library/Core/Src/usbd_ioreq.o
LOAD Src/can.o
LOAD Src/crc.o
LOAD Src/gpio.o
LOAD Src/i2c.o
LOAD Src/main.o
LOAD Src/spi.o
LOAD Src/stm32f3_discovery.o
LOAD Src/stm32f3xx_hal_msp.o
LOAD Src/stm32f3xx_it.o
LOAD Src/syscalls.o
LOAD Src/system_stm32f3xx.o
LOAD Src/usart.o
LOAD Src/usb_device.o
LOAD Src/usbd_cdc_if.o
LOAD Src/usbd_conf.o
LOAD Src/usbd_desc.o
LOAD startup/startup_stm32f303xc.o
LOAD /home/andrea/Ac6/SystemWorkbench/plugins/fr.ac6.mcu.externaltools.arm-none.linux64_1.17.0.201812190825/tools/compiler/bin/../lib/gcc/arm-none-eabi/7.3.1/../../../../arm-none-eabi/lib/thumb/v7e-m/fpv4-sp/hard/libm.a
START GROUP
LOAD /home/andrea/Ac6/SystemWorkbench/plugins/fr.ac6.mcu.externaltools.arm-none.linux64_1.17.0.201812190825/tools/compiler/bin/../lib/gcc/arm-none-eabi/7.3.1/thumb/v7e-m/fpv4-sp/hard/libgcc.a
LOAD /home/andrea/Ac6/SystemWorkbench/plugins/fr.ac6.mcu.externaltools.arm-none.linux64_1.17.0.201812190825/tools/compiler/bin/../lib/gcc/arm-none-eabi/7.3.1/../../../../arm-none-eabi/lib/thumb/v7e-m/fpv4-sp/hard/libc_nano.a
END GROUP
START GROUP
LOAD /home/andrea/Ac6/SystemWorkbench/plugins/fr.ac6.mcu.externaltools.arm-none.linux64_1.17.0.201812190825/tools/compiler/bin/../lib/gcc/arm-none-eabi/7.3.1/thumb/v7e-m/fpv4-sp/hard/libgcc.a
LOAD /home/andrea/Ac6/SystemWorkbench/plugins/fr.ac6.mcu.externaltools.arm-none.linux64_1.17.0.201812190825/tools/compiler/bin/../lib/gcc/arm-none-eabi/7.3.1/../../../../arm-none-eabi/lib/thumb/v7e-m/fpv4-sp/hard/libc_nano.a
LOAD /home/andrea/Ac6/SystemWorkbench/plugins/fr.ac6.mcu.externaltools.arm-none.linux64_1.17.0.201812190825/tools/compiler/bin/../lib/gcc/arm-none-eabi/7.3.1/../../../../arm-none-eabi/lib/thumb/v7e-m/fpv4-sp/hard/libnosys.a
END GROUP
START GROUP
LOAD /home/andrea/Ac6/SystemWorkbench/plugins/fr.ac6.mcu.externaltools.arm-none.linux64_1.17.0.201812190825/tools/compiler/bin/../lib/gcc/arm-none-eabi/7.3.1/thumb/v7e-m/fpv4-sp/hard/libgcc.a
LOAD /home/andrea/Ac6/SystemWorkbench/plugins/fr.ac6.mcu.externaltools.arm-none.linux64_1.17.0.201812190825/tools/compiler/bin/../lib/gcc/arm-none-eabi/7.3.1/../../../../arm-none-eabi/lib/thumb/v7e-m/fpv4-sp/hard/libc_nano.a
LOAD /home/andrea/Ac6/SystemWorkbench/plugins/fr.ac6.mcu.externaltools.arm-none.linux64_1.17.0.201812190825/tools/compiler/bin/../lib/gcc/arm-none-eabi/7.3.1/../../../../arm-none-eabi/lib/thumb/v7e-m/fpv4-sp/hard/libnosys.a
END GROUP
LOAD /home/andrea/Ac6/SystemWorkbench/plugins/fr.ac6.mcu.externaltools.arm-none.linux64_1.17.0.201812190825/tools/compiler/bin/../lib/gcc/arm-none-eabi/7.3.1/thumb/v7e-m/fpv4-sp/hard/crtend.o
LOAD /home/andrea/Ac6/SystemWorkbench/plugins/fr.ac6.mcu.externaltools.arm-none.linux64_1.17.0.201812190825/tools/compiler/bin/../lib/gcc/arm-none-eabi/7.3.1/thumb/v7e-m/fpv4-sp/hard/crtn.o
                0x000000002000a000                _estack = 0x2000a000
                0x0000000000000200                _Min_Heap_Size = 0x200
                0x0000000000000400                _Min_Stack_Size = 0x400

.isr_vector     0x0000000008000000      0x188
                0x0000000008000000                . = ALIGN (0x4)
 *(.isr_vector)
 .isr_vector    0x0000000008000000      0x188 startup/startup_stm32f303xc.o
                0x0000000008000000                g_pfnVectors
                0x0000000008000188                . = ALIGN (0x4)

.text           0x0000000008000188     0x54c8
                0x0000000008000188                . = ALIGN (0x4)
 *(.text)
 .text          0x0000000008000188       0x40 /home/andrea/Ac6/SystemWorkbench/plugins/fr.ac6.mcu.externaltools.arm-none.linux64_1.17.0.201812190825/tools/compiler/bin/../lib/gcc/arm-none-eabi/7.3.1/thumb/v7e-m/fpv4-sp/hard/crtbegin.o
 *(.text*)
 .text.HAL_InitTick
                0x00000000080001c8       0x48 Drivers/STM32F3xx_HAL_Driver/Src/stm32f3xx_hal.o
                0x00000000080001c8                HAL_InitTick
 .text.HAL_Init
                0x0000000008000210       0x24 Drivers/STM32F3xx_HAL_Driver/Src/stm32f3xx_hal.o
                0x0000000008000210                HAL_Init
 .text.HAL_IncTick
                0x0000000008000234       0x18 Drivers/STM32F3xx_HAL_Driver/Src/stm32f3xx_hal.o
                0x0000000008000234                HAL_IncTick
 .text.HAL_GetTick
                0x000000000800024c        0xc Drivers/STM32F3xx_HAL_Driver/Src/stm32f3xx_hal.o
                0x000000000800024c                HAL_GetTick
 .text.HAL_Delay
                0x0000000008000258       0x28 Drivers/STM32F3xx_HAL_Driver/Src/stm32f3xx_hal.o
                0x0000000008000258                HAL_Delay
 .text.HAL_CAN_Init
                0x0000000008000280      0x14c Drivers/STM32F3xx_HAL_Driver/Src/stm32f3xx_hal_can.o
                0x0000000008000280                HAL_CAN_Init
 .text.HAL_CAN_ConfigFilter
                0x00000000080003cc       0xfc Drivers/STM32F3xx_HAL_Driver/Src/stm32f3xx_hal_can.o
                0x00000000080003cc                HAL_CAN_ConfigFilter
 .text.HAL_CAN_Start
                0x00000000080004c8       0x5c Drivers/STM32F3xx_HAL_Driver/Src/stm32f3xx_hal_can.o
                0x00000000080004c8                HAL_CAN_Start
 .text.HAL_CAN_AddTxMessage
                0x0000000008000524       0xea Drivers/STM32F3xx_HAL_Driver/Src/stm32f3xx_hal_can.o
                0x0000000008000524                HAL_CAN_AddTxMessage
 .text.HAL_CAN_GetRxMessage
                0x000000000800060e      0x134 Drivers/STM32F3xx_HAL_Driver/Src/stm32f3xx_hal_can.o
                0x000000000800060e                HAL_CAN_GetRxMessage
 .text.HAL_CAN_ActivateNotification
                0x0000000008000742       0x24 Drivers/STM32F3xx_HAL_Driver/Src/stm32f3xx_hal_can.o
                0x0000000008000742                HAL_CAN_ActivateNotification
 .text.HAL_CAN_TxMailbox1CompleteCallback
                0x0000000008000766        0x2 Drivers/STM32F3xx_HAL_Driver/Src/stm32f3xx_hal_can.o
                0x0000000008000766                HAL_CAN_TxMailbox1CompleteCallback
 .text.HAL_CAN_TxMailbox2CompleteCallback
                0x0000000008000768        0x2 Drivers/STM32F3xx_HAL_Driver/Src/stm32f3xx_hal_can.o
                0x0000000008000768                HAL_CAN_TxMailbox2CompleteCallback
 .text.HAL_CAN_TxMailbox0AbortCallback
                0x000000000800076a        0x2 Drivers/STM32F3xx_HAL_Driver/Src/stm32f3xx_hal_can.o
                0x000000000800076a                HAL_CAN_TxMailbox0AbortCallback
 .text.HAL_CAN_TxMailbox1AbortCallback
                0x000000000800076c        0x2 Drivers/STM32F3xx_HAL_Driver/Src/stm32f3xx_hal_can.o
                0x000000000800076c                HAL_CAN_TxMailbox1AbortCallback
 .text.HAL_CAN_TxMailbox2AbortCallback
                0x000000000800076e        0x2 Drivers/STM32F3xx_HAL_Driver/Src/stm32f3xx_hal_can.o
                0x000000000800076e                HAL_CAN_TxMailbox2AbortCallback
 .text.HAL_CAN_RxFifo0FullCallback
                0x0000000008000770        0x2 Drivers/STM32F3xx_HAL_Driver/Src/stm32f3xx_hal_can.o
                0x0000000008000770                HAL_CAN_RxFifo0FullCallback
 .text.HAL_CAN_RxFifo1MsgPendingCallback
                0x0000000008000772        0x2 Drivers/STM32F3xx_HAL_Driver/Src/stm32f3xx_hal_can.o
                0x0000000008000772                HAL_CAN_RxFifo1MsgPendingCallback
 .text.HAL_CAN_RxFifo1FullCallback
                0x0000000008000774        0x2 Drivers/STM32F3xx_HAL_Driver/Src/stm32f3xx_hal_can.o
                0x0000000008000774                HAL_CAN_RxFifo1FullCallback
 .text.HAL_CAN_SleepCallback
                0x0000000008000776        0x2 Drivers/STM32F3xx_HAL_Driver/Src/stm32f3xx_hal_can.o
                0x0000000008000776                HAL_CAN_SleepCallback
 .text.HAL_CAN_WakeUpFromRxMsgCallback
                0x0000000008000778        0x2 Drivers/STM32F3xx_HAL_Driver/Src/stm32f3xx_hal_can.o
                0x0000000008000778                HAL_CAN_WakeUpFromRxMsgCallback
 .text.HAL_CAN_ErrorCallback
                0x000000000800077a        0x2 Drivers/STM32F3xx_HAL_Driver/Src/stm32f3xx_hal_can.o
                0x000000000800077a                HAL_CAN_ErrorCallback
 .text.HAL_CAN_IRQHandler
                0x000000000800077c      0x258 Drivers/STM32F3xx_HAL_Driver/Src/stm32f3xx_hal_can.o
                0x000000000800077c                HAL_CAN_IRQHandler
 .text.HAL_NVIC_SetPriorityGrouping
                0x00000000080009d4       0x24 Drivers/STM32F3xx_HAL_Driver/Src/stm32f3xx_hal_cortex.o
                0x00000000080009d4                HAL_NVIC_SetPriorityGrouping
 .text.HAL_NVIC_SetPriority
                0x00000000080009f8       0x68 Drivers/STM32F3xx_HAL_Driver/Src/stm32f3xx_hal_cortex.o
                0x00000000080009f8                HAL_NVIC_SetPriority
 .text.HAL_NVIC_EnableIRQ
                0x0000000008000a60       0x18 Drivers/STM32F3xx_HAL_Driver/Src/stm32f3xx_hal_cortex.o
                0x0000000008000a60                HAL_NVIC_EnableIRQ
 .text.HAL_SYSTICK_Config
                0x0000000008000a78       0x2c Drivers/STM32F3xx_HAL_Driver/Src/stm32f3xx_hal_cortex.o
                0x0000000008000a78                HAL_SYSTICK_Config
 .text.CRC_Handle_8
                0x0000000008000aa4       0x7e Drivers/STM32F3xx_HAL_Driver/Src/stm32f3xx_hal_crc.o
 .text.CRC_Handle_16
                0x0000000008000b22       0x4e Drivers/STM32F3xx_HAL_Driver/Src/stm32f3xx_hal_crc.o
 .text.HAL_CRC_Init
                0x0000000008000b70       0x80 Drivers/STM32F3xx_HAL_Driver/Src/stm32f3xx_hal_crc.o
                0x0000000008000b70                HAL_CRC_Init
 .text.HAL_CRC_Calculate
                0x0000000008000bf0       0x62 Drivers/STM32F3xx_HAL_Driver/Src/stm32f3xx_hal_crc.o
                0x0000000008000bf0                HAL_CRC_Calculate
 .text.HAL_CRCEx_Polynomial_Set
                0x0000000008000c52       0x54 Drivers/STM32F3xx_HAL_Driver/Src/stm32f3xx_hal_crc_ex.o
                0x0000000008000c52                HAL_CRCEx_Polynomial_Set
 .text.HAL_DMA_Abort_IT
                0x0000000008000ca6       0x4a Drivers/STM32F3xx_HAL_Driver/Src/stm32f3xx_hal_dma.o
                0x0000000008000ca6                HAL_DMA_Abort_IT
 .text.HAL_GPIO_Init
                0x0000000008000cf0      0x194 Drivers/STM32F3xx_HAL_Driver/Src/stm32f3xx_hal_gpio.o
                0x0000000008000cf0                HAL_GPIO_Init
 .text.HAL_GPIO_WritePin
                0x0000000008000e84        0xa Drivers/STM32F3xx_HAL_Driver/Src/stm32f3xx_hal_gpio.o
                0x0000000008000e84                HAL_GPIO_WritePin
 .text.HAL_GPIO_TogglePin
                0x0000000008000e8e        0x8 Drivers/STM32F3xx_HAL_Driver/Src/stm32f3xx_hal_gpio.o
                0x0000000008000e8e                HAL_GPIO_TogglePin
 *fill*         0x0000000008000e96        0x2 
 .text.HAL_GPIO_EXTI_IRQHandler
                0x0000000008000e98       0x1c Drivers/STM32F3xx_HAL_Driver/Src/stm32f3xx_hal_gpio.o
                0x0000000008000e98                HAL_GPIO_EXTI_IRQHandler
 .text.I2C_Flush_TXDR
                0x0000000008000eb4       0x22 Drivers/STM32F3xx_HAL_Driver/Src/stm32f3xx_hal_i2c.o
 .text.I2C_TransferConfig
                0x0000000008000ed6       0x36 Drivers/STM32F3xx_HAL_Driver/Src/stm32f3xx_hal_i2c.o
 .text.I2C_Enable_IRQ
                0x0000000008000f0c       0x84 Drivers/STM32F3xx_HAL_Driver/Src/stm32f3xx_hal_i2c.o
 .text.I2C_Disable_IRQ
                0x0000000008000f90       0x7e Drivers/STM32F3xx_HAL_Driver/Src/stm32f3xx_hal_i2c.o
 .text.HAL_I2C_Init
                0x000000000800100e       0xbc Drivers/STM32F3xx_HAL_Driver/Src/stm32f3xx_hal_i2c.o
                0x000000000800100e                HAL_I2C_Init
 *fill*         0x00000000080010ca        0x2 
 .text.HAL_I2C_Master_Transmit_IT
                0x00000000080010cc       0x98 Drivers/STM32F3xx_HAL_Driver/Src/stm32f3xx_hal_i2c.o
                0x00000000080010cc                HAL_I2C_Master_Transmit_IT
 .text.HAL_I2C_EV_IRQHandler
                0x0000000008001164       0x10 Drivers/STM32F3xx_HAL_Driver/Src/stm32f3xx_hal_i2c.o
                0x0000000008001164                HAL_I2C_EV_IRQHandler
 .text.I2C_ITMasterSequentialCplt
                0x0000000008001174       0x54 Drivers/STM32F3xx_HAL_Driver/Src/stm32f3xx_hal_i2c.o
 .text.HAL_I2C_SlaveTxCpltCallback
                0x00000000080011c8        0x2 Drivers/STM32F3xx_HAL_Driver/Src/stm32f3xx_hal_i2c.o
                0x00000000080011c8                HAL_I2C_SlaveTxCpltCallback
 .text.HAL_I2C_SlaveRxCpltCallback
                0x00000000080011ca        0x2 Drivers/STM32F3xx_HAL_Driver/Src/stm32f3xx_hal_i2c.o
                0x00000000080011ca                HAL_I2C_SlaveRxCpltCallback
 .text.I2C_ITSlaveSequentialCplt
                0x00000000080011cc       0x5c Drivers/STM32F3xx_HAL_Driver/Src/stm32f3xx_hal_i2c.o
 .text.HAL_I2C_AddrCallback
                0x0000000008001228        0x2 Drivers/STM32F3xx_HAL_Driver/Src/stm32f3xx_hal_i2c.o
                0x0000000008001228                HAL_I2C_AddrCallback
 .text.I2C_ITAddrCplt
                0x000000000800122a       0x9c Drivers/STM32F3xx_HAL_Driver/Src/stm32f3xx_hal_i2c.o
 .text.HAL_I2C_ListenCpltCallback
                0x00000000080012c6        0x2 Drivers/STM32F3xx_HAL_Driver/Src/stm32f3xx_hal_i2c.o
                0x00000000080012c6                HAL_I2C_ListenCpltCallback
 .text.I2C_ITListenCplt
                0x00000000080012c8       0x64 Drivers/STM32F3xx_HAL_Driver/Src/stm32f3xx_hal_i2c.o
 .text.HAL_I2C_MemTxCpltCallback
                0x000000000800132c        0x2 Drivers/STM32F3xx_HAL_Driver/Src/stm32f3xx_hal_i2c.o
                0x000000000800132c                HAL_I2C_MemTxCpltCallback
 .text.HAL_I2C_MemRxCpltCallback
                0x000000000800132e        0x2 Drivers/STM32F3xx_HAL_Driver/Src/stm32f3xx_hal_i2c.o
                0x000000000800132e                HAL_I2C_MemRxCpltCallback
 .text.HAL_I2C_AbortCpltCallback
                0x0000000008001330        0x2 Drivers/STM32F3xx_HAL_Driver/Src/stm32f3xx_hal_i2c.o
                0x0000000008001330                HAL_I2C_AbortCpltCallback
 *fill*         0x0000000008001332        0x2 
 .text.I2C_ITError
                0x0000000008001334      0x100 Drivers/STM32F3xx_HAL_Driver/Src/stm32f3xx_hal_i2c.o
 .text.I2C_ITSlaveCplt
                0x0000000008001434      0x124 Drivers/STM32F3xx_HAL_Driver/Src/stm32f3xx_hal_i2c.o
 .text.I2C_Slave_ISR_IT
                0x0000000008001558      0x14a Drivers/STM32F3xx_HAL_Driver/Src/stm32f3xx_hal_i2c.o
 .text.I2C_Slave_ISR_DMA
                0x00000000080016a2       0x90 Drivers/STM32F3xx_HAL_Driver/Src/stm32f3xx_hal_i2c.o
 .text.I2C_ITMasterCplt
                0x0000000008001732       0xe2 Drivers/STM32F3xx_HAL_Driver/Src/stm32f3xx_hal_i2c.o
 .text.I2C_Master_ISR_IT
                0x0000000008001814      0x174 Drivers/STM32F3xx_HAL_Driver/Src/stm32f3xx_hal_i2c.o
 .text.I2C_Master_ISR_DMA
                0x0000000008001988       0xe2 Drivers/STM32F3xx_HAL_Driver/Src/stm32f3xx_hal_i2c.o
 .text.HAL_I2C_ER_IRQHandler
                0x0000000008001a6a       0x6c Drivers/STM32F3xx_HAL_Driver/Src/stm32f3xx_hal_i2c.o
                0x0000000008001a6a                HAL_I2C_ER_IRQHandler
 .text.I2C_DMAAbort
                0x0000000008001ad6       0x34 Drivers/STM32F3xx_HAL_Driver/Src/stm32f3xx_hal_i2c.o
 .text.HAL_I2C_GetState
                0x0000000008001b0a        0x6 Drivers/STM32F3xx_HAL_Driver/Src/stm32f3xx_hal_i2c.o
                0x0000000008001b0a                HAL_I2C_GetState
 .text.HAL_I2C_GetError
                0x0000000008001b10        0x4 Drivers/STM32F3xx_HAL_Driver/Src/stm32f3xx_hal_i2c.o
                0x0000000008001b10                HAL_I2C_GetError
 .text.HAL_I2CEx_ConfigAnalogFilter
                0x0000000008001b14       0x5c Drivers/STM32F3xx_HAL_Driver/Src/stm32f3xx_hal_i2c_ex.o
                0x0000000008001b14                HAL_I2CEx_ConfigAnalogFilter
 .text.HAL_I2CEx_ConfigDigitalFilter
                0x0000000008001b70       0x58 Drivers/STM32F3xx_HAL_Driver/Src/stm32f3xx_hal_i2c_ex.o
                0x0000000008001b70                HAL_I2CEx_ConfigDigitalFilter
 .text.HAL_PCD_SetAddress
                0x0000000008001bc8       0x2c Drivers/STM32F3xx_HAL_Driver/Src/stm32f3xx_hal_pcd.o
                0x0000000008001bc8                HAL_PCD_SetAddress
 .text.HAL_PCD_EP_Open
                0x0000000008001bf4      0x3a6 Drivers/STM32F3xx_HAL_Driver/Src/stm32f3xx_hal_pcd.o
                0x0000000008001bf4                HAL_PCD_EP_Open
 .text.HAL_PCD_EP_Receive
                0x0000000008001f9a      0x164 Drivers/STM32F3xx_HAL_Driver/Src/stm32f3xx_hal_pcd.o
                0x0000000008001f9a                HAL_PCD_EP_Receive
 .text.HAL_PCD_EP_Transmit
                0x00000000080020fe      0x136 Drivers/STM32F3xx_HAL_Driver/Src/stm32f3xx_hal_pcd.o
                0x00000000080020fe                HAL_PCD_EP_Transmit
 .text.PCD_EP_ISR_Handler
                0x0000000008002234      0x470 Drivers/STM32F3xx_HAL_Driver/Src/stm32f3xx_hal_pcd.o
 .text.HAL_PCD_IRQHandler
                0x00000000080026a4      0x118 Drivers/STM32F3xx_HAL_Driver/Src/stm32f3xx_hal_pcd.o
                0x00000000080026a4                HAL_PCD_IRQHandler
 .text.HAL_PCD_EP_SetStall
                0x00000000080027bc       0xc0 Drivers/STM32F3xx_HAL_Driver/Src/stm32f3xx_hal_pcd.o
                0x00000000080027bc                HAL_PCD_EP_SetStall
 .text.HAL_PCD_EP_ClrStall
                0x000000000800287c       0xea Drivers/STM32F3xx_HAL_Driver/Src/stm32f3xx_hal_pcd.o
                0x000000000800287c                HAL_PCD_EP_ClrStall
 .text.PCD_WritePMA
                0x0000000008002966       0x2c Drivers/STM32F3xx_HAL_Driver/Src/stm32f3xx_hal_pcd_ex.o
                0x0000000008002966                PCD_WritePMA
 .text.PCD_ReadPMA
                0x0000000008002992       0x32 Drivers/STM32F3xx_HAL_Driver/Src/stm32f3xx_hal_pcd_ex.o
                0x0000000008002992                PCD_ReadPMA
 .text.HAL_RCC_OscConfig
                0x00000000080029c4      0x618 Drivers/STM32F3xx_HAL_Driver/Src/stm32f3xx_hal_rcc.o
                0x00000000080029c4                HAL_RCC_OscConfig
 .text.HAL_RCC_GetSysClockFreq
                0x0000000008002fdc       0x70 Drivers/STM32F3xx_HAL_Driver/Src/stm32f3xx_hal_rcc.o
                0x0000000008002fdc                HAL_RCC_GetSysClockFreq
 .text.HAL_RCC_ClockConfig
                0x000000000800304c      0x1a0 Drivers/STM32F3xx_HAL_Driver/Src/stm32f3xx_hal_rcc.o
                0x000000000800304c                HAL_RCC_ClockConfig
 .text.HAL_RCC_GetHCLKFreq
                0x00000000080031ec        0xc Drivers/STM32F3xx_HAL_Driver/Src/stm32f3xx_hal_rcc.o
                0x00000000080031ec                HAL_RCC_GetHCLKFreq
 .text.HAL_RCC_GetPCLK1Freq
                0x00000000080031f8       0x2c Drivers/STM32F3xx_HAL_Driver/Src/stm32f3xx_hal_rcc.o
                0x00000000080031f8                HAL_RCC_GetPCLK1Freq
 .text.HAL_RCC_GetPCLK2Freq
                0x0000000008003224       0x2c Drivers/STM32F3xx_HAL_Driver/Src/stm32f3xx_hal_rcc.o
                0x0000000008003224                HAL_RCC_GetPCLK2Freq
 .text.HAL_RCCEx_PeriphCLKConfig
                0x0000000008003250      0x268 Drivers/STM32F3xx_HAL_Driver/Src/stm32f3xx_hal_rcc_ex.o
                0x0000000008003250                HAL_RCCEx_PeriphCLKConfig
 .text.SPI_WaitFlagStateUntilTimeout
                0x00000000080034b8       0x92 Drivers/STM32F3xx_HAL_Driver/Src/stm32f3xx_hal_spi.o
 .text.SPI_WaitFifoStateUntilTimeout
                0x000000000800354a       0xa4 Drivers/STM32F3xx_HAL_Driver/Src/stm32f3xx_hal_spi.o
 .text.SPI_EndRxTxTransaction
                0x00000000080035ee       0x66 Drivers/STM32F3xx_HAL_Driver/Src/stm32f3xx_hal_spi.o
 .text.HAL_SPI_Init
                0x0000000008003654       0xba Drivers/STM32F3xx_HAL_Driver/Src/stm32f3xx_hal_spi.o
                0x0000000008003654                HAL_SPI_Init
 *fill*         0x000000000800370e        0x2 
 .text.HAL_SPI_Transmit_IT
                0x0000000008003710       0xa8 Drivers/STM32F3xx_HAL_Driver/Src/stm32f3xx_hal_spi.o
                0x0000000008003710                HAL_SPI_Transmit_IT
 .text.SPI_CloseTx_ISR
                0x00000000080037b8       0x56 Drivers/STM32F3xx_HAL_Driver/Src/stm32f3xx_hal_spi.o
 .text.SPI_TxISR_8BIT
                0x000000000800380e       0x24 Drivers/STM32F3xx_HAL_Driver/Src/stm32f3xx_hal_spi.o
 .text.SPI_TxISR_16BIT
                0x0000000008003832       0x26 Drivers/STM32F3xx_HAL_Driver/Src/stm32f3xx_hal_spi.o
 .text.HAL_SPI_IRQHandler
                0x0000000008003858      0x108 Drivers/STM32F3xx_HAL_Driver/Src/stm32f3xx_hal_spi.o
                0x0000000008003858                HAL_SPI_IRQHandler
 .text.SPI_DMAAbortOnError
                0x0000000008003960       0x12 Drivers/STM32F3xx_HAL_Driver/Src/stm32f3xx_hal_spi.o
 .text.UART_EndRxTransfer
                0x0000000008003972       0x1c Drivers/STM32F3xx_HAL_Driver/Src/stm32f3xx_hal_uart.o
 .text.HAL_UART_Transmit_IT
                0x000000000800398e       0x4c Drivers/STM32F3xx_HAL_Driver/Src/stm32f3xx_hal_uart.o
                0x000000000800398e                HAL_UART_Transmit_IT
 .text.UART_DMAAbortOnError
                0x00000000080039da       0x14 Drivers/STM32F3xx_HAL_Driver/Src/stm32f3xx_hal_uart.o
 *fill*         0x00000000080039ee        0x2 
 .text.UART_SetConfig
                0x00000000080039f0      0x2a0 Drivers/STM32F3xx_HAL_Driver/Src/stm32f3xx_hal_uart.o
                0x00000000080039f0                UART_SetConfig
 .text.UART_AdvFeatureConfig
                0x0000000008003c90       0xca Drivers/STM32F3xx_HAL_Driver/Src/stm32f3xx_hal_uart.o
                0x0000000008003c90                UART_AdvFeatureConfig
 .text.UART_WaitOnFlagUntilTimeout
                0x0000000008003d5a       0x62 Drivers/STM32F3xx_HAL_Driver/Src/stm32f3xx_hal_uart.o
                0x0000000008003d5a                UART_WaitOnFlagUntilTimeout
 .text.UART_CheckIdleState
                0x0000000008003dbc       0x70 Drivers/STM32F3xx_HAL_Driver/Src/stm32f3xx_hal_uart.o
                0x0000000008003dbc                UART_CheckIdleState
 .text.HAL_UART_Init
                0x0000000008003e2c       0x66 Drivers/STM32F3xx_HAL_Driver/Src/stm32f3xx_hal_uart.o
                0x0000000008003e2c                HAL_UART_Init
 .text.UART_Transmit_IT
                0x0000000008003e92       0x6c Drivers/STM32F3xx_HAL_Driver/Src/stm32f3xx_hal_uart.o
                0x0000000008003e92                UART_Transmit_IT
 .text.UART_EndTransmit_IT
                0x0000000008003efe       0x1a Drivers/STM32F3xx_HAL_Driver/Src/stm32f3xx_hal_uart.o
                0x0000000008003efe                UART_EndTransmit_IT
 .text.UART_Receive_IT
                0x0000000008003f18       0x80 Drivers/STM32F3xx_HAL_Driver/Src/stm32f3xx_hal_uart.o
                0x0000000008003f18                UART_Receive_IT
 .text.HAL_UART_IRQHandler
                0x0000000008003f98      0x15c Drivers/STM32F3xx_HAL_Driver/Src/stm32f3xx_hal_uart.o
                0x0000000008003f98                HAL_UART_IRQHandler
 .text.HAL_UARTEx_WakeupCallback
                0x00000000080040f4        0x2 Drivers/STM32F3xx_HAL_Driver/Src/stm32f3xx_hal_uart_ex.o
                0x00000000080040f4                HAL_UARTEx_WakeupCallback
 .text.USBD_SetClassConfig
                0x00000000080040f6       0x1a Middlewares/ST/STM32_USB_Device_Library/Core/Src/usbd_core.o
                0x00000000080040f6                USBD_SetClassConfig
 .text.USBD_ClrClassConfig
                0x0000000008004110        0xe Middlewares/ST/STM32_USB_Device_Library/Core/Src/usbd_core.o
                0x0000000008004110                USBD_ClrClassConfig
 .text.USBD_LL_SetupStage
                0x000000000800411e       0x5a Middlewares/ST/STM32_USB_Device_Library/Core/Src/usbd_core.o
                0x000000000800411e                USBD_LL_SetupStage
 .text.USBD_LL_DataOutStage
                0x0000000008004178       0x6a Middlewares/ST/STM32_USB_Device_Library/Core/Src/usbd_core.o
                0x0000000008004178                USBD_LL_DataOutStage
 .text.USBD_LL_DataInStage
                0x00000000080041e2       0xb0 Middlewares/ST/STM32_USB_Device_Library/Core/Src/usbd_core.o
                0x00000000080041e2                USBD_LL_DataInStage
 .text.USBD_LL_Reset
                0x0000000008004292       0x3e Middlewares/ST/STM32_USB_Device_Library/Core/Src/usbd_core.o
                0x0000000008004292                USBD_LL_Reset
 .text.USBD_LL_SetSpeed
                0x00000000080042d0        0x6 Middlewares/ST/STM32_USB_Device_Library/Core/Src/usbd_core.o
                0x00000000080042d0                USBD_LL_SetSpeed
 .text.USBD_LL_Suspend
                0x00000000080042d6       0x12 Middlewares/ST/STM32_USB_Device_Library/Core/Src/usbd_core.o
                0x00000000080042d6                USBD_LL_Suspend
 .text.USBD_LL_Resume
                0x00000000080042e8        0xc Middlewares/ST/STM32_USB_Device_Library/Core/Src/usbd_core.o
                0x00000000080042e8                USBD_LL_Resume
 .text.USBD_LL_SOF
                0x00000000080042f4       0x1c Middlewares/ST/STM32_USB_Device_Library/Core/Src/usbd_core.o
                0x00000000080042f4                USBD_LL_SOF
 .text.USBD_SetFeature
                0x0000000008004310       0x20 Middlewares/ST/STM32_USB_Device_Library/Core/Src/usbd_ctlreq.o
 .text.USBD_ParseSetupRequest
                0x0000000008004330       0x28 Middlewares/ST/STM32_USB_Device_Library/Core/Src/usbd_ctlreq.o
                0x0000000008004330                USBD_ParseSetupRequest
 .text.USBD_CtlError
                0x0000000008004358       0x14 Middlewares/ST/STM32_USB_Device_Library/Core/Src/usbd_ctlreq.o
                0x0000000008004358                USBD_CtlError
 .text.USBD_GetDescriptor
                0x000000000800436c      0x132 Middlewares/ST/STM32_USB_Device_Library/Core/Src/usbd_ctlreq.o
 .text.USBD_SetAddress
                0x000000000800449e       0x4a Middlewares/ST/STM32_USB_Device_Library/Core/Src/usbd_ctlreq.o
 .text.USBD_SetConfig
                0x00000000080044e8       0xa4 Middlewares/ST/STM32_USB_Device_Library/Core/Src/usbd_ctlreq.o
 .text.USBD_GetConfig
                0x000000000800458c       0x3a Middlewares/ST/STM32_USB_Device_Library/Core/Src/usbd_ctlreq.o
 .text.USBD_GetStatus
                0x00000000080045c6       0x2c Middlewares/ST/STM32_USB_Device_Library/Core/Src/usbd_ctlreq.o
 .text.USBD_ClrFeature
                0x00000000080045f2       0x30 Middlewares/ST/STM32_USB_Device_Library/Core/Src/usbd_ctlreq.o
 .text.USBD_StdDevReq
                0x0000000008004622       0x48 Middlewares/ST/STM32_USB_Device_Library/Core/Src/usbd_ctlreq.o
                0x0000000008004622                USBD_StdDevReq
 .text.USBD_StdItfReq
                0x000000000800466a       0x38 Middlewares/ST/STM32_USB_Device_Library/Core/Src/usbd_ctlreq.o
                0x000000000800466a                USBD_StdItfReq
 .text.USBD_StdEPReq
                0x00000000080046a2      0x118 Middlewares/ST/STM32_USB_Device_Library/Core/Src/usbd_ctlreq.o
                0x00000000080046a2                USBD_StdEPReq
 .text.USBD_CtlSendData
                0x00000000080047ba       0x1a Middlewares/ST/STM32_USB_Device_Library/Core/Src/usbd_ioreq.o
                0x00000000080047ba                USBD_CtlSendData
 .text.USBD_CtlContinueSendData
                0x00000000080047d4       0x10 Middlewares/ST/STM32_USB_Device_Library/Core/Src/usbd_ioreq.o
                0x00000000080047d4                USBD_CtlContinueSendData
 .text.USBD_CtlContinueRx
                0x00000000080047e4       0x10 Middlewares/ST/STM32_USB_Device_Library/Core/Src/usbd_ioreq.o
                0x00000000080047e4                USBD_CtlContinueRx
 .text.USBD_CtlSendStatus
                0x00000000080047f4       0x16 Middlewares/ST/STM32_USB_Device_Library/Core/Src/usbd_ioreq.o
                0x00000000080047f4                USBD_CtlSendStatus
 .text.USBD_CtlReceiveStatus
                0x000000000800480a       0x16 Middlewares/ST/STM32_USB_Device_Library/Core/Src/usbd_ioreq.o
                0x000000000800480a                USBD_CtlReceiveStatus
 .text.MX_CAN_Init
                0x0000000008004820       0x94 Src/can.o
                0x0000000008004820                MX_CAN_Init
 .text.HAL_CAN_MspInit
                0x00000000080048b4       0x8c Src/can.o
                0x00000000080048b4                HAL_CAN_MspInit
 .text.MX_CRC_Init
                0x0000000008004940       0x34 Src/crc.o
                0x0000000008004940                MX_CRC_Init
 .text.HAL_CRC_MspInit
                0x0000000008004974       0x2c Src/crc.o
                0x0000000008004974                HAL_CRC_MspInit
 .text.MX_GPIO_Init
                0x00000000080049a0      0x10c Src/gpio.o
                0x00000000080049a0                MX_GPIO_Init
 .text.LedOff   0x0000000008004aac       0x24 Src/gpio.o
                0x0000000008004aac                LedOff
 .text.MX_I2C2_Init
                0x0000000008004ad0       0x64 Src/i2c.o
                0x0000000008004ad0                MX_I2C2_Init
 .text.HAL_I2C_MspInit
                0x0000000008004b34       0x8c Src/i2c.o
                0x0000000008004b34                HAL_I2C_MspInit
 .text.Frame32to8
                0x0000000008004bc0       0x28 Src/main.o
                0x0000000008004bc0                Frame32to8
 .text.Frame8to32
                0x0000000008004be8       0x2c Src/main.o
                0x0000000008004be8                Frame8to32
 .text.CRC_Check
                0x0000000008004c14       0x80 Src/main.o
                0x0000000008004c14                CRC_Check
 .text.Configure_Peripheral
                0x0000000008004c94       0x54 Src/main.o
                0x0000000008004c94                Configure_Peripheral
 .text.HAL_UART_TxCpltCallback
                0x0000000008004ce8       0x1c Src/main.o
                0x0000000008004ce8                HAL_UART_TxCpltCallback
 .text.HAL_UART_RxCpltCallback
                0x0000000008004d04       0x1c Src/main.o
                0x0000000008004d04                HAL_UART_RxCpltCallback
 .text.HAL_UART_ErrorCallback
                0x0000000008004d20       0x14 Src/main.o
                0x0000000008004d20                HAL_UART_ErrorCallback
 .text.HAL_I2C_MasterTxCpltCallback
                0x0000000008004d34       0x14 Src/main.o
                0x0000000008004d34                HAL_I2C_MasterTxCpltCallback
 .text.HAL_I2C_MasterRxCpltCallback
                0x0000000008004d48       0x14 Src/main.o
                0x0000000008004d48                HAL_I2C_MasterRxCpltCallback
 .text.HAL_I2C_ErrorCallback
                0x0000000008004d5c       0x1c Src/main.o
                0x0000000008004d5c                HAL_I2C_ErrorCallback
 .text.HAL_SPI_TxCpltCallback
                0x0000000008004d78       0x20 Src/main.o
                0x0000000008004d78                HAL_SPI_TxCpltCallback
 .text.HAL_SPI_ErrorCallback
                0x0000000008004d98        0xc Src/main.o
                0x0000000008004d98                HAL_SPI_ErrorCallback
 .text.HAL_GPIO_EXTI_Callback
                0x0000000008004da4       0x14 Src/main.o
                0x0000000008004da4                HAL_GPIO_EXTI_Callback
 .text.HAL_CAN_TxMailbox0CompleteCallback
                0x0000000008004db8       0x10 Src/main.o
                0x0000000008004db8                HAL_CAN_TxMailbox0CompleteCallback
 .text.Error_Handler
                0x0000000008004dc8       0x14 Src/main.o
                0x0000000008004dc8                Error_Handler
 .text.SystemClock_Config
                0x0000000008004ddc       0x90 Src/main.o
                0x0000000008004ddc                SystemClock_Config
 .text.Send_CRC
                0x0000000008004e6c      0x1c0 Src/main.o
                0x0000000008004e6c                Send_CRC
 .text.main     0x000000000800502c       0x78 Src/main.o
                0x000000000800502c                main
 .text.HAL_CAN_RxFifo0MsgPendingCallback
                0x00000000080050a4       0x78 Src/main.o
                0x00000000080050a4                HAL_CAN_RxFifo0MsgPendingCallback
 .text.MX_SPI2_Init
                0x000000000800511c       0x48 Src/spi.o
                0x000000000800511c                MX_SPI2_Init
 .text.HAL_SPI_MspInit
                0x0000000008005164       0xa8 Src/spi.o
                0x0000000008005164                HAL_SPI_MspInit
 .text.BSP_LED_On
                0x000000000800520c       0x20 Src/stm32f3_discovery.o
                0x000000000800520c                BSP_LED_On
 .text.HAL_MspInit
                0x000000000800522c       0x44 Src/stm32f3xx_hal_msp.o
                0x000000000800522c                HAL_MspInit
 .text.NMI_Handler
                0x0000000008005270        0x2 Src/stm32f3xx_it.o
                0x0000000008005270                NMI_Handler
 .text.HardFault_Handler
                0x0000000008005272        0x2 Src/stm32f3xx_it.o
                0x0000000008005272                HardFault_Handler
 .text.MemManage_Handler
                0x0000000008005274        0x2 Src/stm32f3xx_it.o
                0x0000000008005274                MemManage_Handler
 .text.BusFault_Handler
                0x0000000008005276        0x2 Src/stm32f3xx_it.o
                0x0000000008005276                BusFault_Handler
 .text.UsageFault_Handler
                0x0000000008005278        0x2 Src/stm32f3xx_it.o
                0x0000000008005278                UsageFault_Handler
 .text.SVC_Handler
                0x000000000800527a        0x2 Src/stm32f3xx_it.o
                0x000000000800527a                SVC_Handler
 .text.DebugMon_Handler
                0x000000000800527c        0x2 Src/stm32f3xx_it.o
                0x000000000800527c                DebugMon_Handler
 .text.PendSV_Handler
                0x000000000800527e        0x2 Src/stm32f3xx_it.o
                0x000000000800527e                PendSV_Handler
 .text.SysTick_Handler
                0x0000000008005280        0x8 Src/stm32f3xx_it.o
                0x0000000008005280                SysTick_Handler
 .text.RCC_IRQHandler
                0x0000000008005288        0x2 Src/stm32f3xx_it.o
                0x0000000008005288                RCC_IRQHandler
 .text.EXTI0_IRQHandler
                0x000000000800528a        0xa Src/stm32f3xx_it.o
                0x000000000800528a                EXTI0_IRQHandler
 .text.USB_HP_CAN_TX_IRQHandler
                0x0000000008005294       0x10 Src/stm32f3xx_it.o
                0x0000000008005294                USB_HP_CAN_TX_IRQHandler
 .text.USB_LP_CAN_RX0_IRQHandler
                0x00000000080052a4       0x10 Src/stm32f3xx_it.o
                0x00000000080052a4                USB_LP_CAN_RX0_IRQHandler
 .text.CAN_RX1_IRQHandler
                0x00000000080052b4       0x10 Src/stm32f3xx_it.o
                0x00000000080052b4                CAN_RX1_IRQHandler
 .text.CAN_SCE_IRQHandler
                0x00000000080052c4       0x10 Src/stm32f3xx_it.o
                0x00000000080052c4                CAN_SCE_IRQHandler
 .text.I2C2_EV_IRQHandler
                0x00000000080052d4       0x10 Src/stm32f3xx_it.o
                0x00000000080052d4                I2C2_EV_IRQHandler
 .text.I2C2_ER_IRQHandler
                0x00000000080052e4       0x10 Src/stm32f3xx_it.o
                0x00000000080052e4                I2C2_ER_IRQHandler
 .text.SPI2_IRQHandler
                0x00000000080052f4       0x10 Src/stm32f3xx_it.o
                0x00000000080052f4                SPI2_IRQHandler
 .text.USART2_IRQHandler
                0x0000000008005304       0x10 Src/stm32f3xx_it.o
                0x0000000008005304                USART2_IRQHandler
 .text.USB_HP_IRQHandler
                0x0000000008005314       0x10 Src/stm32f3xx_it.o
                0x0000000008005314                USB_HP_IRQHandler
 .text.USB_LP_IRQHandler
                0x0000000008005324       0x10 Src/stm32f3xx_it.o
                0x0000000008005324                USB_LP_IRQHandler
 .text.SystemInit
                0x0000000008005334       0x68 Src/system_stm32f3xx.o
                0x0000000008005334                SystemInit
 .text.MX_USART2_UART_Init
                0x000000000800539c       0x38 Src/usart.o
                0x000000000800539c                MX_USART2_UART_Init
 .text.HAL_UART_MspInit
                0x00000000080053d4       0x78 Src/usart.o
                0x00000000080053d4                HAL_UART_MspInit
 .text.USBD_Get_USB_Status
                0x000000000800544c       0x12 Src/usbd_conf.o
 .text.HAL_PCD_SetupStageCallback
                0x000000000800545e       0x10 Src/usbd_conf.o
                0x000000000800545e                HAL_PCD_SetupStageCallback
 .text.HAL_PCD_DataOutStageCallback
                0x000000000800546e       0x18 Src/usbd_conf.o
                0x000000000800546e                HAL_PCD_DataOutStageCallback
 .text.HAL_PCD_DataInStageCallback
                0x0000000008005486       0x16 Src/usbd_conf.o
                0x0000000008005486                HAL_PCD_DataInStageCallback
 .text.HAL_PCD_SOFCallback
                0x000000000800549c        0xc Src/usbd_conf.o
                0x000000000800549c                HAL_PCD_SOFCallback
 .text.HAL_PCD_ResetCallback
                0x00000000080054a8       0x22 Src/usbd_conf.o
                0x00000000080054a8                HAL_PCD_ResetCallback
 *fill*         0x00000000080054ca        0x2 
 .text.HAL_PCD_SuspendCallback
                0x00000000080054cc       0x20 Src/usbd_conf.o
                0x00000000080054cc                HAL_PCD_SuspendCallback
 .text.HAL_PCD_ResumeCallback
                0x00000000080054ec        0xc Src/usbd_conf.o
                0x00000000080054ec                HAL_PCD_ResumeCallback
 .text.USBD_LL_OpenEP
                0x00000000080054f8       0x16 Src/usbd_conf.o
                0x00000000080054f8                USBD_LL_OpenEP
 .text.USBD_LL_StallEP
                0x000000000800550e       0x10 Src/usbd_conf.o
                0x000000000800550e                USBD_LL_StallEP
 .text.USBD_LL_ClearStallEP
                0x000000000800551e       0x10 Src/usbd_conf.o
                0x000000000800551e                USBD_LL_ClearStallEP
 .text.USBD_LL_IsStallEP
                0x000000000800552e       0x2e Src/usbd_conf.o
                0x000000000800552e                USBD_LL_IsStallEP
 .text.USBD_LL_SetUSBAddress
                0x000000000800555c       0x10 Src/usbd_conf.o
                0x000000000800555c                USBD_LL_SetUSBAddress
 .text.USBD_LL_Transmit
                0x000000000800556c       0x10 Src/usbd_conf.o
                0x000000000800556c                USBD_LL_Transmit
 .text.USBD_LL_PrepareReceive
                0x000000000800557c       0x10 Src/usbd_conf.o
                0x000000000800557c                USBD_LL_PrepareReceive
 .text.Reset_Handler
                0x000000000800558c       0x50 startup/startup_stm32f303xc.o
                0x000000000800558c                Reset_Handler
 .text.Default_Handler
                0x00000000080055dc        0x2 startup/startup_stm32f303xc.o
                0x00000000080055dc                RTC_Alarm_IRQHandler
                0x00000000080055dc                TIM8_TRG_COM_IRQHandler
                0x00000000080055dc                TIM8_CC_IRQHandler
                0x00000000080055dc                TIM1_CC_IRQHandler
                0x00000000080055dc                PVD_IRQHandler
                0x00000000080055dc                TAMP_STAMP_IRQHandler
                0x00000000080055dc                EXTI3_IRQHandler
                0x00000000080055dc                FPU_IRQHandler
                0x00000000080055dc                TIM1_UP_TIM16_IRQHandler
                0x00000000080055dc                ADC1_2_IRQHandler
                0x00000000080055dc                SPI1_IRQHandler
                0x00000000080055dc                TIM6_DAC_IRQHandler
                0x00000000080055dc                TIM8_UP_IRQHandler
                0x00000000080055dc                DMA2_Channel2_IRQHandler
                0x00000000080055dc                DMA1_Channel4_IRQHandler
                0x00000000080055dc                USART3_IRQHandler
                0x00000000080055dc                DMA1_Channel7_IRQHandler
                0x00000000080055dc                UART5_IRQHandler
                0x00000000080055dc                ADC3_IRQHandler
                0x00000000080055dc                TIM4_IRQHandler
                0x00000000080055dc                DMA2_Channel1_IRQHandler
                0x00000000080055dc                I2C1_EV_IRQHandler
                0x00000000080055dc                DMA1_Channel6_IRQHandler
                0x00000000080055dc                UART4_IRQHandler
                0x00000000080055dc                DMA2_Channel4_IRQHandler
                0x00000000080055dc                TIM3_IRQHandler
                0x00000000080055dc                DMA1_Channel1_IRQHandler
                0x00000000080055dc                Default_Handler
                0x00000000080055dc                USBWakeUp_RMP_IRQHandler
                0x00000000080055dc                EXTI15_10_IRQHandler
                0x00000000080055dc                TIM7_IRQHandler
                0x00000000080055dc                EXTI9_5_IRQHandler
                0x00000000080055dc                RTC_WKUP_IRQHandler
                0x00000000080055dc                DMA2_Channel5_IRQHandler
                0x00000000080055dc                DMA1_Channel5_IRQHandler
                0x00000000080055dc                EXTI4_IRQHandler
                0x00000000080055dc                TIM1_TRG_COM_TIM17_IRQHandler
                0x00000000080055dc                DMA1_Channel3_IRQHandler
                0x00000000080055dc                ADC4_IRQHandler
                0x00000000080055dc                WWDG_IRQHandler
                0x00000000080055dc                TIM2_IRQHandler
                0x00000000080055dc                COMP7_IRQHandler
                0x00000000080055dc                COMP1_2_3_IRQHandler
                0x00000000080055dc                EXTI1_IRQHandler
                0x00000000080055dc                COMP4_5_6_IRQHandler
                0x00000000080055dc                DMA1_Channel2_IRQHandler
                0x00000000080055dc                TIM8_BRK_IRQHandler
                0x00000000080055dc                FLASH_IRQHandler
                0x00000000080055dc                USART1_IRQHandler
                0x00000000080055dc                SPI3_IRQHandler
                0x00000000080055dc                I2C1_ER_IRQHandler
                0x00000000080055dc                USBWakeUp_IRQHandler
                0x00000000080055dc                DMA2_Channel3_IRQHandler
                0x00000000080055dc                EXTI2_TSC_IRQHandler
                0x00000000080055dc                TIM1_BRK_TIM15_IRQHandler
 *fill*         0x00000000080055de        0x2 
 .text.__libc_init_array
                0x00000000080055e0       0x48 /home/andrea/Ac6/SystemWorkbench/plugins/fr.ac6.mcu.externaltools.arm-none.linux64_1.17.0.201812190825/tools/compiler/bin/../lib/gcc/arm-none-eabi/7.3.1/../../../../arm-none-eabi/lib/thumb/v7e-m/fpv4-sp/hard/libc_nano.a(lib_a-init.o)
                0x00000000080055e0                __libc_init_array
 .text.memset   0x0000000008005628       0x10 /home/andrea/Ac6/SystemWorkbench/plugins/fr.ac6.mcu.externaltools.arm-none.linux64_1.17.0.201812190825/tools/compiler/bin/../lib/gcc/arm-none-eabi/7.3.1/../../../../arm-none-eabi/lib/thumb/v7e-m/fpv4-sp/hard/libc_nano.a(lib_a-memset.o)
                0x0000000008005628                memset
 *(.glue_7)
 .glue_7        0x0000000008005638        0x0 linker stubs
 *(.glue_7t)
 .glue_7t       0x0000000008005638        0x0 linker stubs
 *(.eh_frame)
 .eh_frame      0x0000000008005638        0x0 /home/andrea/Ac6/SystemWorkbench/plugins/fr.ac6.mcu.externaltools.arm-none.linux64_1.17.0.201812190825/tools/compiler/bin/../lib/gcc/arm-none-eabi/7.3.1/thumb/v7e-m/fpv4-sp/hard/crtbegin.o
 *(.init)
 .init          0x0000000008005638        0x4 /home/andrea/Ac6/SystemWorkbench/plugins/fr.ac6.mcu.externaltools.arm-none.linux64_1.17.0.201812190825/tools/compiler/bin/../lib/gcc/arm-none-eabi/7.3.1/thumb/v7e-m/fpv4-sp/hard/crti.o
                0x0000000008005638                _init
 .init          0x000000000800563c        0x8 /home/andrea/Ac6/SystemWorkbench/plugins/fr.ac6.mcu.externaltools.arm-none.linux64_1.17.0.201812190825/tools/compiler/bin/../lib/gcc/arm-none-eabi/7.3.1/thumb/v7e-m/fpv4-sp/hard/crtn.o
 *(.fini)
 .fini          0x0000000008005644        0x4 /home/andrea/Ac6/SystemWorkbench/plugins/fr.ac6.mcu.externaltools.arm-none.linux64_1.17.0.201812190825/tools/compiler/bin/../lib/gcc/arm-none-eabi/7.3.1/thumb/v7e-m/fpv4-sp/hard/crti.o
                0x0000000008005644                _fini
 .fini          0x0000000008005648        0x8 /home/andrea/Ac6/SystemWorkbench/plugins/fr.ac6.mcu.externaltools.arm-none.linux64_1.17.0.201812190825/tools/compiler/bin/../lib/gcc/arm-none-eabi/7.3.1/thumb/v7e-m/fpv4-sp/hard/crtn.o
                0x0000000008005650                . = ALIGN (0x4)
                0x0000000008005650                _etext = .

.vfp11_veneer   0x0000000008005650        0x0
 .vfp11_veneer  0x0000000008005650        0x0 linker stubs

.v4_bx          0x0000000008005650        0x0
 .v4_bx         0x0000000008005650        0x0 linker stubs

.iplt           0x0000000008005650        0x0
 .iplt          0x0000000008005650        0x0 /home/andrea/Ac6/SystemWorkbench/plugins/fr.ac6.mcu.externaltools.arm-none.linux64_1.17.0.201812190825/tools/compiler/bin/../lib/gcc/arm-none-eabi/7.3.1/thumb/v7e-m/fpv4-sp/hard/crtbegin.o

.rodata         0x0000000008005650       0x50
                0x0000000008005650                . = ALIGN (0x4)
 *(.rodata)
 .rodata        0x0000000008005650       0x20 Drivers/STM32F3xx_HAL_Driver/Src/stm32f3xx_hal_rcc.o
                0x0000000008005650                aPLLMULFactorTable
                0x0000000008005660                aPredivFactorTable
 .rodata        0x0000000008005670       0x16 Src/stm32f3_discovery.o
                0x0000000008005670                LED_PIN
                0x0000000008005680                BUTTON_IRQn
                0x0000000008005684                BUTTON_PIN
 *fill*         0x0000000008005686        0x2 
 .rodata        0x0000000008005688       0x18 Src/system_stm32f3xx.o
                0x0000000008005688                AHBPrescTable
                0x0000000008005698                APBPrescTable
 *(.rodata*)
                0x00000000080056a0                . = ALIGN (0x4)

.rel.dyn        0x00000000080056a0        0x0
 .rel.iplt      0x00000000080056a0        0x0 /home/andrea/Ac6/SystemWorkbench/plugins/fr.ac6.mcu.externaltools.arm-none.linux64_1.17.0.201812190825/tools/compiler/bin/../lib/gcc/arm-none-eabi/7.3.1/thumb/v7e-m/fpv4-sp/hard/crtbegin.o

.ARM.extab
 *(.ARM.extab* .gnu.linkonce.armextab.*)

.ARM            0x00000000080056a0        0x0
                0x00000000080056a0                __exidx_start = .
 *(.ARM.exidx*)
                0x00000000080056a0                __exidx_end = .

.preinit_array  0x00000000080056a0        0x0
                0x00000000080056a0                PROVIDE (__preinit_array_start = .)
 *(.preinit_array*)
                0x00000000080056a0                PROVIDE (__preinit_array_end = .)

.init_array     0x00000000080056a0        0x4
                0x00000000080056a0                PROVIDE (__init_array_start = .)
 *(SORT_BY_NAME(.init_array.*))
 *(.init_array*)
 .init_array    0x00000000080056a0        0x4 /home/andrea/Ac6/SystemWorkbench/plugins/fr.ac6.mcu.externaltools.arm-none.linux64_1.17.0.201812190825/tools/compiler/bin/../lib/gcc/arm-none-eabi/7.3.1/thumb/v7e-m/fpv4-sp/hard/crtbegin.o
                0x00000000080056a4                PROVIDE (__init_array_end = .)

.fini_array     0x00000000080056a4        0x4
                [!provide]                        PROVIDE (__fini_array_start = .)
 *(SORT_BY_NAME(.fini_array.*))
 *(.fini_array*)
 .fini_array    0x00000000080056a4        0x4 /home/andrea/Ac6/SystemWorkbench/plugins/fr.ac6.mcu.externaltools.arm-none.linux64_1.17.0.201812190825/tools/compiler/bin/../lib/gcc/arm-none-eabi/7.3.1/thumb/v7e-m/fpv4-sp/hard/crtbegin.o
                [!provide]                        PROVIDE (__fini_array_end = .)
                0x00000000080056a8                _sidata = LOADADDR (.data)

.data           0x0000000020000000       0x48 load address 0x00000000080056a8
                0x0000000020000000                . = ALIGN (0x4)
                0x0000000020000000                _sdata = .
 *(.data)
 .data          0x0000000020000000        0x8 Drivers/STM32F3xx_HAL_Driver/Src/stm32f3xx_hal.o
                0x0000000020000000                uwTickFreq
                0x0000000020000004                uwTickPrio
 .data          0x0000000020000008       0x10 Src/main.o
 .data          0x0000000020000018       0x2c Src/stm32f3_discovery.o
                0x0000000020000018                SpixTimeout
                0x000000002000001c                I2cxTimeout
                0x0000000020000020                LED_PORT
                0x0000000020000040                BUTTON_PORT
 .data          0x0000000020000044        0x4 Src/system_stm32f3xx.o
                0x0000000020000044                SystemCoreClock
 *(.data*)
                0x0000000020000048                . = ALIGN (0x4)
                0x0000000020000048                _edata = .
                0x00000000080056f0                _siccmram = LOADADDR (.ccmram)

.igot.plt       0x0000000020000048        0x0 load address 0x00000000080056f0
 .igot.plt      0x0000000020000048        0x0 /home/andrea/Ac6/SystemWorkbench/plugins/fr.ac6.mcu.externaltools.arm-none.linux64_1.17.0.201812190825/tools/compiler/bin/../lib/gcc/arm-none-eabi/7.3.1/thumb/v7e-m/fpv4-sp/hard/crtbegin.o

.ccmram         0x0000000010000000        0x0 load address 0x00000000080056f0
                0x0000000010000000                . = ALIGN (0x4)
                0x0000000010000000                _sccmram = .
 *(.ccmram)
 *(.ccmram*)
                0x0000000010000000                . = ALIGN (0x4)
                0x0000000010000000                _eccmram = .
                0x0000000010000000                . = ALIGN (0x4)

.bss            0x0000000020000048      0x630
                0x0000000020000048                _sbss = .
                0x0000000020000048                __bss_start__ = _sbss
 *(.bss)
 .bss           0x0000000020000048       0x1c /home/andrea/Ac6/SystemWorkbench/plugins/fr.ac6.mcu.externaltools.arm-none.linux64_1.17.0.201812190825/tools/compiler/bin/../lib/gcc/arm-none-eabi/7.3.1/thumb/v7e-m/fpv4-sp/hard/crtbegin.o
 .bss           0x0000000020000064        0x1 Middlewares/ST/STM32_USB_Device_Library/Core/Src/usbd_ctlreq.o
 *fill*         0x0000000020000065        0x3 
 .bss           0x0000000020000068       0x15 Src/main.o
                0x0000000020000068                UartReady
                0x000000002000006c                wTransferState
                0x0000000020000070                UserButtonStatus
                0x0000000020000074                tx_callback_count
                0x0000000020000078                rx_callback_count
                0x000000002000007c                CanReady
 *(.bss*)
 *(COMMON)
 *fill*         0x000000002000007d        0x3 
 COMMON         0x0000000020000080        0x4 Drivers/STM32F3xx_HAL_Driver/Src/stm32f3xx_hal.o
                0x0000000020000080                uwTick
 COMMON         0x0000000020000084       0x50 Src/can.o
                0x0000000020000084                sFilterConfig
                0x00000000200000ac                CanHandle
 COMMON         0x00000000200000d4       0x24 Src/crc.o
                0x00000000200000d4                hcrc
 COMMON         0x00000000200000f8       0x4c Src/i2c.o
                0x00000000200000f8                hi2c2
 COMMON         0x0000000020000144       0xb8 Src/main.o
                0x0000000020000144                SPI_RxBuffer
                0x0000000020000154                I2C_RxBuffer
                0x0000000020000164                CanRx_Frame
                0x000000002000016c                CAN_RxBuffer
                0x000000002000017c                CanTx_Frame
                0x0000000020000184                CanTxData
                0x0000000020000194                TxMailbox
                0x0000000020000198                CanRxData
                0x00000000200001a8                UART_RxBuffer
                0x00000000200001b8                TxHeader
                0x00000000200001d0                RxHeader
                0x00000000200001ec                aTxBuffer
 COMMON         0x00000000200001fc       0x64 Src/spi.o
                0x00000000200001fc                hspi2
 COMMON         0x0000000020000260       0x70 Src/usart.o
                0x0000000020000260                huart2
 COMMON         0x00000000200002d0      0x3a8 Src/usbd_conf.o
                0x00000000200002d0                hpcd_USB_FS
                0x0000000020000678                . = ALIGN (0x4)
                0x0000000020000678                _ebss = .
                0x0000000020000678                __bss_end__ = _ebss

._user_heap_stack
                0x0000000020000678      0x600
                0x0000000020000678                . = ALIGN (0x8)
                0x0000000020000678                PROVIDE (end = .)
                [!provide]                        PROVIDE (_end = .)
                0x0000000020000878                . = (. + _Min_Heap_Size)
 *fill*         0x0000000020000678      0x200 
                0x0000000020000c78                . = (. + _Min_Stack_Size)
 *fill*         0x0000000020000878      0x400 
                0x0000000020000c78                . = ALIGN (0x8)

/DISCARD/
 libc.a(*)
 libm.a(*)
 libgcc.a(*)

.ARM.attributes
                0x0000000000000000       0x30
 *(.ARM.attributes)
 .ARM.attributes
                0x0000000000000000       0x22 /home/andrea/Ac6/SystemWorkbench/plugins/fr.ac6.mcu.externaltools.arm-none.linux64_1.17.0.201812190825/tools/compiler/bin/../lib/gcc/arm-none-eabi/7.3.1/thumb/v7e-m/fpv4-sp/hard/crti.o
 .ARM.attributes
                0x0000000000000022       0x34 /home/andrea/Ac6/SystemWorkbench/plugins/fr.ac6.mcu.externaltools.arm-none.linux64_1.17.0.201812190825/tools/compiler/bin/../lib/gcc/arm-none-eabi/7.3.1/thumb/v7e-m/fpv4-sp/hard/crtbegin.o
 .ARM.attributes
                0x0000000000000056       0x39 Drivers/STM32F3xx_HAL_Driver/Src/stm32f3xx_hal.o
 .ARM.attributes
                0x000000000000008f       0x39 Drivers/STM32F3xx_HAL_Driver/Src/stm32f3xx_hal_can.o
 .ARM.attributes
                0x00000000000000c8       0x39 Drivers/STM32F3xx_HAL_Driver/Src/stm32f3xx_hal_cortex.o
 .ARM.attributes
                0x0000000000000101       0x39 Drivers/STM32F3xx_HAL_Driver/Src/stm32f3xx_hal_crc.o
 .ARM.attributes
                0x000000000000013a       0x39 Drivers/STM32F3xx_HAL_Driver/Src/stm32f3xx_hal_crc_ex.o
 .ARM.attributes
                0x0000000000000173       0x39 Drivers/STM32F3xx_HAL_Driver/Src/stm32f3xx_hal_dma.o
 .ARM.attributes
                0x00000000000001ac       0x39 Drivers/STM32F3xx_HAL_Driver/Src/stm32f3xx_hal_gpio.o
 .ARM.attributes
                0x00000000000001e5       0x39 Drivers/STM32F3xx_HAL_Driver/Src/stm32f3xx_hal_i2c.o
 .ARM.attributes
                0x000000000000021e       0x39 Drivers/STM32F3xx_HAL_Driver/Src/stm32f3xx_hal_i2c_ex.o
 .ARM.attributes
                0x0000000000000257       0x39 Drivers/STM32F3xx_HAL_Driver/Src/stm32f3xx_hal_pcd.o
 .ARM.attributes
                0x0000000000000290       0x39 Drivers/STM32F3xx_HAL_Driver/Src/stm32f3xx_hal_pcd_ex.o
 .ARM.attributes
                0x00000000000002c9       0x39 Drivers/STM32F3xx_HAL_Driver/Src/stm32f3xx_hal_rcc.o
 .ARM.attributes
                0x0000000000000302       0x39 Drivers/STM32F3xx_HAL_Driver/Src/stm32f3xx_hal_rcc_ex.o
 .ARM.attributes
                0x000000000000033b       0x39 Drivers/STM32F3xx_HAL_Driver/Src/stm32f3xx_hal_spi.o
 .ARM.attributes
                0x0000000000000374       0x39 Drivers/STM32F3xx_HAL_Driver/Src/stm32f3xx_hal_uart.o
 .ARM.attributes
                0x00000000000003ad       0x39 Drivers/STM32F3xx_HAL_Driver/Src/stm32f3xx_hal_uart_ex.o
 .ARM.attributes
                0x00000000000003e6       0x39 Middlewares/ST/STM32_USB_Device_Library/Core/Src/usbd_core.o
 .ARM.attributes
                0x000000000000041f       0x39 Middlewares/ST/STM32_USB_Device_Library/Core/Src/usbd_ctlreq.o
 .ARM.attributes
                0x0000000000000458       0x39 Middlewares/ST/STM32_USB_Device_Library/Core/Src/usbd_ioreq.o
 .ARM.attributes
                0x0000000000000491       0x39 Src/can.o
 .ARM.attributes
                0x00000000000004ca       0x39 Src/crc.o
 .ARM.attributes
                0x0000000000000503       0x39 Src/gpio.o
 .ARM.attributes
                0x000000000000053c       0x39 Src/i2c.o
 .ARM.attributes
                0x0000000000000575       0x39 Src/main.o
 .ARM.attributes
                0x00000000000005ae       0x39 Src/spi.o
 .ARM.attributes
                0x00000000000005e7       0x39 Src/stm32f3_discovery.o
 .ARM.attributes
                0x0000000000000620       0x39 Src/stm32f3xx_hal_msp.o
 .ARM.attributes
                0x0000000000000659       0x39 Src/stm32f3xx_it.o
 .ARM.attributes
                0x0000000000000692       0x39 Src/system_stm32f3xx.o
 .ARM.attributes
                0x00000000000006cb       0x39 Src/usart.o
 .ARM.attributes
                0x0000000000000704       0x39 Src/usbd_conf.o
 .ARM.attributes
                0x000000000000073d       0x21 startup/startup_stm32f303xc.o
 .ARM.attributes
                0x000000000000075e       0x34 /home/andrea/Ac6/SystemWorkbench/plugins/fr.ac6.mcu.externaltools.arm-none.linux64_1.17.0.201812190825/tools/compiler/bin/../lib/gcc/arm-none-eabi/7.3.1/../../../../arm-none-eabi/lib/thumb/v7e-m/fpv4-sp/hard/libc_nano.a(lib_a-init.o)
 .ARM.attributes
                0x0000000000000792       0x34 /home/andrea/Ac6/SystemWorkbench/plugins/fr.ac6.mcu.externaltools.arm-none.linux64_1.17.0.201812190825/tools/compiler/bin/../lib/gcc/arm-none-eabi/7.3.1/../../../../arm-none-eabi/lib/thumb/v7e-m/fpv4-sp/hard/libc_nano.a(lib_a-memset.o)
 .ARM.attributes
                0x00000000000007c6       0x22 /home/andrea/Ac6/SystemWorkbench/plugins/fr.ac6.mcu.externaltools.arm-none.linux64_1.17.0.201812190825/tools/compiler/bin/../lib/gcc/arm-none-eabi/7.3.1/thumb/v7e-m/fpv4-sp/hard/crtn.o
OUTPUT(CRC_MultiSerial.elf elf32-littlearm)

.debug_info     0x0000000000000000    0x2cb62
 .debug_info    0x0000000000000000     0x10a0 Drivers/STM32F3xx_HAL_Driver/Src/stm32f3xx_hal.o
 .debug_info    0x00000000000010a0     0x1965 Drivers/STM32F3xx_HAL_Driver/Src/stm32f3xx_hal_can.o
 .debug_info    0x0000000000002a05     0x1714 Drivers/STM32F3xx_HAL_Driver/Src/stm32f3xx_hal_cortex.o
 .debug_info    0x0000000000004119      0xe53 Drivers/STM32F3xx_HAL_Driver/Src/stm32f3xx_hal_crc.o
 .debug_info    0x0000000000004f6c      0xc45 Drivers/STM32F3xx_HAL_Driver/Src/stm32f3xx_hal_crc_ex.o
 .debug_info    0x0000000000005bb1     0x10a1 Drivers/STM32F3xx_HAL_Driver/Src/stm32f3xx_hal_dma.o
 .debug_info    0x0000000000006c52      0xf42 Drivers/STM32F3xx_HAL_Driver/Src/stm32f3xx_hal_gpio.o
 .debug_info    0x0000000000007b94     0x3a25 Drivers/STM32F3xx_HAL_Driver/Src/stm32f3xx_hal_i2c.o
 .debug_info    0x000000000000b5b9     0x1107 Drivers/STM32F3xx_HAL_Driver/Src/stm32f3xx_hal_i2c_ex.o
 .debug_info    0x000000000000c6c0     0x1a3f Drivers/STM32F3xx_HAL_Driver/Src/stm32f3xx_hal_pcd.o
 .debug_info    0x000000000000e0ff      0xf68 Drivers/STM32F3xx_HAL_Driver/Src/stm32f3xx_hal_pcd_ex.o
 .debug_info    0x000000000000f067     0x1c80 Drivers/STM32F3xx_HAL_Driver/Src/stm32f3xx_hal_rcc.o
 .debug_info    0x0000000000010ce7      0xfd5 Drivers/STM32F3xx_HAL_Driver/Src/stm32f3xx_hal_rcc_ex.o
 .debug_info    0x0000000000011cbc     0x25f7 Drivers/STM32F3xx_HAL_Driver/Src/stm32f3xx_hal_spi.o
 .debug_info    0x00000000000142b3     0x2235 Drivers/STM32F3xx_HAL_Driver/Src/stm32f3xx_hal_uart.o
 .debug_info    0x00000000000164e8     0x1198 Drivers/STM32F3xx_HAL_Driver/Src/stm32f3xx_hal_uart_ex.o
 .debug_info    0x0000000000017680     0x1505 Middlewares/ST/STM32_USB_Device_Library/Core/Src/usbd_core.o
 .debug_info    0x0000000000018b85     0x16c4 Middlewares/ST/STM32_USB_Device_Library/Core/Src/usbd_ctlreq.o
 .debug_info    0x000000000001a249     0x102e Middlewares/ST/STM32_USB_Device_Library/Core/Src/usbd_ioreq.o
 .debug_info    0x000000000001b277     0x148f Src/can.o
 .debug_info    0x000000000001c706      0xd17 Src/crc.o
 .debug_info    0x000000000001d41d      0xf91 Src/gpio.o
 .debug_info    0x000000000001e3ae     0x1492 Src/i2c.o
 .debug_info    0x000000000001f840     0x2df9 Src/main.o
 .debug_info    0x0000000000022639     0x13f6 Src/spi.o
 .debug_info    0x0000000000023a2f     0x21d6 Src/stm32f3_discovery.o
 .debug_info    0x0000000000025c05      0xcb6 Src/stm32f3xx_hal_msp.o
 .debug_info    0x00000000000268bb     0x1dd5 Src/stm32f3xx_it.o
 .debug_info    0x0000000000028690      0xc82 Src/system_stm32f3xx.o
 .debug_info    0x0000000000029312     0x1417 Src/usart.o
 .debug_info    0x000000000002a729     0x2417 Src/usbd_conf.o
 .debug_info    0x000000000002cb40       0x22 startup/startup_stm32f303xc.o

.debug_abbrev   0x0000000000000000     0x558b
 .debug_abbrev  0x0000000000000000      0x2e1 Drivers/STM32F3xx_HAL_Driver/Src/stm32f3xx_hal.o
 .debug_abbrev  0x00000000000002e1      0x33d Drivers/STM32F3xx_HAL_Driver/Src/stm32f3xx_hal_can.o
 .debug_abbrev  0x000000000000061e      0x3ba Drivers/STM32F3xx_HAL_Driver/Src/stm32f3xx_hal_cortex.o
 .debug_abbrev  0x00000000000009d8      0x2c8 Drivers/STM32F3xx_HAL_Driver/Src/stm32f3xx_hal_crc.o
 .debug_abbrev  0x0000000000000ca0      0x225 Drivers/STM32F3xx_HAL_Driver/Src/stm32f3xx_hal_crc_ex.o
 .debug_abbrev  0x0000000000000ec5      0x2d6 Drivers/STM32F3xx_HAL_Driver/Src/stm32f3xx_hal_dma.o
 .debug_abbrev  0x000000000000119b      0x2a7 Drivers/STM32F3xx_HAL_Driver/Src/stm32f3xx_hal_gpio.o
 .debug_abbrev  0x0000000000001442      0x2df Drivers/STM32F3xx_HAL_Driver/Src/stm32f3xx_hal_i2c.o
 .debug_abbrev  0x0000000000001721      0x257 Drivers/STM32F3xx_HAL_Driver/Src/stm32f3xx_hal_i2c_ex.o
 .debug_abbrev  0x0000000000001978      0x36f Drivers/STM32F3xx_HAL_Driver/Src/stm32f3xx_hal_pcd.o
 .debug_abbrev  0x0000000000001ce7      0x279 Drivers/STM32F3xx_HAL_Driver/Src/stm32f3xx_hal_pcd_ex.o
 .debug_abbrev  0x0000000000001f60      0x365 Drivers/STM32F3xx_HAL_Driver/Src/stm32f3xx_hal_rcc.o
 .debug_abbrev  0x00000000000022c5      0x336 Drivers/STM32F3xx_HAL_Driver/Src/stm32f3xx_hal_rcc_ex.o
 .debug_abbrev  0x00000000000025fb      0x2e1 Drivers/STM32F3xx_HAL_Driver/Src/stm32f3xx_hal_spi.o
 .debug_abbrev  0x00000000000028dc      0x2eb Drivers/STM32F3xx_HAL_Driver/Src/stm32f3xx_hal_uart.o
 .debug_abbrev  0x0000000000002bc7      0x2a8 Drivers/STM32F3xx_HAL_Driver/Src/stm32f3xx_hal_uart_ex.o
 .debug_abbrev  0x0000000000002e6f      0x2ac Middlewares/ST/STM32_USB_Device_Library/Core/Src/usbd_core.o
 .debug_abbrev  0x000000000000311b      0x329 Middlewares/ST/STM32_USB_Device_Library/Core/Src/usbd_ctlreq.o
 .debug_abbrev  0x0000000000003444      0x215 Middlewares/ST/STM32_USB_Device_Library/Core/Src/usbd_ioreq.o
 .debug_abbrev  0x0000000000003659      0x299 Src/can.o
 .debug_abbrev  0x00000000000038f2      0x265 Src/crc.o
 .debug_abbrev  0x0000000000003b57      0x24c Src/gpio.o
 .debug_abbrev  0x0000000000003da3      0x26c Src/i2c.o
 .debug_abbrev  0x000000000000400f      0x391 Src/main.o
 .debug_abbrev  0x00000000000043a0      0x26c Src/spi.o
 .debug_abbrev  0x000000000000460c      0x31d Src/stm32f3_discovery.o
 .debug_abbrev  0x0000000000004929      0x234 Src/stm32f3xx_hal_msp.o
 .debug_abbrev  0x0000000000004b5d      0x26a Src/stm32f3xx_it.o
 .debug_abbrev  0x0000000000004dc7      0x21f Src/system_stm32f3xx.o
 .debug_abbrev  0x0000000000004fe6      0x26c Src/usart.o
 .debug_abbrev  0x0000000000005252      0x327 Src/usbd_conf.o
 .debug_abbrev  0x0000000000005579       0x12 startup/startup_stm32f303xc.o

.debug_loc      0x0000000000000000     0xe714
 .debug_loc     0x0000000000000000       0xfd Drivers/STM32F3xx_HAL_Driver/Src/stm32f3xx_hal.o
 .debug_loc     0x00000000000000fd      0xc41 Drivers/STM32F3xx_HAL_Driver/Src/stm32f3xx_hal_can.o
 .debug_loc     0x0000000000000d3e      0x5ce Drivers/STM32F3xx_HAL_Driver/Src/stm32f3xx_hal_cortex.o
 .debug_loc     0x000000000000130c      0x557 Drivers/STM32F3xx_HAL_Driver/Src/stm32f3xx_hal_crc.o
 .debug_loc     0x0000000000001863      0x19f Drivers/STM32F3xx_HAL_Driver/Src/stm32f3xx_hal_crc_ex.o
 .debug_loc     0x0000000000001a02      0x7aa Drivers/STM32F3xx_HAL_Driver/Src/stm32f3xx_hal_dma.o
 .debug_loc     0x00000000000021ac      0x361 Drivers/STM32F3xx_HAL_Driver/Src/stm32f3xx_hal_gpio.o
 .debug_loc     0x000000000000250d     0x3c4a Drivers/STM32F3xx_HAL_Driver/Src/stm32f3xx_hal_i2c.o
 .debug_loc     0x0000000000006157      0x21c Drivers/STM32F3xx_HAL_Driver/Src/stm32f3xx_hal_i2c_ex.o
 .debug_loc     0x0000000000006373      0xd39 Drivers/STM32F3xx_HAL_Driver/Src/stm32f3xx_hal_pcd.o
 .debug_loc     0x00000000000070ac      0x327 Drivers/STM32F3xx_HAL_Driver/Src/stm32f3xx_hal_pcd_ex.o
 .debug_loc     0x00000000000073d3      0x946 Drivers/STM32F3xx_HAL_Driver/Src/stm32f3xx_hal_rcc.o
 .debug_loc     0x0000000000007d19      0x82d Drivers/STM32F3xx_HAL_Driver/Src/stm32f3xx_hal_rcc_ex.o
 .debug_loc     0x0000000000008546     0x1ba1 Drivers/STM32F3xx_HAL_Driver/Src/stm32f3xx_hal_spi.o
 .debug_loc     0x000000000000a0e7     0x1776 Drivers/STM32F3xx_HAL_Driver/Src/stm32f3xx_hal_uart.o
 .debug_loc     0x000000000000b85d      0x2d6 Drivers/STM32F3xx_HAL_Driver/Src/stm32f3xx_hal_uart_ex.o
 .debug_loc     0x000000000000bb33      0x6f8 Middlewares/ST/STM32_USB_Device_Library/Core/Src/usbd_core.o
 .debug_loc     0x000000000000c22b      0xb38 Middlewares/ST/STM32_USB_Device_Library/Core/Src/usbd_ctlreq.o
 .debug_loc     0x000000000000cd63      0x23c Middlewares/ST/STM32_USB_Device_Library/Core/Src/usbd_ioreq.o
 .debug_loc     0x000000000000cf9f       0x84 Src/can.o
 .debug_loc     0x000000000000d023       0x51 Src/crc.o
 .debug_loc     0x000000000000d074       0xb6 Src/i2c.o
 .debug_loc     0x000000000000d12a      0x511 Src/main.o
 .debug_loc     0x000000000000d63b       0x74 Src/spi.o
 .debug_loc     0x000000000000d6af      0x46e Src/stm32f3_discovery.o
 .debug_loc     0x000000000000db1d       0xff Src/system_stm32f3xx.o
 .debug_loc     0x000000000000dc1c       0xa4 Src/usart.o
 .debug_loc     0x000000000000dcc0      0xa54 Src/usbd_conf.o

.debug_aranges  0x0000000000000000     0x1380
 .debug_aranges
                0x0000000000000000       0xe0 Drivers/STM32F3xx_HAL_Driver/Src/stm32f3xx_hal.o
 .debug_aranges
                0x00000000000000e0      0x138 Drivers/STM32F3xx_HAL_Driver/Src/stm32f3xx_hal_can.o
 .debug_aranges
                0x0000000000000218       0xa8 Drivers/STM32F3xx_HAL_Driver/Src/stm32f3xx_hal_cortex.o
 .debug_aranges
                0x00000000000002c0       0x60 Drivers/STM32F3xx_HAL_Driver/Src/stm32f3xx_hal_crc.o
 .debug_aranges
                0x0000000000000320       0x30 Drivers/STM32F3xx_HAL_Driver/Src/stm32f3xx_hal_crc_ex.o
 .debug_aranges
                0x0000000000000350       0x88 Drivers/STM32F3xx_HAL_Driver/Src/stm32f3xx_hal_dma.o
 .debug_aranges
                0x00000000000003d8       0x58 Drivers/STM32F3xx_HAL_Driver/Src/stm32f3xx_hal_gpio.o
 .debug_aranges
                0x0000000000000430      0x260 Drivers/STM32F3xx_HAL_Driver/Src/stm32f3xx_hal_i2c.o
 .debug_aranges
                0x0000000000000690       0x48 Drivers/STM32F3xx_HAL_Driver/Src/stm32f3xx_hal_i2c_ex.o
 .debug_aranges
                0x00000000000006d8      0x120 Drivers/STM32F3xx_HAL_Driver/Src/stm32f3xx_hal_pcd.o
 .debug_aranges
                0x00000000000007f8       0x38 Drivers/STM32F3xx_HAL_Driver/Src/stm32f3xx_hal_pcd_ex.o
 .debug_aranges
                0x0000000000000830       0x88 Drivers/STM32F3xx_HAL_Driver/Src/stm32f3xx_hal_rcc.o
 .debug_aranges
                0x00000000000008b8       0x38 Drivers/STM32F3xx_HAL_Driver/Src/stm32f3xx_hal_rcc_ex.o
 .debug_aranges
                0x00000000000008f0      0x1d8 Drivers/STM32F3xx_HAL_Driver/Src/stm32f3xx_hal_spi.o
 .debug_aranges
                0x0000000000000ac8      0x1f0 Drivers/STM32F3xx_HAL_Driver/Src/stm32f3xx_hal_uart.o
 .debug_aranges
                0x0000000000000cb8       0x48 Drivers/STM32F3xx_HAL_Driver/Src/stm32f3xx_hal_uart_ex.o
 .debug_aranges
                0x0000000000000d00       0xb8 Middlewares/ST/STM32_USB_Device_Library/Core/Src/usbd_core.o
 .debug_aranges
                0x0000000000000db8       0x88 Middlewares/ST/STM32_USB_Device_Library/Core/Src/usbd_ctlreq.o
 .debug_aranges
                0x0000000000000e40       0x50 Middlewares/ST/STM32_USB_Device_Library/Core/Src/usbd_ioreq.o
 .debug_aranges
                0x0000000000000e90       0x30 Src/can.o
 .debug_aranges
                0x0000000000000ec0       0x30 Src/crc.o
 .debug_aranges
                0x0000000000000ef0       0x28 Src/gpio.o
 .debug_aranges
                0x0000000000000f18       0x30 Src/i2c.o
 .debug_aranges
                0x0000000000000f48       0xc0 Src/main.o
 .debug_aranges
                0x0000000000001008       0x30 Src/spi.o
 .debug_aranges
                0x0000000000001038       0xd0 Src/stm32f3_discovery.o
 .debug_aranges
                0x0000000000001108       0x20 Src/stm32f3xx_hal_msp.o
 .debug_aranges
                0x0000000000001128       0xc0 Src/stm32f3xx_it.o
 .debug_aranges
                0x00000000000011e8       0x28 Src/system_stm32f3xx.o
 .debug_aranges
                0x0000000000001210       0x30 Src/usart.o
 .debug_aranges
                0x0000000000001240      0x118 Src/usbd_conf.o
 .debug_aranges
                0x0000000000001358       0x28 startup/startup_stm32f303xc.o

.debug_ranges   0x0000000000000000     0x1310
 .debug_ranges  0x0000000000000000       0xd0 Drivers/STM32F3xx_HAL_Driver/Src/stm32f3xx_hal.o
 .debug_ranges  0x00000000000000d0      0x128 Drivers/STM32F3xx_HAL_Driver/Src/stm32f3xx_hal_can.o
 .debug_ranges  0x00000000000001f8       0xf8 Drivers/STM32F3xx_HAL_Driver/Src/stm32f3xx_hal_cortex.o
 .debug_ranges  0x00000000000002f0       0x50 Drivers/STM32F3xx_HAL_Driver/Src/stm32f3xx_hal_crc.o
 .debug_ranges  0x0000000000000340       0x20 Drivers/STM32F3xx_HAL_Driver/Src/stm32f3xx_hal_crc_ex.o
 .debug_ranges  0x0000000000000360       0x78 Drivers/STM32F3xx_HAL_Driver/Src/stm32f3xx_hal_dma.o
 .debug_ranges  0x00000000000003d8       0x48 Drivers/STM32F3xx_HAL_Driver/Src/stm32f3xx_hal_gpio.o
 .debug_ranges  0x0000000000000420      0x250 Drivers/STM32F3xx_HAL_Driver/Src/stm32f3xx_hal_i2c.o
 .debug_ranges  0x0000000000000670       0x38 Drivers/STM32F3xx_HAL_Driver/Src/stm32f3xx_hal_i2c_ex.o
 .debug_ranges  0x00000000000006a8      0x1a0 Drivers/STM32F3xx_HAL_Driver/Src/stm32f3xx_hal_pcd.o
 .debug_ranges  0x0000000000000848       0x28 Drivers/STM32F3xx_HAL_Driver/Src/stm32f3xx_hal_pcd_ex.o
 .debug_ranges  0x0000000000000870       0x98 Drivers/STM32F3xx_HAL_Driver/Src/stm32f3xx_hal_rcc.o
 .debug_ranges  0x0000000000000908       0x40 Drivers/STM32F3xx_HAL_Driver/Src/stm32f3xx_hal_rcc_ex.o
 .debug_ranges  0x0000000000000948      0x1c8 Drivers/STM32F3xx_HAL_Driver/Src/stm32f3xx_hal_spi.o
 .debug_ranges  0x0000000000000b10      0x1e0 Drivers/STM32F3xx_HAL_Driver/Src/stm32f3xx_hal_uart.o
 .debug_ranges  0x0000000000000cf0       0x38 Drivers/STM32F3xx_HAL_Driver/Src/stm32f3xx_hal_uart_ex.o
 .debug_ranges  0x0000000000000d28       0xa8 Middlewares/ST/STM32_USB_Device_Library/Core/Src/usbd_core.o
 .debug_ranges  0x0000000000000dd0       0x78 Middlewares/ST/STM32_USB_Device_Library/Core/Src/usbd_ctlreq.o
 .debug_ranges  0x0000000000000e48       0x40 Middlewares/ST/STM32_USB_Device_Library/Core/Src/usbd_ioreq.o
 .debug_ranges  0x0000000000000e88       0x20 Src/can.o
 .debug_ranges  0x0000000000000ea8       0x20 Src/crc.o
 .debug_ranges  0x0000000000000ec8       0x18 Src/gpio.o
 .debug_ranges  0x0000000000000ee0       0x20 Src/i2c.o
 .debug_ranges  0x0000000000000f00      0x110 Src/main.o
 .debug_ranges  0x0000000000001010       0x20 Src/spi.o
 .debug_ranges  0x0000000000001030       0xc0 Src/stm32f3_discovery.o
 .debug_ranges  0x00000000000010f0       0x10 Src/stm32f3xx_hal_msp.o
 .debug_ranges  0x0000000000001100       0xb0 Src/stm32f3xx_it.o
 .debug_ranges  0x00000000000011b0       0x18 Src/system_stm32f3xx.o
 .debug_ranges  0x00000000000011c8       0x20 Src/usart.o
 .debug_ranges  0x00000000000011e8      0x108 Src/usbd_conf.o
 .debug_ranges  0x00000000000012f0       0x20 startup/startup_stm32f303xc.o

.debug_macro    0x0000000000000000    0x1f879
 .debug_macro   0x0000000000000000      0x374 Drivers/STM32F3xx_HAL_Driver/Src/stm32f3xx_hal.o
 .debug_macro   0x0000000000000374      0xa60 Drivers/STM32F3xx_HAL_Driver/Src/stm32f3xx_hal.o
 .debug_macro   0x0000000000000dd4       0xbd Drivers/STM32F3xx_HAL_Driver/Src/stm32f3xx_hal.o
 .debug_macro   0x0000000000000e91       0x2f Drivers/STM32F3xx_HAL_Driver/Src/stm32f3xx_hal.o
 .debug_macro   0x0000000000000ec0       0x28 Drivers/STM32F3xx_HAL_Driver/Src/stm32f3xx_hal.o
 .debug_macro   0x0000000000000ee8       0x22 Drivers/STM32F3xx_HAL_Driver/Src/stm32f3xx_hal.o
 .debug_macro   0x0000000000000f0a       0x8e Drivers/STM32F3xx_HAL_Driver/Src/stm32f3xx_hal.o
 .debug_macro   0x0000000000000f98       0x51 Drivers/STM32F3xx_HAL_Driver/Src/stm32f3xx_hal.o
 .debug_macro   0x0000000000000fe9       0xef Drivers/STM32F3xx_HAL_Driver/Src/stm32f3xx_hal.o
 .debug_macro   0x00000000000010d8       0x6a Drivers/STM32F3xx_HAL_Driver/Src/stm32f3xx_hal.o
 .debug_macro   0x0000000000001142      0x1df Drivers/STM32F3xx_HAL_Driver/Src/stm32f3xx_hal.o
 .debug_macro   0x0000000000001321       0x35 Drivers/STM32F3xx_HAL_Driver/Src/stm32f3xx_hal.o
 .debug_macro   0x0000000000001356       0x50 Drivers/STM32F3xx_HAL_Driver/Src/stm32f3xx_hal.o
 .debug_macro   0x00000000000013a6      0xe66 Drivers/STM32F3xx_HAL_Driver/Src/stm32f3xx_hal.o
 .debug_macro   0x000000000000220c    0x12a4f Drivers/STM32F3xx_HAL_Driver/Src/stm32f3xx_hal.o
 .debug_macro   0x0000000000014c5b       0x43 Drivers/STM32F3xx_HAL_Driver/Src/stm32f3xx_hal.o
 .debug_macro   0x0000000000014c9e       0x5e Drivers/STM32F3xx_HAL_Driver/Src/stm32f3xx_hal.o
 .debug_macro   0x0000000000014cfc       0x18 Drivers/STM32F3xx_HAL_Driver/Src/stm32f3xx_hal.o
 .debug_macro   0x0000000000014d14       0x35 Drivers/STM32F3xx_HAL_Driver/Src/stm32f3xx_hal.o
 .debug_macro   0x0000000000014d49       0x34 Drivers/STM32F3xx_HAL_Driver/Src/stm32f3xx_hal.o
 .debug_macro   0x0000000000014d7d       0x16 Drivers/STM32F3xx_HAL_Driver/Src/stm32f3xx_hal.o
 .debug_macro   0x0000000000014d93       0x97 Drivers/STM32F3xx_HAL_Driver/Src/stm32f3xx_hal.o
 .debug_macro   0x0000000000014e2a      0x330 Drivers/STM32F3xx_HAL_Driver/Src/stm32f3xx_hal.o
 .debug_macro   0x000000000001515a       0xfd Drivers/STM32F3xx_HAL_Driver/Src/stm32f3xx_hal.o
 .debug_macro   0x0000000000015257       0x10 Drivers/STM32F3xx_HAL_Driver/Src/stm32f3xx_hal.o
 .debug_macro   0x0000000000015267       0x58 Drivers/STM32F3xx_HAL_Driver/Src/stm32f3xx_hal.o
 .debug_macro   0x00000000000152bf       0x1f Drivers/STM32F3xx_HAL_Driver/Src/stm32f3xx_hal.o
 .debug_macro   0x00000000000152de       0x43 Drivers/STM32F3xx_HAL_Driver/Src/stm32f3xx_hal.o
 .debug_macro   0x0000000000015321       0x20 Drivers/STM32F3xx_HAL_Driver/Src/stm32f3xx_hal.o
 .debug_macro   0x0000000000015341      0x18e Drivers/STM32F3xx_HAL_Driver/Src/stm32f3xx_hal.o
 .debug_macro   0x00000000000154cf       0x10 Drivers/STM32F3xx_HAL_Driver/Src/stm32f3xx_hal.o
 .debug_macro   0x00000000000154df       0x1c Drivers/STM32F3xx_HAL_Driver/Src/stm32f3xx_hal.o
 .debug_macro   0x00000000000154fb       0x52 Drivers/STM32F3xx_HAL_Driver/Src/stm32f3xx_hal.o
 .debug_macro   0x000000000001554d       0x40 Drivers/STM32F3xx_HAL_Driver/Src/stm32f3xx_hal.o
 .debug_macro   0x000000000001558d       0x10 Drivers/STM32F3xx_HAL_Driver/Src/stm32f3xx_hal.o
 .debug_macro   0x000000000001559d       0x40 Drivers/STM32F3xx_HAL_Driver/Src/stm32f3xx_hal.o
 .debug_macro   0x00000000000155dd       0xd7 Drivers/STM32F3xx_HAL_Driver/Src/stm32f3xx_hal.o
 .debug_macro   0x00000000000156b4       0x1c Drivers/STM32F3xx_HAL_Driver/Src/stm32f3xx_hal.o
 .debug_macro   0x00000000000156d0       0x3d Drivers/STM32F3xx_HAL_Driver/Src/stm32f3xx_hal.o
 .debug_macro   0x000000000001570d       0x16 Drivers/STM32F3xx_HAL_Driver/Src/stm32f3xx_hal.o
 .debug_macro   0x0000000000015723      0x16f Drivers/STM32F3xx_HAL_Driver/Src/stm32f3xx_hal.o
 .debug_macro   0x0000000000015892       0x49 Drivers/STM32F3xx_HAL_Driver/Src/stm32f3xx_hal.o
 .debug_macro   0x00000000000158db      0x968 Drivers/STM32F3xx_HAL_Driver/Src/stm32f3xx_hal.o
 .debug_macro   0x0000000000016243      0x5fe Drivers/STM32F3xx_HAL_Driver/Src/stm32f3xx_hal.o
 .debug_macro   0x0000000000016841      0x13a Drivers/STM32F3xx_HAL_Driver/Src/stm32f3xx_hal.o
 .debug_macro   0x000000000001697b      0x1fb Drivers/STM32F3xx_HAL_Driver/Src/stm32f3xx_hal.o
 .debug_macro   0x0000000000016b76      0x1bc Drivers/STM32F3xx_HAL_Driver/Src/stm32f3xx_hal.o
 .debug_macro   0x0000000000016d32       0x31 Drivers/STM32F3xx_HAL_Driver/Src/stm32f3xx_hal.o
 .debug_macro   0x0000000000016d63       0x3c Drivers/STM32F3xx_HAL_Driver/Src/stm32f3xx_hal.o
 .debug_macro   0x0000000000016d9f      0x23a Drivers/STM32F3xx_HAL_Driver/Src/stm32f3xx_hal.o
 .debug_macro   0x0000000000016fd9      0x40f Drivers/STM32F3xx_HAL_Driver/Src/stm32f3xx_hal.o
 .debug_macro   0x00000000000173e8       0xc7 Drivers/STM32F3xx_HAL_Driver/Src/stm32f3xx_hal.o
 .debug_macro   0x00000000000174af       0x4d Drivers/STM32F3xx_HAL_Driver/Src/stm32f3xx_hal.o
 .debug_macro   0x00000000000174fc       0x12 Drivers/STM32F3xx_HAL_Driver/Src/stm32f3xx_hal.o
 .debug_macro   0x000000000001750e       0xcb Drivers/STM32F3xx_HAL_Driver/Src/stm32f3xx_hal.o
 .debug_macro   0x00000000000175d9      0x22b Drivers/STM32F3xx_HAL_Driver/Src/stm32f3xx_hal.o
 .debug_macro   0x0000000000017804      0x209 Drivers/STM32F3xx_HAL_Driver/Src/stm32f3xx_hal.o
 .debug_macro   0x0000000000017a0d       0x5b Drivers/STM32F3xx_HAL_Driver/Src/stm32f3xx_hal.o
 .debug_macro   0x0000000000017a68       0x90 Drivers/STM32F3xx_HAL_Driver/Src/stm32f3xx_hal.o
 .debug_macro   0x0000000000017af8       0x28 Drivers/STM32F3xx_HAL_Driver/Src/stm32f3xx_hal.o
 .debug_macro   0x0000000000017b20      0x265 Drivers/STM32F3xx_HAL_Driver/Src/stm32f3xx_hal.o
 .debug_macro   0x0000000000017d85       0x82 Drivers/STM32F3xx_HAL_Driver/Src/stm32f3xx_hal.o
 .debug_macro   0x0000000000017e07       0xd3 Drivers/STM32F3xx_HAL_Driver/Src/stm32f3xx_hal.o
 .debug_macro   0x0000000000017eda      0x2e9 Drivers/STM32F3xx_HAL_Driver/Src/stm32f3xx_hal.o
 .debug_macro   0x00000000000181c3      0x566 Drivers/STM32F3xx_HAL_Driver/Src/stm32f3xx_hal.o
 .debug_macro   0x0000000000018729       0x2b Drivers/STM32F3xx_HAL_Driver/Src/stm32f3xx_hal.o
 .debug_macro   0x0000000000018754      0x277 Drivers/STM32F3xx_HAL_Driver/Src/stm32f3xx_hal.o
 .debug_macro   0x00000000000189cb      0x358 Drivers/STM32F3xx_HAL_Driver/Src/stm32f3xx_hal_can.o
 .debug_macro   0x0000000000018d23      0x350 Drivers/STM32F3xx_HAL_Driver/Src/stm32f3xx_hal_cortex.o
 .debug_macro   0x0000000000019073      0x350 Drivers/STM32F3xx_HAL_Driver/Src/stm32f3xx_hal_crc.o
 .debug_macro   0x00000000000193c3      0x350 Drivers/STM32F3xx_HAL_Driver/Src/stm32f3xx_hal_crc_ex.o
 .debug_macro   0x0000000000019713      0x350 Drivers/STM32F3xx_HAL_Driver/Src/stm32f3xx_hal_dma.o
 .debug_macro   0x0000000000019a63      0x388 Drivers/STM32F3xx_HAL_Driver/Src/stm32f3xx_hal_gpio.o
 .debug_macro   0x0000000000019deb      0x41c Drivers/STM32F3xx_HAL_Driver/Src/stm32f3xx_hal_i2c.o
 .debug_macro   0x000000000001a207      0x350 Drivers/STM32F3xx_HAL_Driver/Src/stm32f3xx_hal_i2c_ex.o
 .debug_macro   0x000000000001a557      0x356 Drivers/STM32F3xx_HAL_Driver/Src/stm32f3xx_hal_pcd.o
 .debug_macro   0x000000000001a8ad      0x350 Drivers/STM32F3xx_HAL_Driver/Src/stm32f3xx_hal_pcd_ex.o
 .debug_macro   0x000000000001abfd      0x374 Drivers/STM32F3xx_HAL_Driver/Src/stm32f3xx_hal_rcc.o
 .debug_macro   0x000000000001af71      0x350 Drivers/STM32F3xx_HAL_Driver/Src/stm32f3xx_hal_rcc_ex.o
 .debug_macro   0x000000000001b2c1      0x358 Drivers/STM32F3xx_HAL_Driver/Src/stm32f3xx_hal_spi.o
 .debug_macro   0x000000000001b619      0x358 Drivers/STM32F3xx_HAL_Driver/Src/stm32f3xx_hal_uart.o
 .debug_macro   0x000000000001b971      0x350 Drivers/STM32F3xx_HAL_Driver/Src/stm32f3xx_hal_uart_ex.o
 .debug_macro   0x000000000001bcc1      0x401 Middlewares/ST/STM32_USB_Device_Library/Core/Src/usbd_core.o
 .debug_macro   0x000000000001c0c2      0x1c9 Middlewares/ST/STM32_USB_Device_Library/Core/Src/usbd_core.o
 .debug_macro   0x000000000001c28b      0x40b Middlewares/ST/STM32_USB_Device_Library/Core/Src/usbd_ctlreq.o
 .debug_macro   0x000000000001c696      0x407 Middlewares/ST/STM32_USB_Device_Library/Core/Src/usbd_ioreq.o
 .debug_macro   0x000000000001ca9d      0x377 Src/can.o
 .debug_macro   0x000000000001ce14       0x52 Src/can.o
 .debug_macro   0x000000000001ce66      0x372 Src/crc.o
 .debug_macro   0x000000000001d1d8      0x372 Src/gpio.o
 .debug_macro   0x000000000001d54a      0x372 Src/i2c.o
 .debug_macro   0x000000000001d8bc      0x449 Src/main.o
 .debug_macro   0x000000000001dd05       0x22 Src/main.o
 .debug_macro   0x000000000001dd27      0x372 Src/spi.o
 .debug_macro   0x000000000001e099      0x37d Src/stm32f3_discovery.o
 .debug_macro   0x000000000001e416      0x29d Src/stm32f3_discovery.o
 .debug_macro   0x000000000001e6b3      0x368 Src/stm32f3xx_hal_msp.o
 .debug_macro   0x000000000001ea1b      0x372 Src/stm32f3xx_it.o
 .debug_macro   0x000000000001ed8d      0x356 Src/system_stm32f3xx.o
 .debug_macro   0x000000000001f0e3      0x372 Src/usart.o
 .debug_macro   0x000000000001f455      0x424 Src/usbd_conf.o

.debug_line     0x0000000000000000    0x159eb
 .debug_line    0x0000000000000000      0x9ff Drivers/STM32F3xx_HAL_Driver/Src/stm32f3xx_hal.o
 .debug_line    0x00000000000009ff      0xd08 Drivers/STM32F3xx_HAL_Driver/Src/stm32f3xx_hal_can.o
 .debug_line    0x0000000000001707      0xa4c Drivers/STM32F3xx_HAL_Driver/Src/stm32f3xx_hal_cortex.o
 .debug_line    0x0000000000002153      0x9a9 Drivers/STM32F3xx_HAL_Driver/Src/stm32f3xx_hal_crc.o
 .debug_line    0x0000000000002afc      0x885 Drivers/STM32F3xx_HAL_Driver/Src/stm32f3xx_hal_crc_ex.o
 .debug_line    0x0000000000003381      0xa87 Drivers/STM32F3xx_HAL_Driver/Src/stm32f3xx_hal_dma.o
 .debug_line    0x0000000000003e08      0x98d Drivers/STM32F3xx_HAL_Driver/Src/stm32f3xx_hal_gpio.o
 .debug_line    0x0000000000004795     0x198f Drivers/STM32F3xx_HAL_Driver/Src/stm32f3xx_hal_i2c.o
 .debug_line    0x0000000000006124      0x973 Drivers/STM32F3xx_HAL_Driver/Src/stm32f3xx_hal_i2c_ex.o
 .debug_line    0x0000000000006a97      0xdeb Drivers/STM32F3xx_HAL_Driver/Src/stm32f3xx_hal_pcd.o
 .debug_line    0x0000000000007882      0x8c7 Drivers/STM32F3xx_HAL_Driver/Src/stm32f3xx_hal_pcd_ex.o
 .debug_line    0x0000000000008149      0xd15 Drivers/STM32F3xx_HAL_Driver/Src/stm32f3xx_hal_rcc.o
 .debug_line    0x0000000000008e5e      0xad4 Drivers/STM32F3xx_HAL_Driver/Src/stm32f3xx_hal_rcc_ex.o
 .debug_line    0x0000000000009932     0x135b Drivers/STM32F3xx_HAL_Driver/Src/stm32f3xx_hal_spi.o
 .debug_line    0x000000000000ac8d     0x12bb Drivers/STM32F3xx_HAL_Driver/Src/stm32f3xx_hal_uart.o
 .debug_line    0x000000000000bf48      0x93b Drivers/STM32F3xx_HAL_Driver/Src/stm32f3xx_hal_uart_ex.o
 .debug_line    0x000000000000c883      0xb55 Middlewares/ST/STM32_USB_Device_Library/Core/Src/usbd_core.o
 .debug_line    0x000000000000d3d8      0xb73 Middlewares/ST/STM32_USB_Device_Library/Core/Src/usbd_ctlreq.o
 .debug_line    0x000000000000df4b      0x9d8 Middlewares/ST/STM32_USB_Device_Library/Core/Src/usbd_ioreq.o
 .debug_line    0x000000000000e923      0x897 Src/can.o
 .debug_line    0x000000000000f1ba      0x86c Src/crc.o
 .debug_line    0x000000000000fa26      0x86c Src/gpio.o
 .debug_line    0x0000000000010292      0x889 Src/i2c.o
 .debug_line    0x0000000000010b1b      0xc45 Src/main.o
 .debug_line    0x0000000000011760      0x88b Src/spi.o
 .debug_line    0x0000000000011feb      0xaa5 Src/stm32f3_discovery.o
 .debug_line    0x0000000000012a90      0x843 Src/stm32f3xx_hal_msp.o
 .debug_line    0x00000000000132d3      0x9a8 Src/stm32f3xx_it.o
 .debug_line    0x0000000000013c7b      0x852 Src/system_stm32f3xx.o
 .debug_line    0x00000000000144cd      0x884 Src/usart.o
 .debug_line    0x0000000000014d51      0xc1b Src/usbd_conf.o
 .debug_line    0x000000000001596c       0x7f startup/startup_stm32f303xc.o

.debug_str      0x0000000000000000    0x9c933
 .debug_str     0x0000000000000000    0x94d59 Drivers/STM32F3xx_HAL_Driver/Src/stm32f3xx_hal.o
                                      0x9510f (size before relaxing)
 .debug_str     0x0000000000094d59      0x805 Drivers/STM32F3xx_HAL_Driver/Src/stm32f3xx_hal_can.o
                                      0x950ee (size before relaxing)
 .debug_str     0x000000000009555e      0x3be Drivers/STM32F3xx_HAL_Driver/Src/stm32f3xx_hal_cortex.o
                                      0x951cf (size before relaxing)
 .debug_str     0x000000000009591c      0x270 Drivers/STM32F3xx_HAL_Driver/Src/stm32f3xx_hal_crc.o
                                      0x94b19 (size before relaxing)
 .debug_str     0x0000000000095b8c       0x69 Drivers/STM32F3xx_HAL_Driver/Src/stm32f3xx_hal_crc_ex.o
                                      0x94ad6 (size before relaxing)
 .debug_str     0x0000000000095bf5      0x3af Drivers/STM32F3xx_HAL_Driver/Src/stm32f3xx_hal_dma.o
                                      0x94cc1 (size before relaxing)
 .debug_str     0x0000000000095fa4      0x299 Drivers/STM32F3xx_HAL_Driver/Src/stm32f3xx_hal_gpio.o
                                      0x94ba7 (size before relaxing)
 .debug_str     0x000000000009623d     0x101a Drivers/STM32F3xx_HAL_Driver/Src/stm32f3xx_hal_i2c.o
                                      0x95af8 (size before relaxing)
 .debug_str     0x0000000000097257       0xf3 Drivers/STM32F3xx_HAL_Driver/Src/stm32f3xx_hal_i2c_ex.o
                                      0x94e72 (size before relaxing)
 .debug_str     0x000000000009734a      0x606 Drivers/STM32F3xx_HAL_Driver/Src/stm32f3xx_hal_pcd.o
                                      0x94f19 (size before relaxing)
 .debug_str     0x0000000000097950       0x8c Drivers/STM32F3xx_HAL_Driver/Src/stm32f3xx_hal_pcd_ex.o
                                      0x94c01 (size before relaxing)
 .debug_str     0x00000000000979dc      0x3ec Drivers/STM32F3xx_HAL_Driver/Src/stm32f3xx_hal_rcc.o
                                      0x94db1 (size before relaxing)
 .debug_str     0x0000000000097dc8      0x22f Drivers/STM32F3xx_HAL_Driver/Src/stm32f3xx_hal_rcc_ex.o
                                      0x94bbb (size before relaxing)
 .debug_str     0x0000000000097ff7      0x708 Drivers/STM32F3xx_HAL_Driver/Src/stm32f3xx_hal_spi.o
                                      0x95218 (size before relaxing)
 .debug_str     0x00000000000986ff      0x92e Drivers/STM32F3xx_HAL_Driver/Src/stm32f3xx_hal_uart.o
                                      0x95547 (size before relaxing)
 .debug_str     0x000000000009902d       0xed Drivers/STM32F3xx_HAL_Driver/Src/stm32f3xx_hal_uart_ex.o
                                      0x94ed2 (size before relaxing)
 .debug_str     0x000000000009911a     0x266d Middlewares/ST/STM32_USB_Device_Library/Core/Src/usbd_core.o
                                      0x96f29 (size before relaxing)
 .debug_str     0x000000000009b787      0x13f Middlewares/ST/STM32_USB_Device_Library/Core/Src/usbd_ctlreq.o
                                      0x96e43 (size before relaxing)
 .debug_str     0x000000000009b8c6       0x8a Middlewares/ST/STM32_USB_Device_Library/Core/Src/usbd_ioreq.o
                                      0x96d70 (size before relaxing)
 .debug_str     0x000000000009b950      0x217 Src/can.o
                                      0x969c9 (size before relaxing)
 .debug_str     0x000000000009bb67       0x4c Src/crc.o
                                      0x96139 (size before relaxing)
 .debug_str     0x000000000009bbb3       0x2c Src/gpio.o
                                      0x96421 (size before relaxing)
 .debug_str     0x000000000009bbdf       0x33 Src/i2c.o
                                      0x9694a (size before relaxing)
 .debug_str     0x000000000009bc12      0x3c1 Src/main.o
                                      0x980c8 (size before relaxing)
 .debug_str     0x000000000009bfd3       0x17 Src/spi.o
                                      0x96840 (size before relaxing)
 .debug_str     0x000000000009bfea      0x401 Src/stm32f3_discovery.o
                                      0x96bec (size before relaxing)
 .debug_str     0x000000000009c3eb       0x1b Src/stm32f3xx_hal_msp.o
                                      0x96355 (size before relaxing)
 .debug_str     0x000000000009c406      0x163 Src/stm32f3xx_it.o
                                      0x96e4a (size before relaxing)
 .debug_str     0x000000000009c569       0x64 Src/system_stm32f3xx.o
                                      0x9494a (size before relaxing)
 .debug_str     0x000000000009c5cd       0x23 Src/usart.o
                                      0x968e3 (size before relaxing)
 .debug_str     0x000000000009c5f0      0x314 Src/usbd_conf.o
                                      0x97cab (size before relaxing)
 .debug_str     0x000000000009c904       0x2f startup/startup_stm32f303xc.o
                                         0x5f (size before relaxing)

.comment        0x0000000000000000       0x7f
 .comment       0x0000000000000000       0x7f Drivers/STM32F3xx_HAL_Driver/Src/stm32f3xx_hal.o
                                         0x80 (size before relaxing)
 .comment       0x000000000000007f       0x80 Drivers/STM32F3xx_HAL_Driver/Src/stm32f3xx_hal_can.o
 .comment       0x000000000000007f       0x80 Drivers/STM32F3xx_HAL_Driver/Src/stm32f3xx_hal_cortex.o
 .comment       0x000000000000007f       0x80 Drivers/STM32F3xx_HAL_Driver/Src/stm32f3xx_hal_crc.o
 .comment       0x000000000000007f       0x80 Drivers/STM32F3xx_HAL_Driver/Src/stm32f3xx_hal_crc_ex.o
 .comment       0x000000000000007f       0x80 Drivers/STM32F3xx_HAL_Driver/Src/stm32f3xx_hal_dma.o
 .comment       0x000000000000007f       0x80 Drivers/STM32F3xx_HAL_Driver/Src/stm32f3xx_hal_gpio.o
 .comment       0x000000000000007f       0x80 Drivers/STM32F3xx_HAL_Driver/Src/stm32f3xx_hal_i2c.o
 .comment       0x000000000000007f       0x80 Drivers/STM32F3xx_HAL_Driver/Src/stm32f3xx_hal_i2c_ex.o
 .comment       0x000000000000007f       0x80 Drivers/STM32F3xx_HAL_Driver/Src/stm32f3xx_hal_pcd.o
 .comment       0x000000000000007f       0x80 Drivers/STM32F3xx_HAL_Driver/Src/stm32f3xx_hal_pcd_ex.o
 .comment       0x000000000000007f       0x80 Drivers/STM32F3xx_HAL_Driver/Src/stm32f3xx_hal_rcc.o
 .comment       0x000000000000007f       0x80 Drivers/STM32F3xx_HAL_Driver/Src/stm32f3xx_hal_rcc_ex.o
 .comment       0x000000000000007f       0x80 Drivers/STM32F3xx_HAL_Driver/Src/stm32f3xx_hal_spi.o
 .comment       0x000000000000007f       0x80 Drivers/STM32F3xx_HAL_Driver/Src/stm32f3xx_hal_uart.o
 .comment       0x000000000000007f       0x80 Drivers/STM32F3xx_HAL_Driver/Src/stm32f3xx_hal_uart_ex.o
 .comment       0x000000000000007f       0x80 Middlewares/ST/STM32_USB_Device_Library/Core/Src/usbd_core.o
 .comment       0x000000000000007f       0x80 Middlewares/ST/STM32_USB_Device_Library/Core/Src/usbd_ctlreq.o
 .comment       0x000000000000007f       0x80 Middlewares/ST/STM32_USB_Device_Library/Core/Src/usbd_ioreq.o
 .comment       0x000000000000007f       0x80 Src/can.o
 .comment       0x000000000000007f       0x80 Src/crc.o
 .comment       0x000000000000007f       0x80 Src/gpio.o