12:53:47 **** Clean-only build of configuration Debug for project GPIO ****
make clean 
rm -rf  ./src/gpio_int.o ./src/main.o  ./src/gpio_int.d ./src/main.d  GPIO.elf.size  GPIO.elf
 
12:53:47 **** Clean-only build of project GPIO_bsp ****
make -k clean 
make -C ps7_cortexa9_0/libsrc/ddrps_v1_0/src -s clean 
make -C ps7_cortexa9_0/libsrc/sdps_v3_6/src -s clean 
make -C ps7_cortexa9_0/libsrc/standalone_v6_8/src -s clean 
make -C ps7_cortexa9_0/libsrc/dmaps_v2_4/src -s clean 
make -C ps7_cortexa9_0/libsrc/cpu_cortexa9_v2_7/src -s clean 
make -C ps7_cortexa9_0/libsrc/emacps_v3_8/src -s clean 
make -C ps7_cortexa9_0/libsrc/gpiops_v3_4/src -s clean 
make -C ps7_cortexa9_0/libsrc/qspips_v3_5/src -s clean 
make -C ps7_cortexa9_0/libsrc/scugic_v3_10/src -s clean 
make -C ps7_cortexa9_0/libsrc/xadcps_v2_3/src -s clean 
make -C ps7_cortexa9_0/libsrc/devcfg_v3_5/src -s clean 
make -C ps7_cortexa9_0/libsrc/scuwdt_v2_1/src -s clean 
make -C ps7_cortexa9_0/libsrc/uartps_v3_7/src -s clean 
make -C ps7_cortexa9_0/libsrc/usbps_v2_4/src -s clean 
make -C ps7_cortexa9_0/libsrc/coresightps_dcc_v1_4/src -s clean 
make -C ps7_cortexa9_0/libsrc/scutimer_v2_1/src -s clean 
make -C ps7_cortexa9_0/libsrc/GPIO_v1_0/src -s clean 
rm -f ps7_cortexa9_0/lib/libxil.a
12:53:48 **** Build of project GPIO_bsp ****
make -k all 
Running Make include in ps7_cortexa9_0/libsrc/ddrps_v1_0/src
make -C ps7_cortexa9_0/libsrc/ddrps_v1_0/src -s include  "SHELL=/bin/sh" "COMPILER=arm-none-eabi-gcc" "ARCHIVER=arm-none-eabi-ar" "COMPILER_FLAGS=  -O2 -c" "EXTRA_COMPILER_FLAGS=-mcpu=cortex-a9 -mfpu=vfpv3 -mfloat-abi=hard -nostartfiles -g -Wall -Wextra"
Running Make include in ps7_cortexa9_0/libsrc/sdps_v3_6/src
make -C ps7_cortexa9_0/libsrc/sdps_v3_6/src -s include  "SHELL=/bin/sh" "COMPILER=arm-none-eabi-gcc" "ARCHIVER=arm-none-eabi-ar" "COMPILER_FLAGS=  -O2 -c" "EXTRA_COMPILER_FLAGS=-mcpu=cortex-a9 -mfpu=vfpv3 -mfloat-abi=hard -nostartfiles -g -Wall -Wextra"
Running Make include in ps7_cortexa9_0/libsrc/standalone_v6_8/src
make -C ps7_cortexa9_0/libsrc/standalone_v6_8/src -s include  "SHELL=/bin/sh" "COMPILER=arm-none-eabi-gcc" "ARCHIVER=arm-none-eabi-ar" "COMPILER_FLAGS=  -O2 -c" "EXTRA_COMPILER_FLAGS=-mcpu=cortex-a9 -mfpu=vfpv3 -mfloat-abi=hard -nostartfiles -g -Wall -Wextra"
Running Make include in ps7_cortexa9_0/libsrc/dmaps_v2_4/src
make -C ps7_cortexa9_0/libsrc/dmaps_v2_4/src -s include  "SHELL=/bin/sh" "COMPILER=arm-none-eabi-gcc" "ARCHIVER=arm-none-eabi-ar" "COMPILER_FLAGS=  -O2 -c" "EXTRA_COMPILER_FLAGS=-mcpu=cortex-a9 -mfpu=vfpv3 -mfloat-abi=hard -nostartfiles -g -Wall -Wextra"
Running Make include in ps7_cortexa9_0/libsrc/cpu_cortexa9_v2_7/src
make -C ps7_cortexa9_0/libsrc/cpu_cortexa9_v2_7/src -s include  "SHELL=/bin/sh" "COMPILER=arm-none-eabi-gcc" "ARCHIVER=arm-none-eabi-ar" "COMPILER_FLAGS=  -O2 -c" "EXTRA_COMPILER_FLAGS=-mcpu=cortex-a9 -mfpu=vfpv3 -mfloat-abi=hard -nostartfiles -g -Wall -Wextra"
Running Make include in ps7_cortexa9_0/libsrc/emacps_v3_8/src
make -C ps7_cortexa9_0/libsrc/emacps_v3_8/src -s include  "SHELL=/bin/sh" "COMPILER=arm-none-eabi-gcc" "ARCHIVER=arm-none-eabi-ar" "COMPILER_FLAGS=  -O2 -c" "EXTRA_COMPILER_FLAGS=-mcpu=cortex-a9 -mfpu=vfpv3 -mfloat-abi=hard -nostartfiles -g -Wall -Wextra"
Running Make include in ps7_cortexa9_0/libsrc/gpiops_v3_4/src
make -C ps7_cortexa9_0/libsrc/gpiops_v3_4/src -s include  "SHELL=/bin/sh" "COMPILER=arm-none-eabi-gcc" "ARCHIVER=arm-none-eabi-ar" "COMPILER_FLAGS=  -O2 -c" "EXTRA_COMPILER_FLAGS=-mcpu=cortex-a9 -mfpu=vfpv3 -mfloat-abi=hard -nostartfiles -g -Wall -Wextra"
Running Make include in ps7_cortexa9_0/libsrc/qspips_v3_5/src
make -C ps7_cortexa9_0/libsrc/qspips_v3_5/src -s include  "SHELL=/bin/sh" "COMPILER=arm-none-eabi-gcc" "ARCHIVER=arm-none-eabi-ar" "COMPILER_FLAGS=  -O2 -c" "EXTRA_COMPILER_FLAGS=-mcpu=cortex-a9 -mfpu=vfpv3 -mfloat-abi=hard -nostartfiles -g -Wall -Wextra"
Running Make include in ps7_cortexa9_0/libsrc/scugic_v3_10/src
make -C ps7_cortexa9_0/libsrc/scugic_v3_10/src -s include  "SHELL=/bin/sh" "COMPILER=arm-none-eabi-gcc" "ARCHIVER=arm-none-eabi-ar" "COMPILER_FLAGS=  -O2 -c" "EXTRA_COMPILER_FLAGS=-mcpu=cortex-a9 -mfpu=vfpv3 -mfloat-abi=hard -nostartfiles -g -Wall -Wextra"
Running Make include in ps7_cortexa9_0/libsrc/xadcps_v2_3/src
make -C ps7_cortexa9_0/libsrc/xadcps_v2_3/src -s include  "SHELL=/bin/sh" "COMPILER=arm-none-eabi-gcc" "ARCHIVER=arm-none-eabi-ar" "COMPILER_FLAGS=  -O2 -c" "EXTRA_COMPILER_FLAGS=-mcpu=cortex-a9 -mfpu=vfpv3 -mfloat-abi=hard -nostartfiles -g -Wall -Wextra"
Running Make include in ps7_cortexa9_0/libsrc/devcfg_v3_5/src
make -C ps7_cortexa9_0/libsrc/devcfg_v3_5/src -s include  "SHELL=/bin/sh" "COMPILER=arm-none-eabi-gcc" "ARCHIVER=arm-none-eabi-ar" "COMPILER_FLAGS=  -O2 -c" "EXTRA_COMPILER_FLAGS=-mcpu=cortex-a9 -mfpu=vfpv3 -mfloat-abi=hard -nostartfiles -g -Wall -Wextra"
Running Make include in ps7_cortexa9_0/libsrc/scuwdt_v2_1/src
make -C ps7_cortexa9_0/libsrc/scuwdt_v2_1/src -s include  "SHELL=/bin/sh" "COMPILER=arm-none-eabi-gcc" "ARCHIVER=arm-none-eabi-ar" "COMPILER_FLAGS=  -O2 -c" "EXTRA_COMPILER_FLAGS=-mcpu=cortex-a9 -mfpu=vfpv3 -mfloat-abi=hard -nostartfiles -g -Wall -Wextra"
Running Make include in ps7_cortexa9_0/libsrc/uartps_v3_7/src
make -C ps7_cortexa9_0/libsrc/uartps_v3_7/src -s include  "SHELL=/bin/sh" "COMPILER=arm-none-eabi-gcc" "ARCHIVER=arm-none-eabi-ar" "COMPILER_FLAGS=  -O2 -c" "EXTRA_COMPILER_FLAGS=-mcpu=cortex-a9 -mfpu=vfpv3 -mfloat-abi=hard -nostartfiles -g -Wall -Wextra"
Running Make include in ps7_cortexa9_0/libsrc/usbps_v2_4/src
make -C ps7_cortexa9_0/libsrc/usbps_v2_4/src -s include  "SHELL=/bin/sh" "COMPILER=arm-none-eabi-gcc" "ARCHIVER=arm-none-eabi-ar" "COMPILER_FLAGS=  -O2 -c" "EXTRA_COMPILER_FLAGS=-mcpu=cortex-a9 -mfpu=vfpv3 -mfloat-abi=hard -nostartfiles -g -Wall -Wextra"
Running Make include in ps7_cortexa9_0/libsrc/coresightps_dcc_v1_4/src
make -C ps7_cortexa9_0/libsrc/coresightps_dcc_v1_4/src -s include  "SHELL=/bin/sh" "COMPILER=arm-none-eabi-gcc" "ARCHIVER=arm-none-eabi-ar" "COMPILER_FLAGS=  -O2 -c" "EXTRA_COMPILER_FLAGS=-mcpu=cortex-a9 -mfpu=vfpv3 -mfloat-abi=hard -nostartfiles -g -Wall -Wextra"
Running Make include in ps7_cortexa9_0/libsrc/scutimer_v2_1/src
make -C ps7_cortexa9_0/libsrc/scutimer_v2_1/src -s include  "SHELL=/bin/sh" "COMPILER=arm-none-eabi-gcc" "ARCHIVER=arm-none-eabi-ar" "COMPILER_FLAGS=  -O2 -c" "EXTRA_COMPILER_FLAGS=-mcpu=cortex-a9 -mfpu=vfpv3 -mfloat-abi=hard -nostartfiles -g -Wall -Wextra"
Running Make include in ps7_cortexa9_0/libsrc/GPIO_v1_0/src
make -C ps7_cortexa9_0/libsrc/GPIO_v1_0/src -s include  "SHELL=/bin/sh" "COMPILER=arm-none-eabi-gcc" "ARCHIVER=arm-none-eabi-ar" "COMPILER_FLAGS=  -O2 -c" "EXTRA_COMPILER_FLAGS=-mcpu=cortex-a9 -mfpu=vfpv3 -mfloat-abi=hard -nostartfiles -g -Wall -Wextra"
Running Make libs in ps7_cortexa9_0/libsrc/ddrps_v1_0/src
make -C ps7_cortexa9_0/libsrc/ddrps_v1_0/src -s libs  "SHELL=/bin/sh" "COMPILER=arm-none-eabi-gcc" "ARCHIVER=arm-none-eabi-ar" "COMPILER_FLAGS=  -O2 -c" "EXTRA_COMPILER_FLAGS=-mcpu=cortex-a9 -mfpu=vfpv3 -mfloat-abi=hard -nostartfiles -g -Wall -Wextra"
Compiling ddrps
arm-none-eabi-ar: creazione di ../../../lib/libxil.a
Running Make libs in ps7_cortexa9_0/libsrc/sdps_v3_6/src
make -C ps7_cortexa9_0/libsrc/sdps_v3_6/src -s libs  "SHELL=/bin/sh" "COMPILER=arm-none-eabi-gcc" "ARCHIVER=arm-none-eabi-ar" "COMPILER_FLAGS=  -O2 -c" "EXTRA_COMPILER_FLAGS=-mcpu=cortex-a9 -mfpu=vfpv3 -mfloat-abi=hard -nostartfiles -g -Wall -Wextra"
Compiling sdps
Running Make libs in ps7_cortexa9_0/libsrc/standalone_v6_8/src
make -C ps7_cortexa9_0/libsrc/standalone_v6_8/src -s libs  "SHELL=/bin/sh" "COMPILER=arm-none-eabi-gcc" "ARCHIVER=arm-none-eabi-ar" "COMPILER_FLAGS=  -O2 -c" "EXTRA_COMPILER_FLAGS=-mcpu=cortex-a9 -mfpu=vfpv3 -mfloat-abi=hard -nostartfiles -g -Wall -Wextra"
Compiling standalone
In file included from sleep.c:53:0:
xtime_l.h:87:9: note: #pragma message: For the sleep routines, Global timer is being used
 #pragma message ("For the sleep routines, Global timer is being used")
         ^~~~~~~
In file included from xil_sleeptimer.c:51:0:
xtime_l.h:87:9: note: #pragma message: For the sleep routines, Global timer is being used
 #pragma message ("For the sleep routines, Global timer is being used")
         ^~~~~~~
In file included from xtime_l.c:49:0:
xtime_l.h:87:9: note: #pragma message: For the sleep routines, Global timer is being used
 #pragma message ("For the sleep routines, Global timer is being used")
         ^~~~~~~
In file included from usleep.c:56:0:
xtime_l.h:87:9: note: #pragma message: For the sleep routines, Global timer is being used
 #pragma message ("For the sleep routines, Global timer is being used")
         ^~~~~~~
Running Make libs in ps7_cortexa9_0/libsrc/dmaps_v2_4/src
make -C ps7_cortexa9_0/libsrc/dmaps_v2_4/src -s libs  "SHELL=/bin/sh" "COMPILER=arm-none-eabi-gcc" "ARCHIVER=arm-none-eabi-ar" "COMPILER_FLAGS=  -O2 -c" "EXTRA_COMPILER_FLAGS=-mcpu=cortex-a9 -mfpu=vfpv3 -mfloat-abi=hard -nostartfiles -g -Wall -Wextra"
Compiling dmaps
Running Make libs in ps7_cortexa9_0/libsrc/cpu_cortexa9_v2_7/src
make -C ps7_cortexa9_0/libsrc/cpu_cortexa9_v2_7/src -s libs  "SHELL=/bin/sh" "COMPILER=arm-none-eabi-gcc" "ARCHIVER=arm-none-eabi-ar" "COMPILER_FLAGS=  -O2 -c" "EXTRA_COMPILER_FLAGS=-mcpu=cortex-a9 -mfpu=vfpv3 -mfloat-abi=hard -nostartfiles -g -Wall -Wextra"
Compiling cpu_cortexa9
Running Make libs in ps7_cortexa9_0/libsrc/emacps_v3_8/src
make -C ps7_cortexa9_0/libsrc/emacps_v3_8/src -s libs  "SHELL=/bin/sh" "COMPILER=arm-none-eabi-gcc" "ARCHIVER=arm-none-eabi-ar" "COMPILER_FLAGS=  -O2 -c" "EXTRA_COMPILER_FLAGS=-mcpu=cortex-a9 -mfpu=vfpv3 -mfloat-abi=hard -nostartfiles -g -Wall -Wextra"
Compiling emacps
Running Make libs in ps7_cortexa9_0/libsrc/gpiops_v3_4/src
make -C ps7_cortexa9_0/libsrc/gpiops_v3_4/src -s libs  "SHELL=/bin/sh" "COMPILER=arm-none-eabi-gcc" "ARCHIVER=arm-none-eabi-ar" "COMPILER_FLAGS=  -O2 -c" "EXTRA_COMPILER_FLAGS=-mcpu=cortex-a9 -mfpu=vfpv3 -mfloat-abi=hard -nostartfiles -g -Wall -Wextra"
Compiling gpiops
Running Make libs in ps7_cortexa9_0/libsrc/qspips_v3_5/src
make -C ps7_cortexa9_0/libsrc/qspips_v3_5/src -s libs  "SHELL=/bin/sh" "COMPILER=arm-none-eabi-gcc" "ARCHIVER=arm-none-eabi-ar" "COMPILER_FLAGS=  -O2 -c" "EXTRA_COMPILER_FLAGS=-mcpu=cortex-a9 -mfpu=vfpv3 -mfloat-abi=hard -nostartfiles -g -Wall -Wextra"
Compiling qspips
Running Make libs in ps7_cortexa9_0/libsrc/scugic_v3_10/src
make -C ps7_cortexa9_0/libsrc/scugic_v3_10/src -s libs  "SHELL=/bin/sh" "COMPILER=arm-none-eabi-gcc" "ARCHIVER=arm-none-eabi-ar" "COMPILER_FLAGS=  -O2 -c" "EXTRA_COMPILER_FLAGS=-mcpu=cortex-a9 -mfpu=vfpv3 -mfloat-abi=hard -nostartfiles -g -Wall -Wextra"
Compiling scugic
Running Make libs in ps7_cortexa9_0/libsrc/xadcps_v2_3/src
make -C ps7_cortexa9_0/libsrc/xadcps_v2_3/src -s libs  "SHELL=/bin/sh" "COMPILER=arm-none-eabi-gcc" "ARCHIVER=arm-none-eabi-ar" "COMPILER_FLAGS=  -O2 -c" "EXTRA_COMPILER_FLAGS=-mcpu=cortex-a9 -mfpu=vfpv3 -mfloat-abi=hard -nostartfiles -g -Wall -Wextra"
Compiling xadcps
Running Make libs in ps7_cortexa9_0/libsrc/devcfg_v3_5/src
make -C ps7_cortexa9_0/libsrc/devcfg_v3_5/src -s libs  "SHELL=/bin/sh" "COMPILER=arm-none-eabi-gcc" "ARCHIVER=arm-none-eabi-ar" "COMPILER_FLAGS=  -O2 -c" "EXTRA_COMPILER_FLAGS=-mcpu=cortex-a9 -mfpu=vfpv3 -mfloat-abi=hard -nostartfiles -g -Wall -Wextra"
Compiling devcfg
Running Make libs in ps7_cortexa9_0/libsrc/scuwdt_v2_1/src
make -C ps7_cortexa9_0/libsrc/scuwdt_v2_1/src -s libs  "SHELL=/bin/sh" "COMPILER=arm-none-eabi-gcc" "ARCHIVER=arm-none-eabi-ar" "COMPILER_FLAGS=  -O2 -c" "EXTRA_COMPILER_FLAGS=-mcpu=cortex-a9 -mfpu=vfpv3 -mfloat-abi=hard -nostartfiles -g -Wall -Wextra"
Compiling scuwdt
Running Make libs in ps7_cortexa9_0/libsrc/uartps_v3_7/src
make -C ps7_cortexa9_0/libsrc/uartps_v3_7/src -s libs  "SHELL=/bin/sh" "COMPILER=arm-none-eabi-gcc" "ARCHIVER=arm-none-eabi-ar" "COMPILER_FLAGS=  -O2 -c" "EXTRA_COMPILER_FLAGS=-mcpu=cortex-a9 -mfpu=vfpv3 -mfloat-abi=hard -nostartfiles -g -Wall -Wextra"
Compiling uartps
Running Make libs in ps7_cortexa9_0/libsrc/usbps_v2_4/src
make -C ps7_cortexa9_0/libsrc/usbps_v2_4/src -s libs  "SHELL=/bin/sh" "COMPILER=arm-none-eabi-gcc" "ARCHIVER=arm-none-eabi-ar" "COMPILER_FLAGS=  -O2 -c" "EXTRA_COMPILER_FLAGS=-mcpu=cortex-a9 -mfpu=vfpv3 -mfloat-abi=hard -nostartfiles -g -Wall -Wextra"
Compiling usbps
Running Make libs in ps7_cortexa9_0/libsrc/coresightps_dcc_v1_4/src
make -C ps7_cortexa9_0/libsrc/coresightps_dcc_v1_4/src -s libs  "SHELL=/bin/sh" "COMPILER=arm-none-eabi-gcc" "ARCHIVER=arm-none-eabi-ar" "COMPILER_FLAGS=  -O2 -c" "EXTRA_COMPILER_FLAGS=-mcpu=cortex-a9 -mfpu=vfpv3 -mfloat-abi=hard -nostartfiles -g -Wall -Wextra"
Compiling coresightps_dcc
Running Make libs in ps7_cortexa9_0/libsrc/scutimer_v2_1/src
make -C ps7_cortexa9_0/libsrc/scutimer_v2_1/src -s libs  "SHELL=/bin/sh" "COMPILER=arm-none-eabi-gcc" "ARCHIVER=arm-none-eabi-ar" "COMPILER_FLAGS=  -O2 -c" "EXTRA_COMPILER_FLAGS=-mcpu=cortex-a9 -mfpu=vfpv3 -mfloat-abi=hard -nostartfiles -g -Wall -Wextra"
Compiling scutimer
Running Make libs in ps7_cortexa9_0/libsrc/GPIO_v1_0/src
make -C ps7_cortexa9_0/libsrc/GPIO_v1_0/src -s libs  "SHELL=/bin/sh" "COMPILER=arm-none-eabi-gcc" "ARCHIVER=arm-none-eabi-ar" "COMPILER_FLAGS=  -O2 -c" "EXTRA_COMPILER_FLAGS=-mcpu=cortex-a9 -mfpu=vfpv3 -mfloat-abi=hard -nostartfiles -g -Wall -Wextra"
Compiling GPIO...
GPIO_selftest.c: In function 'GPIO_Reg_SelfTest':
GPIO_selftest.c:52:53: warning: comparison between signed and unsigned integer expressions [-Wsign-compare]
    if ( GPIO_mReadReg (baseaddr, read_loop_index*4) != (read_loop_index+1)*READ_WRITE_MUL_FACTOR){
                                                     ^~
GPIO_selftest.c:36:6: warning: unused variable 'Index' [-Wunused-variable]
  int Index;
      ^~~~~
Finished building libraries
12:53:55 **** Build of configuration Debug for project GPIO ****
make pre-build main-build 
a9-linaro-pre-build-step
 
Building file: ../src/gpio_int.c
Invoking: ARM v7 gcc compiler
arm-none-eabi-gcc -Wall -O0 -g3 -c -fmessage-length=0 -MT"src/gpio_int.o" -mcpu=cortex-a9 -mfpu=vfpv3 -mfloat-abi=hard -I../../GPIO_bsp/ps7_cortexa9_0/include -MMD -MP -MF"src/gpio_int.d" -MT"src/gpio_int.o" -o "src/gpio_int.o" "../src/gpio_int.c"
Finished building: ../src/gpio_int.c
 
Building file: ../src/main.c
Invoking: ARM v7 gcc compiler
arm-none-eabi-gcc -Wall -O0 -g3 -c -fmessage-length=0 -MT"src/main.o" -mcpu=cortex-a9 -mfpu=vfpv3 -mfloat-abi=hard -I../../GPIO_bsp/ps7_cortexa9_0/include -MMD -MP -MF"src/main.d" -MT"src/main.o" -o "src/main.o" "../src/main.c"
Finished building: ../src/main.c
 
Building target: GPIO.elf
Invoking: ARM v7 gcc linker
arm-none-eabi-gcc -mcpu=cortex-a9 -mfpu=vfpv3 -mfloat-abi=hard -Wl,-build-id=none -specs=Xilinx.spec -Wl,-T -Wl,../src/lscript.ld -L../../GPIO_bsp/ps7_cortexa9_0/lib -o "GPIO.elf"  ./src/gpio_int.o ./src/main.o   -Wl,--start-group,-lxil,-lgcc,-lc,--end-group
Finished building target: GPIO.elf
 
Invoking: ARM v7 Print Size
arm-none-eabi-size GPIO.elf  |tee "GPIO.elf.size"
   text	   data	    bss	    dec	    hex	filename
  23712	   1920	  22600	  48232	   bc68	GPIO.elf
Finished building: GPIO.elf.size
 
12:55:44 **** Incremental Build of configuration Debug for project GPIO ****
make pre-build main-build 
a9-linaro-pre-build-step
 
make: Nessuna operazione da eseguire per "main-build".
13:01:54 **** Auto Build of configuration Debug for project GPIO ****
make pre-build main-build 
a9-linaro-pre-build-step
 
Building file: ../src/main.c
Invoking: ARM v7 gcc compiler
arm-none-eabi-gcc -Wall -O0 -g3 -c -fmessage-length=0 -MT"src/main.o" -mcpu=cortex-a9 -mfpu=vfpv3 -mfloat-abi=hard -I../../GPIO_bsp/ps7_cortexa9_0/include -MMD -MP -MF"src/main.d" -MT"src/main.o" -o "src/main.o" "../src/main.c"
../src/main.c: In function 'main':
../src/main.c:66:14: error: 'GPIO_Button' undeclared (first use in this function); did you mean 'GPIO_Buttonr'?
  XGPIO_Init(&GPIO_Button, BASE_ADDR_GPIO1);
              ^~~~~~~~~~~
              GPIO_Buttonr
../src/main.c:66:14: note: each undeclared identifier is reported only once for each function it appears in
../src/main.c: In function 'ButtonISR':
../src/main.c:98:26: error: 'GPIO_Button' undeclared (first use in this function); did you mean 'GPIO_Buttonr'?
  XGPIO_DisableInterrupt(&GPIO_Button,0x01);
                          ^~~~~~~~~~~
                          GPIO_Buttonr
make: *** [src/main.o] Error 1
src/subdir.mk:24: recipe for target 'src/main.o' failed
13:02:07 **** Auto Build of configuration Debug for project GPIO ****
make pre-build main-build 
a9-linaro-pre-build-step
 
Building file: ../src/main.c
Invoking: ARM v7 gcc compiler
arm-none-eabi-gcc -Wall -O0 -g3 -c -fmessage-length=0 -MT"src/main.o" -mcpu=cortex-a9 -mfpu=vfpv3 -mfloat-abi=hard -I../../GPIO_bsp/ps7_cortexa9_0/include -MMD -MP -MF"src/main.d" -MT"src/main.o" -o "src/main.o" "../src/main.c"
Finished building: ../src/main.c
 
Building target: GPIO.elf
Invoking: ARM v7 gcc linker
arm-none-eabi-gcc -mcpu=cortex-a9 -mfpu=vfpv3 -mfloat-abi=hard -Wl,-build-id=none -specs=Xilinx.spec -Wl,-T -Wl,../src/lscript.ld -L../../GPIO_bsp/ps7_cortexa9_0/lib -o "GPIO.elf"  ./src/gpio_int.o ./src/main.o   -Wl,--start-group,-lxil,-lgcc,-lc,--end-group
Finished building target: GPIO.elf
 
Invoking: ARM v7 Print Size
arm-none-eabi-size GPIO.elf  |tee "GPIO.elf.size"
   text	   data	    bss	    dec	    hex	filename
  24128	   1920	  22600	  48648	   be08	GPIO.elf
Finished building: GPIO.elf.size
 
13:02:29 **** Auto Build of configuration Debug for project GPIO ****
make pre-build main-build 
a9-linaro-pre-build-step
 
Building file: ../src/main.c
Invoking: ARM v7 gcc compiler
arm-none-eabi-gcc -Wall -O0 -g3 -c -fmessage-length=0 -MT"src/main.o" -mcpu=cortex-a9 -mfpu=vfpv3 -mfloat-abi=hard -I../../GPIO_bsp/ps7_cortexa9_0/include -MMD -MP -MF"src/main.d" -MT"src/main.o" -o "src/main.o" "../src/main.c"
Finished building: ../src/main.c
 
Building target: GPIO.elf
Invoking: ARM v7 gcc linker
arm-none-eabi-gcc -mcpu=cortex-a9 -mfpu=vfpv3 -mfloat-abi=hard -Wl,-build-id=none -specs=Xilinx.spec -Wl,-T -Wl,../src/lscript.ld -L../../GPIO_bsp/ps7_cortexa9_0/lib -o "GPIO.elf"  ./src/gpio_int.o ./src/main.o   -Wl,--start-group,-lxil,-lgcc,-lc,--end-group
Finished building target: GPIO.elf
 
Invoking: ARM v7 Print Size
arm-none-eabi-size GPIO.elf  |tee "GPIO.elf.size"
   text	   data	    bss	    dec	    hex	filename
  24200	   1920	  22600	  48720	   be50	GPIO.elf
Finished building: GPIO.elf.size
 
13:09:56 **** Incremental Build of configuration Debug for project GPIO ****
make pre-build main-build 
a9-linaro-pre-build-step
 
make: Nessuna operazione da eseguire per "main-build".
17:04:16 **** Incremental Build of configuration Debug for project GPIO ****
make pre-build main-build 
a9-linaro-pre-build-step
 
make: Nessuna operazione da eseguire per "main-build".
17:06:14 **** Auto Build of configuration Debug for project GPIO ****
make pre-build main-build 
a9-linaro-pre-build-step
 
Building file: ../src/main.c
Invoking: ARM v7 gcc compiler
arm-none-eabi-gcc -Wall -O0 -g3 -c -fmessage-length=0 -MT"src/main.o" -mcpu=cortex-a9 -mfpu=vfpv3 -mfloat-abi=hard -I../../GPIO_bsp/ps7_cortexa9_0/include -MMD -MP -MF"src/main.d" -MT"src/main.o" -o "src/main.o" "../src/main.c"
Finished building: ../src/main.c
 
Building target: GPIO.elf
Invoking: ARM v7 gcc linker
arm-none-eabi-gcc -mcpu=cortex-a9 -mfpu=vfpv3 -mfloat-abi=hard -Wl,-build-id=none -specs=Xilinx.spec -Wl,-T -Wl,../src/lscript.ld -L../../GPIO_bsp/ps7_cortexa9_0/lib -o "GPIO.elf"  ./src/gpio_int.o ./src/main.o   -Wl,--start-group,-lxil,-lgcc,-lc,--end-group
Finished building target: GPIO.elf
 
Invoking: ARM v7 Print Size
arm-none-eabi-size GPIO.elf  |tee "GPIO.elf.size"
   text	   data	    bss	    dec	    hex	filename
  24184	   1920	  22600	  48704	   be40	GPIO.elf
Finished building: GPIO.elf.size
 
17:06:17 **** Incremental Build of configuration Debug for project GPIO ****
make pre-build main-build 
a9-linaro-pre-build-step
 
make: Nessuna operazione da eseguire per "main-build".
17:11:07 **** Incremental Build of configuration Debug for project GPIO ****
make pre-build main-build 
a9-linaro-pre-build-step
 
make: Nessuna operazione da eseguire per "main-build".
17:11:31 **** Incremental Build of configuration Debug for project GPIO ****
make pre-build main-build 
a9-linaro-pre-build-step
 
make: Nessuna operazione da eseguire per "main-build".
17:13:36 **** Auto Build of configuration Debug for project GPIO ****
make pre-build main-build 
a9-linaro-pre-build-step
 
Building file: ../src/main.c
Invoking: ARM v7 gcc compiler
arm-none-eabi-gcc -Wall -O0 -g3 -c -fmessage-length=0 -MT"src/main.o" -mcpu=cortex-a9 -mfpu=vfpv3 -mfloat-abi=hard -I../../GPIO_bsp/ps7_cortexa9_0/include -MMD -MP -MF"src/main.d" -MT"src/main.o" -o "src/main.o" "../src/main.c"
Finished building: ../src/main.c
 
Building target: GPIO.elf
Invoking: ARM v7 gcc linker
arm-none-eabi-gcc -mcpu=cortex-a9 -mfpu=vfpv3 -mfloat-abi=hard -Wl,-build-id=none -specs=Xilinx.spec -Wl,-T -Wl,../src/lscript.ld -L../../GPIO_bsp/ps7_cortexa9_0/lib -o "GPIO.elf"  ./src/gpio_int.o ./src/main.o   -Wl,--start-group,-lxil,-lgcc,-lc,--end-group
Finished building target: GPIO.elf
 
Invoking: ARM v7 Print Size
arm-none-eabi-size GPIO.elf  |tee "GPIO.elf.size"
   text	   data	    bss	    dec	    hex	filename
  24200	   1920	  22600	  48720	   be50	GPIO.elf
Finished building: GPIO.elf.size
 
17:13:42 **** Incremental Build of configuration Debug for project GPIO ****
make pre-build main-build 
a9-linaro-pre-build-step
 
make: Nessuna operazione da eseguire per "main-build".
17:14:30 **** Auto Build of configuration Debug for project GPIO ****
make pre-build main-build 
a9-linaro-pre-build-step
 
Building file: ../src/main.c
Invoking: ARM v7 gcc compiler
arm-none-eabi-gcc -Wall -O0 -g3 -c -fmessage-length=0 -MT"src/main.o" -mcpu=cortex-a9 -mfpu=vfpv3 -mfloat-abi=hard -I../../GPIO_bsp/ps7_cortexa9_0/include -MMD -MP -MF"src/main.d" -MT"src/main.o" -o "src/main.o" "../src/main.c"
Finished building: ../src/main.c
 
Building target: GPIO.elf
Invoking: ARM v7 gcc linker
arm-none-eabi-gcc -mcpu=cortex-a9 -mfpu=vfpv3 -mfloat-abi=hard -Wl,-build-id=none -specs=Xilinx.spec -Wl,-T -Wl,../src/lscript.ld -L../../GPIO_bsp/ps7_cortexa9_0/lib -o "GPIO.elf"  ./src/gpio_int.o ./src/main.o   -Wl,--start-group,-lxil,-lgcc,-lc,--end-group
Finished building target: GPIO.elf
 
Invoking: ARM v7 Print Size
arm-none-eabi-size GPIO.elf  |tee "GPIO.elf.size"
   text	   data	    bss	    dec	    hex	filename
  24184	   1920	  22600	  48704	   be40	GPIO.elf
Finished building: GPIO.elf.size
 
17:14:37 **** Incremental Build of configuration Debug for project GPIO ****
make pre-build main-build 
a9-linaro-pre-build-step
 
make: Nessuna operazione da eseguire per "main-build".
17:15:12 **** Auto Build of configuration Debug for project GPIO ****
make pre-build main-build 
a9-linaro-pre-build-step
 
Building file: ../src/main.c
Invoking: ARM v7 gcc compiler
arm-none-eabi-gcc -Wall -O0 -g3 -c -fmessage-length=0 -MT"src/main.o" -mcpu=cortex-a9 -mfpu=vfpv3 -mfloat-abi=hard -I../../GPIO_bsp/ps7_cortexa9_0/include -MMD -MP -MF"src/main.d" -MT"src/main.o" -o "src/main.o" "../src/main.c"
Finished building: ../src/main.c
 
Building target: GPIO.elf
Invoking: ARM v7 gcc linker
arm-none-eabi-gcc -mcpu=cortex-a9 -mfpu=vfpv3 -mfloat-abi=hard -Wl,-build-id=none -specs=Xilinx.spec -Wl,-T -Wl,../src/lscript.ld -L../../GPIO_bsp/ps7_cortexa9_0/lib -o "GPIO.elf"  ./src/gpio_int.o ./src/main.o   -Wl,--start-group,-lxil,-lgcc,-lc,--end-group
Finished building target: GPIO.elf
 
Invoking: ARM v7 Print Size
arm-none-eabi-size GPIO.elf  |tee "GPIO.elf.size"
   text	   data	    bss	    dec	    hex	filename
  24200	   1920	  22600	  48720	   be50	GPIO.elf
Finished building: GPIO.elf.size
 
18:53:22 **** Auto Build of configuration Debug for project GPIO ****
make pre-build main-build 
a9-linaro-pre-build-step
 
Building file: ../src/gpio_int.c
Invoking: ARM v7 gcc compiler
arm-none-eabi-gcc -Wall -O0 -g3 -c -fmessage-length=0 -MT"src/gpio_int.o" -mcpu=cortex-a9 -mfpu=vfpv3 -mfloat-abi=hard -I../../GPIO_bsp/ps7_cortexa9_0/include -MMD -MP -MF"src/gpio_int.d" -MT"src/gpio_int.o" -o "src/gpio_int.o" "../src/gpio_int.c"
../src/gpio_int.c: In function 'XGPIO_ACK':
../src/gpio_int.c:63:6: warning: unused variable 'Register' [-Wunused-variable]
  u32 Register;
      ^~~~~~~~
Finished building: ../src/gpio_int.c
 
Building target: GPIO.elf
Invoking: ARM v7 gcc linker
arm-none-eabi-gcc -mcpu=cortex-a9 -mfpu=vfpv3 -mfloat-abi=hard -Wl,-build-id=none -specs=Xilinx.spec -Wl,-T -Wl,../src/lscript.ld -L../../GPIO_bsp/ps7_cortexa9_0/lib -o "GPIO.elf"  ./src/gpio_int.o ./src/main.o   -Wl,--start-group,-lxil,-lgcc,-lc,--end-group
Finished building target: GPIO.elf
 
Invoking: ARM v7 Print Size
arm-none-eabi-size GPIO.elf  |tee "GPIO.elf.size"
   text	   data	    bss	    dec	    hex	filename
  24164	   1920	  22600	  48684	   be2c	GPIO.elf
Finished building: GPIO.elf.size
 
19:03:29 **** Auto Build of configuration Debug for project GPIO ****
make pre-build main-build 
a9-linaro-pre-build-step
 
Building file: ../src/main.c
Invoking: ARM v7 gcc compiler
arm-none-eabi-gcc -Wall -O0 -g3 -c -fmessage-length=0 -MT"src/main.o" -mcpu=cortex-a9 -mfpu=vfpv3 -mfloat-abi=hard -I../../GPIO_bsp/ps7_cortexa9_0/include -MMD -MP -MF"src/main.d" -MT"src/main.o" -o "src/main.o" "../src/main.c"
Finished building: ../src/main.c
 
Building target: GPIO.elf
Invoking: ARM v7 gcc linker
arm-none-eabi-gcc -mcpu=cortex-a9 -mfpu=vfpv3 -mfloat-abi=hard -Wl,-build-id=none -specs=Xilinx.spec -Wl,-T -Wl,../src/lscript.ld -L../../GPIO_bsp/ps7_cortexa9_0/lib -o "GPIO.elf"  ./src/gpio_int.o ./src/main.o   -Wl,--start-group,-lxil,-lgcc,-lc,--end-group
Finished building target: GPIO.elf
 
Invoking: ARM v7 Print Size
arm-none-eabi-size GPIO.elf  |tee "GPIO.elf.size"
   text	   data	    bss	    dec	    hex	filename
  24260	   1920	  22600	  48780	   be8c	GPIO.elf
Finished building: GPIO.elf.size
 
20:40:56 **** Auto Build of configuration Debug for project GPIO ****
make pre-build main-build 
a9-linaro-pre-build-step
 
Building file: ../src/main.c
Invoking: ARM v7 gcc compiler
arm-none-eabi-gcc -Wall -O0 -g3 -c -fmessage-length=0 -MT"src/main.o" -mcpu=cortex-a9 -mfpu=vfpv3 -mfloat-abi=hard -I../../GPIO_bsp/ps7_cortexa9_0/include -MMD -MP -MF"src/main.d" -MT"src/main.o" -o "src/main.o" "../src/main.c"
Finished building: ../src/main.c
 
Building target: GPIO.elf
Invoking: ARM v7 gcc linker
arm-none-eabi-gcc -mcpu=cortex-a9 -mfpu=vfpv3 -mfloat-abi=hard -Wl,-build-id=none -specs=Xilinx.spec -Wl,-T -Wl,../src/lscript.ld -L../../GPIO_bsp/ps7_cortexa9_0/lib -o "GPIO.elf"  ./src/gpio_int.o ./src/main.o   -Wl,--start-group,-lxil,-lgcc,-lc,--end-group
Finished building target: GPIO.elf
 
Invoking: ARM v7 Print Size
arm-none-eabi-size GPIO.elf  |tee "GPIO.elf.size"
   text	   data	    bss	    dec	    hex	filename
  24260	   1920	  22600	  48780	   be8c	GPIO.elf
Finished building: GPIO.elf.size
 
20:41:27 **** Clean-only build of project GPIO_bsp ****
make -k clean 
make -C ps7_cortexa9_0/libsrc/ddrps_v1_0/src -s clean 
make -C ps7_cortexa9_0/libsrc/sdps_v3_6/src -s clean 
make -C ps7_cortexa9_0/libsrc/standalone_v6_8/src -s clean 
make -C ps7_cortexa9_0/libsrc/dmaps_v2_4/src -s clean 
make -C ps7_cortexa9_0/libsrc/cpu_cortexa9_v2_7/src -s clean 
make -C ps7_cortexa9_0/libsrc/emacps_v3_8/src -s clean 
make -C ps7_cortexa9_0/libsrc/gpiops_v3_4/src -s clean 
make -C ps7_cortexa9_0/libsrc/qspips_v3_5/src -s clean 
make -C ps7_cortexa9_0/libsrc/scugic_v3_10/src -s clean 
make -C ps7_cortexa9_0/libsrc/xadcps_v2_3/src -s clean 
make -C ps7_cortexa9_0/libsrc/devcfg_v3_5/src -s clean 
make -C ps7_cortexa9_0/libsrc/scuwdt_v2_1/src -s clean 
make -C ps7_cortexa9_0/libsrc/uartps_v3_7/src -s clean 
make -C ps7_cortexa9_0/libsrc/usbps_v2_4/src -s clean 
make -C ps7_cortexa9_0/libsrc/coresightps_dcc_v1_4/src -s clean 
make -C ps7_cortexa9_0/libsrc/scutimer_v2_1/src -s clean 
make -C ps7_cortexa9_0/libsrc/GPIO_v1_0/src -s clean 
rm -f ps7_cortexa9_0/lib/libxil.a
20:41:28 **** Clean-only build of configuration Debug for project GPIO ****
make clean 
rm -rf  ./src/gpio_int.o ./src/main.o  ./src/gpio_int.d ./src/main.d  GPIO.elf.size  GPIO.elf
 
20:41:29 **** Build of project GPIO_bsp ****
make -k all 
Running Make include in ps7_cortexa9_0/libsrc/ddrps_v1_0/src
make -C ps7_cortexa9_0/libsrc/ddrps_v1_0/src -s include  "SHELL=/bin/sh" "COMPILER=arm-none-eabi-gcc" "ARCHIVER=arm-none-eabi-ar" "COMPILER_FLAGS=  -O2 -c" "EXTRA_COMPILER_FLAGS=-mcpu=cortex-a9 -mfpu=vfpv3 -mfloat-abi=hard -nostartfiles -g -Wall -Wextra"
Running Make include in ps7_cortexa9_0/libsrc/sdps_v3_6/src
make -C ps7_cortexa9_0/libsrc/sdps_v3_6/src -s include  "SHELL=/bin/sh" "COMPILER=arm-none-eabi-gcc" "ARCHIVER=arm-none-eabi-ar" "COMPILER_FLAGS=  -O2 -c" "EXTRA_COMPILER_FLAGS=-mcpu=cortex-a9 -mfpu=vfpv3 -mfloat-abi=hard -nostartfiles -g -Wall -Wextra"
Running Make include in ps7_cortexa9_0/libsrc/standalone_v6_8/src
make -C ps7_cortexa9_0/libsrc/standalone_v6_8/src -s include  "SHELL=/bin/sh" "COMPILER=arm-none-eabi-gcc" "ARCHIVER=arm-none-eabi-ar" "COMPILER_FLAGS=  -O2 -c" "EXTRA_COMPILER_FLAGS=-mcpu=cortex-a9 -mfpu=vfpv3 -mfloat-abi=hard -nostartfiles -g -Wall -Wextra"
Running Make include in ps7_cortexa9_0/libsrc/dmaps_v2_4/src
make -C ps7_cortexa9_0/libsrc/dmaps_v2_4/src -s include  "SHELL=/bin/sh" "COMPILER=arm-none-eabi-gcc" "ARCHIVER=arm-none-eabi-ar" "COMPILER_FLAGS=  -O2 -c" "EXTRA_COMPILER_FLAGS=-mcpu=cortex-a9 -mfpu=vfpv3 -mfloat-abi=hard -nostartfiles -g -Wall -Wextra"
Running Make include in ps7_cortexa9_0/libsrc/cpu_cortexa9_v2_7/src
make -C ps7_cortexa9_0/libsrc/cpu_cortexa9_v2_7/src -s include  "SHELL=/bin/sh" "COMPILER=arm-none-eabi-gcc" "ARCHIVER=arm-none-eabi-ar" "COMPILER_FLAGS=  -O2 -c" "EXTRA_COMPILER_FLAGS=-mcpu=cortex-a9 -mfpu=vfpv3 -mfloat-abi=hard -nostartfiles -g -Wall -Wextra"
Running Make include in ps7_cortexa9_0/libsrc/emacps_v3_8/src
make -C ps7_cortexa9_0/libsrc/emacps_v3_8/src -s include  "SHELL=/bin/sh" "COMPILER=arm-none-eabi-gcc" "ARCHIVER=arm-none-eabi-ar" "COMPILER_FLAGS=  -O2 -c" "EXTRA_COMPILER_FLAGS=-mcpu=cortex-a9 -mfpu=vfpv3 -mfloat-abi=hard -nostartfiles -g -Wall -Wextra"
Running Make include in ps7_cortexa9_0/libsrc/gpiops_v3_4/src
make -C ps7_cortexa9_0/libsrc/gpiops_v3_4/src -s include  "SHELL=/bin/sh" "COMPILER=arm-none-eabi-gcc" "ARCHIVER=arm-none-eabi-ar" "COMPILER_FLAGS=  -O2 -c" "EXTRA_COMPILER_FLAGS=-mcpu=cortex-a9 -mfpu=vfpv3 -mfloat-abi=hard -nostartfiles -g -Wall -Wextra"
Running Make include in ps7_cortexa9_0/libsrc/qspips_v3_5/src
make -C ps7_cortexa9_0/libsrc/qspips_v3_5/src -s include  "SHELL=/bin/sh" "COMPILER=arm-none-eabi-gcc" "ARCHIVER=arm-none-eabi-ar" "COMPILER_FLAGS=  -O2 -c" "EXTRA_COMPILER_FLAGS=-mcpu=cortex-a9 -mfpu=vfpv3 -mfloat-abi=hard -nostartfiles -g -Wall -Wextra"
Running Make include in ps7_cortexa9_0/libsrc/scugic_v3_10/src
make -C ps7_cortexa9_0/libsrc/scugic_v3_10/src -s include  "SHELL=/bin/sh" "COMPILER=arm-none-eabi-gcc" "ARCHIVER=arm-none-eabi-ar" "COMPILER_FLAGS=  -O2 -c" "EXTRA_COMPILER_FLAGS=-mcpu=cortex-a9 -mfpu=vfpv3 -mfloat-abi=hard -nostartfiles -g -Wall -Wextra"
Running Make include in ps7_cortexa9_0/libsrc/xadcps_v2_3/src
make -C ps7_cortexa9_0/libsrc/xadcps_v2_3/src -s include  "SHELL=/bin/sh" "COMPILER=arm-none-eabi-gcc" "ARCHIVER=arm-none-eabi-ar" "COMPILER_FLAGS=  -O2 -c" "EXTRA_COMPILER_FLAGS=-mcpu=cortex-a9 -mfpu=vfpv3 -mfloat-abi=hard -nostartfiles -g -Wall -Wextra"
Running Make include in ps7_cortexa9_0/libsrc/devcfg_v3_5/src
make -C ps7_cortexa9_0/libsrc/devcfg_v3_5/src -s include  "SHELL=/bin/sh" "COMPILER=arm-none-eabi-gcc" "ARCHIVER=arm-none-eabi-ar" "COMPILER_FLAGS=  -O2 -c" "EXTRA_COMPILER_FLAGS=-mcpu=cortex-a9 -mfpu=vfpv3 -mfloat-abi=hard -nostartfiles -g -Wall -Wextra"
Running Make include in ps7_cortexa9_0/libsrc/scuwdt_v2_1/src
make -C ps7_cortexa9_0/libsrc/scuwdt_v2_1/src -s include  "SHELL=/bin/sh" "COMPILER=arm-none-eabi-gcc" "ARCHIVER=arm-none-eabi-ar" "COMPILER_FLAGS=  -O2 -c" "EXTRA_COMPILER_FLAGS=-mcpu=cortex-a9 -mfpu=vfpv3 -mfloat-abi=hard -nostartfiles -g -Wall -Wextra"
Running Make include in ps7_cortexa9_0/libsrc/uartps_v3_7/src
make -C ps7_cortexa9_0/libsrc/uartps_v3_7/src -s include  "SHELL=/bin/sh" "COMPILER=arm-none-eabi-gcc" "ARCHIVER=arm-none-eabi-ar" "COMPILER_FLAGS=  -O2 -c" "EXTRA_COMPILER_FLAGS=-mcpu=cortex-a9 -mfpu=vfpv3 -mfloat-abi=hard -nostartfiles -g -Wall -Wextra"
Running Make include in ps7_cortexa9_0/libsrc/usbps_v2_4/src
make -C ps7_cortexa9_0/libsrc/usbps_v2_4/src -s include  "SHELL=/bin/sh" "COMPILER=arm-none-eabi-gcc" "ARCHIVER=arm-none-eabi-ar" "COMPILER_FLAGS=  -O2 -c" "EXTRA_COMPILER_FLAGS=-mcpu=cortex-a9 -mfpu=vfpv3 -mfloat-abi=hard -nostartfiles -g -Wall -Wextra"
Running Make include in ps7_cortexa9_0/libsrc/coresightps_dcc_v1_4/src
make -C ps7_cortexa9_0/libsrc/coresightps_dcc_v1_4/src -s include  "SHELL=/bin/sh" "COMPILER=arm-none-eabi-gcc" "ARCHIVER=arm-none-eabi-ar" "COMPILER_FLAGS=  -O2 -c" "EXTRA_COMPILER_FLAGS=-mcpu=cortex-a9 -mfpu=vfpv3 -mfloat-abi=hard -nostartfiles -g -Wall -Wextra"
Running Make include in ps7_cortexa9_0/libsrc/scutimer_v2_1/src
make -C ps7_cortexa9_0/libsrc/scutimer_v2_1/src -s include  "SHELL=/bin/sh" "COMPILER=arm-none-eabi-gcc" "ARCHIVER=arm-none-eabi-ar" "COMPILER_FLAGS=  -O2 -c" "EXTRA_COMPILER_FLAGS=-mcpu=cortex-a9 -mfpu=vfpv3 -mfloat-abi=hard -nostartfiles -g -Wall -Wextra"
Running Make include in ps7_cortexa9_0/libsrc/GPIO_v1_0/src
make -C ps7_cortexa9_0/libsrc/GPIO_v1_0/src -s include  "SHELL=/bin/sh" "COMPILER=arm-none-eabi-gcc" "ARCHIVER=arm-none-eabi-ar" "COMPILER_FLAGS=  -O2 -c" "EXTRA_COMPILER_FLAGS=-mcpu=cortex-a9 -mfpu=vfpv3 -mfloat-abi=hard -nostartfiles -g -Wall -Wextra"
Running Make libs in ps7_cortexa9_0/libsrc/ddrps_v1_0/src
make -C ps7_cortexa9_0/libsrc/ddrps_v1_0/src -s libs  "SHELL=/bin/sh" "COMPILER=arm-none-eabi-gcc" "ARCHIVER=arm-none-eabi-ar" "COMPILER_FLAGS=  -O2 -c" "EXTRA_COMPILER_FLAGS=-mcpu=cortex-a9 -mfpu=vfpv3 -mfloat-abi=hard -nostartfiles -g -Wall -Wextra"
Compiling ddrps
arm-none-eabi-ar: creazione di ../../../lib/libxil.a
Running Make libs in ps7_cortexa9_0/libsrc/sdps_v3_6/src
make -C ps7_cortexa9_0/libsrc/sdps_v3_6/src -s libs  "SHELL=/bin/sh" "COMPILER=arm-none-eabi-gcc" "ARCHIVER=arm-none-eabi-ar" "COMPILER_FLAGS=  -O2 -c" "EXTRA_COMPILER_FLAGS=-mcpu=cortex-a9 -mfpu=vfpv3 -mfloat-abi=hard -nostartfiles -g -Wall -Wextra"
Compiling sdps
Running Make libs in ps7_cortexa9_0/libsrc/standalone_v6_8/src
make -C ps7_cortexa9_0/libsrc/standalone_v6_8/src -s libs  "SHELL=/bin/sh" "COMPILER=arm-none-eabi-gcc" "ARCHIVER=arm-none-eabi-ar" "COMPILER_FLAGS=  -O2 -c" "EXTRA_COMPILER_FLAGS=-mcpu=cortex-a9 -mfpu=vfpv3 -mfloat-abi=hard -nostartfiles -g -Wall -Wextra"
Compiling standalone
In file included from sleep.c:53:0:
xtime_l.h:87:9: note: #pragma message: For the sleep routines, Global timer is being used
 #pragma message ("For the sleep routines, Global timer is being used")
         ^~~~~~~
In file included from xil_sleeptimer.c:51:0:
xtime_l.h:87:9: note: #pragma message: For the sleep routines, Global timer is being used
 #pragma message ("For the sleep routines, Global timer is being used")
         ^~~~~~~
In file included from xtime_l.c:49:0:
xtime_l.h:87:9: note: #pragma message: For the sleep routines, Global timer is being used
 #pragma message ("For the sleep routines, Global timer is being used")
         ^~~~~~~
In file included from usleep.c:56:0:
xtime_l.h:87:9: note: #pragma message: For the sleep routines, Global timer is being used
 #pragma message ("For the sleep routines, Global timer is being used")
         ^~~~~~~
Running Make libs in ps7_cortexa9_0/libsrc/dmaps_v2_4/src
make -C ps7_cortexa9_0/libsrc/dmaps_v2_4/src -s libs  "SHELL=/bin/sh" "COMPILER=arm-none-eabi-gcc" "ARCHIVER=arm-none-eabi-ar" "COMPILER_FLAGS=  -O2 -c" "EXTRA_COMPILER_FLAGS=-mcpu=cortex-a9 -mfpu=vfpv3 -mfloat-abi=hard -nostartfiles -g -Wall -Wextra"
Compiling dmaps
Running Make libs in ps7_cortexa9_0/libsrc/cpu_cortexa9_v2_7/src
make -C ps7_cortexa9_0/libsrc/cpu_cortexa9_v2_7/src -s libs  "SHELL=/bin/sh" "COMPILER=arm-none-eabi-gcc" "ARCHIVER=arm-none-eabi-ar" "COMPILER_FLAGS=  -O2 -c" "EXTRA_COMPILER_FLAGS=-mcpu=cortex-a9 -mfpu=vfpv3 -mfloat-abi=hard -nostartfiles -g -Wall -Wextra"
Compiling cpu_cortexa9
Running Make libs in ps7_cortexa9_0/libsrc/emacps_v3_8/src
make -C ps7_cortexa9_0/libsrc/emacps_v3_8/src -s libs  "SHELL=/bin/sh" "COMPILER=arm-none-eabi-gcc" "ARCHIVER=arm-none-eabi-ar" "COMPILER_FLAGS=  -O2 -c" "EXTRA_COMPILER_FLAGS=-mcpu=cortex-a9 -mfpu=vfpv3 -mfloat-abi=hard -nostartfiles -g -Wall -Wextra"
Compiling emacps
Running Make libs in ps7_cortexa9_0/libsrc/gpiops_v3_4/src
make -C ps7_cortexa9_0/libsrc/gpiops_v3_4/src -s libs  "SHELL=/bin/sh" "COMPILER=arm-none-eabi-gcc" "ARCHIVER=arm-none-eabi-ar" "COMPILER_FLAGS=  -O2 -c" "EXTRA_COMPILER_FLAGS=-mcpu=cortex-a9 -mfpu=vfpv3 -mfloat-abi=hard -nostartfiles -g -Wall -Wextra"
Compiling gpiops
Running Make libs in ps7_cortexa9_0/libsrc/qspips_v3_5/src
make -C ps7_cortexa9_0/libsrc/qspips_v3_5/src -s libs  "SHELL=/bin/sh" "COMPILER=arm-none-eabi-gcc" "ARCHIVER=arm-none-eabi-ar" "COMPILER_FLAGS=  -O2 -c" "EXTRA_COMPILER_FLAGS=-mcpu=cortex-a9 -mfpu=vfpv3 -mfloat-abi=hard -nostartfiles -g -Wall -Wextra"
Compiling qspips
Running Make libs in ps7_cortexa9_0/libsrc/scugic_v3_10/src
make -C ps7_cortexa9_0/libsrc/scugic_v3_10/src -s libs  "SHELL=/bin/sh" "COMPILER=arm-none-eabi-gcc" "ARCHIVER=arm-none-eabi-ar" "COMPILER_FLAGS=  -O2 -c" "EXTRA_COMPILER_FLAGS=-mcpu=cortex-a9 -mfpu=vfpv3 -mfloat-abi=hard -nostartfiles -g -Wall -Wextra"
Compiling scugic
Running Make libs in ps7_cortexa9_0/libsrc/xadcps_v2_3/src
make -C ps7_cortexa9_0/libsrc/xadcps_v2_3/src -s libs  "SHELL=/bin/sh" "COMPILER=arm-none-eabi-gcc" "ARCHIVER=arm-none-eabi-ar" "COMPILER_FLAGS=  -O2 -c" "EXTRA_COMPILER_FLAGS=-mcpu=cortex-a9 -mfpu=vfpv3 -mfloat-abi=hard -nostartfiles -g -Wall -Wextra"
Compiling xadcps
Running Make libs in ps7_cortexa9_0/libsrc/devcfg_v3_5/src
make -C ps7_cortexa9_0/libsrc/devcfg_v3_5/src -s libs  "SHELL=/bin/sh" "COMPILER=arm-none-eabi-gcc" "ARCHIVER=arm-none-eabi-ar" "COMPILER_FLAGS=  -O2 -c" "EXTRA_COMPILER_FLAGS=-mcpu=cortex-a9 -mfpu=vfpv3 -mfloat-abi=hard -nostartfiles -g -Wall -Wextra"
Compiling devcfg
Running Make libs in ps7_cortexa9_0/libsrc/scuwdt_v2_1/src
make -C ps7_cortexa9_0/libsrc/scuwdt_v2_1/src -s libs  "SHELL=/bin/sh" "COMPILER=arm-none-eabi-gcc" "ARCHIVER=arm-none-eabi-ar" "COMPILER_FLAGS=  -O2 -c" "EXTRA_COMPILER_FLAGS=-mcpu=cortex-a9 -mfpu=vfpv3 -mfloat-abi=hard -nostartfiles -g -Wall -Wextra"
Compiling scuwdt
Running Make libs in ps7_cortexa9_0/libsrc/uartps_v3_7/src
make -C ps7_cortexa9_0/libsrc/uartps_v3_7/src -s libs  "SHELL=/bin/sh" "COMPILER=arm-none-eabi-gcc" "ARCHIVER=arm-none-eabi-ar" "COMPILER_FLAGS=  -O2 -c" "EXTRA_COMPILER_FLAGS=-mcpu=cortex-a9 -mfpu=vfpv3 -mfloat-abi=hard -nostartfiles -g -Wall -Wextra"
Compiling uartps
Running Make libs in ps7_cortexa9_0/libsrc/usbps_v2_4/src
make -C ps7_cortexa9_0/libsrc/usbps_v2_4/src -s libs  "SHELL=/bin/sh" "COMPILER=arm-none-eabi-gcc" "ARCHIVER=arm-none-eabi-ar" "COMPILER_FLAGS=  -O2 -c" "EXTRA_COMPILER_FLAGS=-mcpu=cortex-a9 -mfpu=vfpv3 -mfloat-abi=hard -nostartfiles -g -Wall -Wextra"
Compiling usbps
Running Make libs in ps7_cortexa9_0/libsrc/coresightps_dcc_v1_4/src
make -C ps7_cortexa9_0/libsrc/coresightps_dcc_v1_4/src -s libs  "SHELL=/bin/sh" "COMPILER=arm-none-eabi-gcc" "ARCHIVER=arm-none-eabi-ar" "COMPILER_FLAGS=  -O2 -c" "EXTRA_COMPILER_FLAGS=-mcpu=cortex-a9 -mfpu=vfpv3 -mfloat-abi=hard -nostartfiles -g -Wall -Wextra"
Compiling coresightps_dcc
Running Make libs in ps7_cortexa9_0/libsrc/scutimer_v2_1/src
make -C ps7_cortexa9_0/libsrc/scutimer_v2_1/src -s libs  "SHELL=/bin/sh" "COMPILER=arm-none-eabi-gcc" "ARCHIVER=arm-none-eabi-ar" "COMPILER_FLAGS=  -O2 -c" "EXTRA_COMPILER_FLAGS=-mcpu=cortex-a9 -mfpu=vfpv3 -mfloat-abi=hard -nostartfiles -g -Wall -Wextra"
Compiling scutimer
Running Make libs in ps7_cortexa9_0/libsrc/GPIO_v1_0/src
make -C ps7_cortexa9_0/libsrc/GPIO_v1_0/src -s libs  "SHELL=/bin/sh" "COMPILER=arm-none-eabi-gcc" "ARCHIVER=arm-none-eabi-ar" "COMPILER_FLAGS=  -O2 -c" "EXTRA_COMPILER_FLAGS=-mcpu=cortex-a9 -mfpu=vfpv3 -mfloat-abi=hard -nostartfiles -g -Wall -Wextra"
Compiling GPIO...
GPIO_selftest.c: In function 'GPIO_Reg_SelfTest':
GPIO_selftest.c:52:53: warning: comparison between signed and unsigned integer expressions [-Wsign-compare]
    if ( GPIO_mReadReg (baseaddr, read_loop_index*4) != (read_loop_index+1)*READ_WRITE_MUL_FACTOR){
                                                     ^~
GPIO_selftest.c:36:6: warning: unused variable 'Index' [-Wunused-variable]
  int Index;
      ^~~~~
Finished building libraries
20:41:37 **** Build of configuration Debug for project GPIO ****
make pre-build main-build 
a9-linaro-pre-build-step
 
Building file: ../src/gpio_int.c
Invoking: ARM v7 gcc compiler
arm-none-eabi-gcc -Wall -O0 -g3 -c -fmessage-length=0 -MT"src/gpio_int.o" -mcpu=cortex-a9 -mfpu=vfpv3 -mfloat-abi=hard -I../../GPIO_bsp/ps7_cortexa9_0/include -MMD -MP -MF"src/gpio_int.d" -MT"src/gpio_int.o" -o "src/gpio_int.o" "../src/gpio_int.c"
../src/gpio_int.c: In function 'XGPIO_ACK':
../src/gpio_int.c:63:6: warning: unused variable 'Register' [-Wunused-variable]
  u32 Register;
      ^~~~~~~~
Finished building: ../src/gpio_int.c
 
Building file: ../src/main.c
Invoking: ARM v7 gcc compiler
arm-none-eabi-gcc -Wall -O0 -g3 -c -fmessage-length=0 -MT"src/main.o" -mcpu=cortex-a9 -mfpu=vfpv3 -mfloat-abi=hard -I../../GPIO_bsp/ps7_cortexa9_0/include -MMD -MP -MF"src/main.d" -MT"src/main.o" -o "src/main.o" "../src/main.c"
Finished building: ../src/main.c
 
Building target: GPIO.elf
Invoking: ARM v7 gcc linker
arm-none-eabi-gcc -mcpu=cortex-a9 -mfpu=vfpv3 -mfloat-abi=hard -Wl,-build-id=none -specs=Xilinx.spec -Wl,-T -Wl,../src/lscript.ld -L../../GPIO_bsp/ps7_cortexa9_0/lib -o "GPIO.elf"  ./src/gpio_int.o ./src/main.o   -Wl,--start-group,-lxil,-lgcc,-lc,--end-group
Finished building target: GPIO.elf
 
Invoking: ARM v7 Print Size
arm-none-eabi-size GPIO.elf  |tee "GPIO.elf.size"
   text	   data	    bss	    dec	    hex	filename
  24260	   1920	  22600	  48780	   be8c	GPIO.elf
Finished building: GPIO.elf.size
 
20:42:04 **** Incremental Build of configuration Debug for project GPIO ****
make pre-build main-build 
a9-linaro-pre-build-step
 
make: Nessuna operazione da eseguire per "main-build".
20:42:47 **** Incremental Build of configuration Debug for project GPIO ****
make pre-build main-build 
a9-linaro-pre-build-step
 
make: Nessuna operazione da eseguire per "main-build".
20:46:08 **** Auto Build of configuration Debug for project GPIO ****
make pre-build main-build 
a9-linaro-pre-build-step
 
Building file: ../src/gpio_int.c
Invoking: ARM v7 gcc compiler
arm-none-eabi-gcc -Wall -O0 -g3 -c -fmessage-length=0 -MT"src/gpio_int.o" -mcpu=cortex-a9 -mfpu=vfpv3 -mfloat-abi=hard -I../../GPIO_bsp/ps7_cortexa9_0/include -MMD -MP -MF"src/gpio_int.d" -MT"src/gpio_int.o" -o "src/gpio_int.o" "../src/gpio_int.c"
../src/gpio_int.c: In function 'XGPIO_GlobalEnableInterrupt':
../src/gpio_int.c:41:6: warning: variable 'Register' set but not used [-Wunused-but-set-variable]
  u32 Register;
      ^~~~~~~~
../src/gpio_int.c: In function 'XGPIO_ACK':
../src/gpio_int.c:59:6: warning: unused variable 'Register' [-Wunused-variable]
  u32 Register;
      ^~~~~~~~
Finished building: ../src/gpio_int.c
 
Building target: GPIO.elf
Invoking: ARM v7 gcc linker
arm-none-eabi-gcc -mcpu=cortex-a9 -mfpu=vfpv3 -mfloat-abi=hard -Wl,-build-id=none -specs=Xilinx.spec -Wl,-T -Wl,../src/lscript.ld -L../../GPIO_bsp/ps7_cortexa9_0/lib -o "GPIO.elf"  ./src/gpio_int.o ./src/main.o   -Wl,--start-group,-lxil,-lgcc,-lc,--end-group
Finished building target: GPIO.elf
 
Invoking: ARM v7 Print Size
arm-none-eabi-size GPIO.elf  |tee "GPIO.elf.size"
   text	   data	    bss	    dec	    hex	filename
  24180	   1920	  22600	  48700	   be3c	GPIO.elf
Finished building: GPIO.elf.size
 
20:46:43 **** Auto Build of configuration Debug for project GPIO ****
make pre-build main-build 
a9-linaro-pre-build-step
 
Building file: ../src/gpio_int.c
Invoking: ARM v7 gcc compiler
arm-none-eabi-gcc -Wall -O0 -g3 -c -fmessage-length=0 -MT"src/gpio_int.o" -mcpu=cortex-a9 -mfpu=vfpv3 -mfloat-abi=hard -I../../GPIO_bsp/ps7_cortexa9_0/include -MMD -MP -MF"src/gpio_int.d" -MT"src/gpio_int.o" -o "src/gpio_int.o" "../src/gpio_int.c"
../src/gpio_int.c: In function 'XGPIO_GlobalEnableInterrupt':
../src/gpio_int.c:41:6: warning: variable 'Register' set but not used [-Wunused-but-set-variable]
  u32 Register;
      ^~~~~~~~
../src/gpio_int.c: In function 'XGPIO_ACK':
../src/gpio_int.c:59:6: warning: unused variable 'Register' [-Wunused-variable]
  u32 Register;
      ^~~~~~~~
../src/gpio_int.c: In function 'XGPIO_Init':
../src/gpio_int.c:75:32: error: expected expression before 'myIntGPIO'
  XGPIO_GlobalDisableInterrupt(&myIntGPIO);
                                ^~~~~~~~~
../src/gpio_int.c:75:2: error: too few arguments to function 'XGPIO_GlobalDisableInterrupt'
  XGPIO_GlobalDisableInterrupt(&myIntGPIO);
  ^~~~~~~~~~~~~~~~~~~~~~~~~~~~
../src/gpio_int.c:48:6: note: declared here
 void XGPIO_GlobalDisableInterrupt(myIntGPIO * myIntGPIOInstance, u32 mask)
      ^~~~~~~~~~~~~~~~~~~~~~~~~~~~
make: *** [src/gpio_int.o] Error 1
src/subdir.mk:24: recipe for target 'src/gpio_int.o' failed
20:46:49 **** Auto Build of configuration Debug for project GPIO ****
make pre-build main-build 
a9-linaro-pre-build-step
 
Building file: ../src/gpio_int.c
Invoking: ARM v7 gcc compiler
arm-none-eabi-gcc -Wall -O0 -g3 -c -fmessage-length=0 -MT"src/gpio_int.o" -mcpu=cortex-a9 -mfpu=vfpv3 -mfloat-abi=hard -I../../GPIO_bsp/ps7_cortexa9_0/include -MMD -MP -MF"src/gpio_int.d" -MT"src/gpio_int.o" -o "src/gpio_int.o" "../src/gpio_int.c"
../src/gpio_int.c: In function 'XGPIO_GlobalEnableInterrupt':
../src/gpio_int.c:41:6: warning: variable 'Register' set but not used [-Wunused-but-set-variable]
  u32 Register;
      ^~~~~~~~
../src/gpio_int.c: In function 'XGPIO_ACK':
../src/gpio_int.c:59:6: warning: unused variable 'Register' [-Wunused-variable]
  u32 Register;
      ^~~~~~~~
Finished building: ../src/gpio_int.c
 
Building target: GPIO.elf
Invoking: ARM v7 gcc linker
arm-none-eabi-gcc -mcpu=cortex-a9 -mfpu=vfpv3 -mfloat-abi=hard -Wl,-build-id=none -specs=Xilinx.spec -Wl,-T -Wl,../src/lscript.ld -L../../GPIO_bsp/ps7_cortexa9_0/lib -o "GPIO.elf"  ./src/gpio_int.o ./src/main.o   -Wl,--start-group,-lxil,-lgcc,-lc,--end-group
Finished building target: GPIO.elf
 
Invoking: ARM v7 Print Size
arm-none-eabi-size GPIO.elf  |tee "GPIO.elf.size"
   text	   data	    bss	    dec	    hex	filename
  24180	   1920	  22600	  48700	   be3c	GPIO.elf
Finished building: GPIO.elf.size
 
20:46:58 **** Auto Build of configuration Debug for project GPIO ****
make pre-build main-build 
a9-linaro-pre-build-step
 
Building file: ../src/gpio_int.c
Invoking: ARM v7 gcc compiler
arm-none-eabi-gcc -Wall -O0 -g3 -c -fmessage-length=0 -MT"src/gpio_int.o" -mcpu=cortex-a9 -mfpu=vfpv3 -mfloat-abi=hard -I../../GPIO_bsp/ps7_cortexa9_0/include -MMD -MP -MF"src/gpio_int.d" -MT"src/gpio_int.o" -o "src/gpio_int.o" "../src/gpio_int.c"
../src/gpio_int.c: In function 'XGPIO_GlobalEnableInterrupt':
../src/gpio_int.c:41:6: warning: variable 'Register' set but not used [-Wunused-but-set-variable]
  u32 Register;
      ^~~~~~~~
Finished building: ../src/gpio_int.c
 
Building target: GPIO.elf
Invoking: ARM v7 gcc linker
arm-none-eabi-gcc -mcpu=cortex-a9 -mfpu=vfpv3 -mfloat-abi=hard -Wl,-build-id=none -specs=Xilinx.spec -Wl,-T -Wl,../src/lscript.ld -L../../GPIO_bsp/ps7_cortexa9_0/lib -o "GPIO.elf"  ./src/gpio_int.o ./src/main.o   -Wl,--start-group,-lxil,-lgcc,-lc,--end-group
Finished building target: GPIO.elf
 
Invoking: ARM v7 Print Size
arm-none-eabi-size GPIO.elf  |tee "GPIO.elf.size"
   text	   data	    bss	    dec	    hex	filename
  24180	   1920	  22600	  48700	   be3c	GPIO.elf
Finished building: GPIO.elf.size
 
20:47:05 **** Auto Build of configuration Debug for project GPIO ****
make pre-build main-build 
a9-linaro-pre-build-step
 
Building file: ../src/gpio_int.c
Invoking: ARM v7 gcc compiler
arm-none-eabi-gcc -Wall -O0 -g3 -c -fmessage-length=0 -MT"src/gpio_int.o" -mcpu=cortex-a9 -mfpu=vfpv3 -mfloat-abi=hard -I../../GPIO_bsp/ps7_cortexa9_0/include -MMD -MP -MF"src/gpio_int.d" -MT"src/gpio_int.o" -o "src/gpio_int.o" "../src/gpio_int.c"
../src/gpio_int.c: In function 'XGPIO_GlobalEnableInterrupt':
../src/gpio_int.c:41:6: warning: variable 'Register' set but not used [-Wunused-but-set-variable]
  u32 Register;
      ^~~~~~~~
../src/gpio_int.c: In function 'XGPIO_ACK':
../src/gpio_int.c:61:2: warning: implicit declaration of function 'usleep' [-Wimplicit-function-declaration]
  usleep(100);
  ^~~~~~
Finished building: ../src/gpio_int.c
 
Building target: GPIO.elf
Invoking: ARM v7 gcc linker
arm-none-eabi-gcc -mcpu=cortex-a9 -mfpu=vfpv3 -mfloat-abi=hard -Wl,-build-id=none -specs=Xilinx.spec -Wl,-T -Wl,../src/lscript.ld -L../../GPIO_bsp/ps7_cortexa9_0/lib -o "GPIO.elf"  ./src/gpio_int.o ./src/main.o   -Wl,--start-group,-lxil,-lgcc,-lc,--end-group
Finished building target: GPIO.elf
 
Invoking: ARM v7 Print Size
arm-none-eabi-size GPIO.elf  |tee "GPIO.elf.size"
   text	   data	    bss	    dec	    hex	filename
  24336	   1920	  22600	  48856	   bed8	GPIO.elf
Finished building: GPIO.elf.size
 
21:00:10 **** Auto Build of configuration Debug for project GPIO ****
make pre-build main-build 
a9-linaro-pre-build-step
 
Building file: ../src/gpio_int.c
Invoking: ARM v7 gcc compiler
arm-none-eabi-gcc -Wall -O0 -g3 -c -fmessage-length=0 -MT"src/gpio_int.o" -mcpu=cortex-a9 -mfpu=vfpv3 -mfloat-abi=hard -I../../GPIO_bsp/ps7_cortexa9_0/include -MMD -MP -MF"src/gpio_int.d" -MT"src/gpio_int.o" -o "src/gpio_int.o" "../src/gpio_int.c"
../src/gpio_int.c: In function 'XGPIO_ACK':
../src/gpio_int.c:164:2: warning: implicit declaration of function 'usleep' [-Wimplicit-function-declaration]
  usleep(100);
  ^~~~~~
Finished building: ../src/gpio_int.c
 
Building target: GPIO.elf
Invoking: ARM v7 gcc linker
arm-none-eabi-gcc -mcpu=cortex-a9 -mfpu=vfpv3 -mfloat-abi=hard -Wl,-build-id=none -specs=Xilinx.spec -Wl,-T -Wl,../src/lscript.ld -L../../GPIO_bsp/ps7_cortexa9_0/lib -o "GPIO.elf"  ./src/gpio_int.o ./src/main.o   -Wl,--start-group,-lxil,-lgcc,-lc,--end-group
Finished building target: GPIO.elf
 
Invoking: ARM v7 Print Size
arm-none-eabi-size GPIO.elf  |tee "GPIO.elf.size"
   text	   data	    bss	    dec	    hex	filename
  24308	   1920	  22600	  48828	   bebc	GPIO.elf
Finished building: GPIO.elf.size
 
21:01:27 **** Auto Build of configuration Debug for project GPIO ****
make pre-build main-build 
a9-linaro-pre-build-step
 
Building file: ../src/gpio_int.c
Invoking: ARM v7 gcc compiler
arm-none-eabi-gcc -Wall -O0 -g3 -c -fmessage-length=0 -MT"src/gpio_int.o" -mcpu=cortex-a9 -mfpu=vfpv3 -mfloat-abi=hard -I../../GPIO_bsp/ps7_cortexa9_0/include -MMD -MP -MF"src/gpio_int.d" -MT"src/gpio_int.o" -o "src/gpio_int.o" "../src/gpio_int.c"
../src/gpio_int.c: In function 'XGPIO_ACK':
../src/gpio_int.c:164:2: warning: implicit declaration of function 'usleep' [-Wimplicit-function-declaration]
  usleep(100);
  ^~~~~~
Finished building: ../src/gpio_int.c
 
Building target: GPIO.elf
Invoking: ARM v7 gcc linker
arm-none-eabi-gcc -mcpu=cortex-a9 -mfpu=vfpv3 -mfloat-abi=hard -Wl,-build-id=none -specs=Xilinx.spec -Wl,-T -Wl,../src/lscript.ld -L../../GPIO_bsp/ps7_cortexa9_0/lib -o "GPIO.elf"  ./src/gpio_int.o ./src/main.o   -Wl,--start-group,-lxil,-lgcc,-lc,--end-group
Finished building target: GPIO.elf
 
Invoking: ARM v7 Print Size
arm-none-eabi-size GPIO.elf  |tee "GPIO.elf.size"
   text	   data	    bss	    dec	    hex	filename
  24308	   1920	  22600	  48828	   bebc	GPIO.elf
Finished building: GPIO.elf.size
 
21:06:49 **** Auto Build of configuration Debug for project GPIO ****
make pre-build main-build 
a9-linaro-pre-build-step
 
Building file: ../src/gpio_int.c
Invoking: ARM v7 gcc compiler
arm-none-eabi-gcc -Wall -O0 -g3 -c -fmessage-length=0 -MT"src/gpio_int.o" -mcpu=cortex-a9 -mfpu=vfpv3 -mfloat-abi=hard -I../../GPIO_bsp/ps7_cortexa9_0/include -MMD -MP -MF"src/gpio_int.d" -MT"src/gpio_int.o" -o "src/gpio_int.o" "../src/gpio_int.c"
../src/gpio_int.c: In function 'XGPIO_ACK':
../src/gpio_int.c:195:2: warning: implicit declaration of function 'usleep' [-Wimplicit-function-declaration]
  usleep(100);
  ^~~~~~
Finished building: ../src/gpio_int.c
 
Building target: GPIO.elf
Invoking: ARM v7 gcc linker
arm-none-eabi-gcc -mcpu=cortex-a9 -mfpu=vfpv3 -mfloat-abi=hard -Wl,-build-id=none -specs=Xilinx.spec -Wl,-T -Wl,../src/lscript.ld -L../../GPIO_bsp/ps7_cortexa9_0/lib -o "GPIO.elf"  ./src/gpio_int.o ./src/main.o   -Wl,--start-group,-lxil,-lgcc,-lc,--end-group
Finished building target: GPIO.elf
 
Invoking: ARM v7 Print Size
arm-none-eabi-size GPIO.elf  |tee "GPIO.elf.size"
   text	   data	    bss	    dec	    hex	filename
  24308	   1920	  22600	  48828	   bebc	GPIO.elf
Finished building: GPIO.elf.size
 
21:06:56 **** Auto Build of configuration Debug for project GPIO ****
make pre-build main-build 
a9-linaro-pre-build-step
 
Building file: ../src/gpio_int.c
Invoking: ARM v7 gcc compiler
arm-none-eabi-gcc -Wall -O0 -g3 -c -fmessage-length=0 -MT"src/gpio_int.o" -mcpu=cortex-a9 -mfpu=vfpv3 -mfloat-abi=hard -I../../GPIO_bsp/ps7_cortexa9_0/include -MMD -MP -MF"src/gpio_int.d" -MT"src/gpio_int.o" -o "src/gpio_int.o" "../src/gpio_int.c"
../src/gpio_int.c: In function 'XGPIO_ACK':
../src/gpio_int.c:195:2: warning: implicit declaration of function 'usleep' [-Wimplicit-function-declaration]
  usleep(100);
  ^~~~~~
Finished building: ../src/gpio_int.c
 
Building target: GPIO.elf
Invoking: ARM v7 gcc linker
arm-none-eabi-gcc -mcpu=cortex-a9 -mfpu=vfpv3 -mfloat-abi=hard -Wl,-build-id=none -specs=Xilinx.spec -Wl,-T -Wl,../src/lscript.ld -L../../GPIO_bsp/ps7_cortexa9_0/lib -o "GPIO.elf"  ./src/gpio_int.o ./src/main.o   -Wl,--start-group,-lxil,-lgcc,-lc,--end-group
Finished building target: GPIO.elf
 
Invoking: ARM v7 Print Size
arm-none-eabi-size GPIO.elf  |tee "GPIO.elf.size"
   text	   data	    bss	    dec	    hex	filename
  24308	   1920	  22600	  48828	   bebc	GPIO.elf
Finished building: GPIO.elf.size
 
21:08:30 **** Auto Build of configuration Debug for project GPIO ****
make pre-build main-build 
a9-linaro-pre-build-step
 
Building file: ../src/gpio_int.c
Invoking: ARM v7 gcc compiler
arm-none-eabi-gcc -Wall -O0 -g3 -c -fmessage-length=0 -MT"src/gpio_int.o" -mcpu=cortex-a9 -mfpu=vfpv3 -mfloat-abi=hard -I../../GPIO_bsp/ps7_cortexa9_0/include -MMD -MP -MF"src/gpio_int.d" -MT"src/gpio_int.o" -o "src/gpio_int.o" "../src/gpio_int.c"
../src/gpio_int.c: In function 'XGPIO_ReadData':
../src/gpio_int.c:83:2: warning: implicit declaration of function 'returnGPIO_mReadReg'; did you mean 'GPIO_mReadReg'? [-Wimplicit-function-declaration]
  returnGPIO_mReadReg(myIntGPIOInstance->BaseAddress,EN_INT_OFFSET);
  ^~~~~~~~~~~~~~~~~~~
  GPIO_mReadReg
../src/gpio_int.c:83:53: error: 'EN_INT_OFFSET' undeclared (first use in this function); did you mean 'READ_DATA_OFFSET'?
  returnGPIO_mReadReg(myIntGPIOInstance->BaseAddress,EN_INT_OFFSET);
                                                     ^~~~~~~~~~~~~
                                                     READ_DATA_OFFSET
../src/gpio_int.c:83:53: note: each undeclared identifier is reported only once for each function it appears in
../src/gpio_int.c:82:11: warning: unused variable 'READ_DATA_OFFSET' [-Wunused-variable]
  unsigned READ_DATA_OFFSET = GPIO_S00_AXI_SLV_REG2_OFFSET;
           ^~~~~~~~~~~~~~~~
../src/gpio_int.c: In function 'XGPIO_ACK':
../src/gpio_int.c:217:2: warning: implicit declaration of function 'usleep' [-Wimplicit-function-declaration]
  usleep(100);
  ^~~~~~
../src/gpio_int.c: In function 'XGPIO_ReadData':
../src/gpio_int.c:84:1: warning: control reaches end of non-void function [-Wreturn-type]
 }
 ^
make: *** [src/gpio_int.o] Error 1
src/subdir.mk:24: recipe for target 'src/gpio_int.o' failed
21:08:40 **** Auto Build of configuration Debug for project GPIO ****
make pre-build main-build 
a9-linaro-pre-build-step
 
Building file: ../src/gpio_int.c
Invoking: ARM v7 gcc compiler
arm-none-eabi-gcc -Wall -O0 -g3 -c -fmessage-length=0 -MT"src/gpio_int.o" -mcpu=cortex-a9 -mfpu=vfpv3 -mfloat-abi=hard -I../../GPIO_bsp/ps7_cortexa9_0/include -MMD -MP -MF"src/gpio_int.d" -MT"src/gpio_int.o" -o "src/gpio_int.o" "../src/gpio_int.c"
../src/gpio_int.c: In function 'XGPIO_ACK':
../src/gpio_int.c:217:2: warning: implicit declaration of function 'usleep' [-Wimplicit-function-declaration]
  usleep(100);
  ^~~~~~
Finished building: ../src/gpio_int.c
 
Building target: GPIO.elf
Invoking: ARM v7 gcc linker
arm-none-eabi-gcc -mcpu=cortex-a9 -mfpu=vfpv3 -mfloat-abi=hard -Wl,-build-id=none -specs=Xilinx.spec -Wl,-T -Wl,../src/lscript.ld -L../../GPIO_bsp/ps7_cortexa9_0/lib -o "GPIO.elf"  ./src/gpio_int.o ./src/main.o   -Wl,--start-group,-lxil,-lgcc,-lc,--end-group
Finished building target: GPIO.elf
 
Invoking: ARM v7 Print Size
arm-none-eabi-size GPIO.elf  |tee "GPIO.elf.size"
   text	   data	    bss	    dec	    hex	filename
  24376	   1920	  22600	  48896	   bf00	GPIO.elf
Finished building: GPIO.elf.size
 
21:12:35 **** Auto Build of configuration Debug for project GPIO ****
make pre-build main-build 
a9-linaro-pre-build-step
 
Building file: ../src/main.c
Invoking: ARM v7 gcc compiler
arm-none-eabi-gcc -Wall -O0 -g3 -c -fmessage-length=0 -MT"src/main.o" -mcpu=cortex-a9 -mfpu=vfpv3 -mfloat-abi=hard -I../../GPIO_bsp/ps7_cortexa9_0/include -MMD -MP -MF"src/main.d" -MT"src/main.o" -o "src/main.o" "../src/main.c"
Finished building: ../src/main.c
 
Building target: GPIO.elf
Invoking: ARM v7 gcc linker
arm-none-eabi-gcc -mcpu=cortex-a9 -mfpu=vfpv3 -mfloat-abi=hard -Wl,-build-id=none -specs=Xilinx.spec -Wl,-T -Wl,../src/lscript.ld -L../../GPIO_bsp/ps7_cortexa9_0/lib -o "GPIO.elf"  ./src/gpio_int.o ./src/main.o   -Wl,--start-group,-lxil,-lgcc,-lc,--end-group
Finished building target: GPIO.elf
 
Invoking: ARM v7 Print Size
arm-none-eabi-size GPIO.elf  |tee "GPIO.elf.size"
   text	   data	    bss	    dec	    hex	filename
  24376	   1920	  22600	  48896	   bf00	GPIO.elf
Finished building: GPIO.elf.size
 
21:14:31 **** Auto Build of configuration Debug for project GPIO ****
make pre-build main-build 
a9-linaro-pre-build-step
 
Building file: ../src/main.c
Invoking: ARM v7 gcc compiler
arm-none-eabi-gcc -Wall -O0 -g3 -c -fmessage-length=0 -MT"src/main.o" -mcpu=cortex-a9 -mfpu=vfpv3 -mfloat-abi=hard -I../../GPIO_bsp/ps7_cortexa9_0/include -MMD -MP -MF"src/main.d" -MT"src/main.o" -o "src/main.o" "../src/main.c"
Finished building: ../src/main.c
 
Building target: GPIO.elf
Invoking: ARM v7 gcc linker
arm-none-eabi-gcc -mcpu=cortex-a9 -mfpu=vfpv3 -mfloat-abi=hard -Wl,-build-id=none -specs=Xilinx.spec -Wl,-T -Wl,../src/lscript.ld -L../../GPIO_bsp/ps7_cortexa9_0/lib -o "GPIO.elf"  ./src/gpio_int.o ./src/main.o   -Wl,--start-group,-lxil,-lgcc,-lc,--end-group
Finished building target: GPIO.elf
 
Invoking: ARM v7 Print Size
arm-none-eabi-size GPIO.elf  |tee "GPIO.elf.size"
   text	   data	    bss	    dec	    hex	filename
  24376	   1920	  22600	  48896	   bf00	GPIO.elf
Finished building: GPIO.elf.size
 
21:50:06 **** Clean-only build of project GPIO_bsp ****
make -k clean 
make -C ps7_cortexa9_0/libsrc/ddrps_v1_0/src -s clean 
make -C ps7_cortexa9_0/libsrc/sdps_v3_6/src -s clean 
make -C ps7_cortexa9_0/libsrc/standalone_v6_8/src -s clean 
make -C ps7_cortexa9_0/libsrc/dmaps_v2_4/src -s clean 
make -C ps7_cortexa9_0/libsrc/cpu_cortexa9_v2_7/src -s clean 
make -C ps7_cortexa9_0/libsrc/emacps_v3_8/src -s clean 
make -C ps7_cortexa9_0/libsrc/gpiops_v3_4/src -s clean 
make -C ps7_cortexa9_0/libsrc/qspips_v3_5/src -s clean 
make -C ps7_cortexa9_0/libsrc/scugic_v3_10/src -s clean 
make -C ps7_cortexa9_0/libsrc/xadcps_v2_3/src -s clean 
make -C ps7_cortexa9_0/libsrc/devcfg_v3_5/src -s clean 
make -C ps7_cortexa9_0/libsrc/scuwdt_v2_1/src -s clean 
make -C ps7_cortexa9_0/libsrc/uartps_v3_7/src -s clean 
make -C ps7_cortexa9_0/libsrc/usbps_v2_4/src -s clean 
make -C ps7_cortexa9_0/libsrc/coresightps_dcc_v1_4/src -s clean 
make -C ps7_cortexa9_0/libsrc/scutimer_v2_1/src -s clean 
make -C ps7_cortexa9_0/libsrc/GPIO_v1_0/src -s clean 
rm -f ps7_cortexa9_0/lib/libxil.a
21:50:07 **** Clean-only build of configuration Debug for project GPIO ****
make clean 
rm -rf  ./src/gpio_int.o ./src/main.o  ./src/gpio_int.d ./src/main.d  GPIO.elf.size  GPIO.elf
 
21:50:07 **** Build of project GPIO_bsp ****
make -k all 
Running Make include in ps7_cortexa9_0/libsrc/ddrps_v1_0/src
make -C ps7_cortexa9_0/libsrc/ddrps_v1_0/src -s include  "SHELL=/bin/sh" "COMPILER=arm-none-eabi-gcc" "ARCHIVER=arm-none-eabi-ar" "COMPILER_FLAGS=  -O2 -c" "EXTRA_COMPILER_FLAGS=-mcpu=cortex-a9 -mfpu=vfpv3 -mfloat-abi=hard -nostartfiles -g -Wall -Wextra"
Running Make include in ps7_cortexa9_0/libsrc/sdps_v3_6/src
make -C ps7_cortexa9_0/libsrc/sdps_v3_6/src -s include  "SHELL=/bin/sh" "COMPILER=arm-none-eabi-gcc" "ARCHIVER=arm-none-eabi-ar" "COMPILER_FLAGS=  -O2 -c" "EXTRA_COMPILER_FLAGS=-mcpu=cortex-a9 -mfpu=vfpv3 -mfloat-abi=hard -nostartfiles -g -Wall -Wextra"
Running Make include in ps7_cortexa9_0/libsrc/standalone_v6_8/src
make -C ps7_cortexa9_0/libsrc/standalone_v6_8/src -s include  "SHELL=/bin/sh" "COMPILER=arm-none-eabi-gcc" "ARCHIVER=arm-none-eabi-ar" "COMPILER_FLAGS=  -O2 -c" "EXTRA_COMPILER_FLAGS=-mcpu=cortex-a9 -mfpu=vfpv3 -mfloat-abi=hard -nostartfiles -g -Wall -Wextra"
Running Make include in ps7_cortexa9_0/libsrc/dmaps_v2_4/src
make -C ps7_cortexa9_0/libsrc/dmaps_v2_4/src -s include  "SHELL=/bin/sh" "COMPILER=arm-none-eabi-gcc" "ARCHIVER=arm-none-eabi-ar" "COMPILER_FLAGS=  -O2 -c" "EXTRA_COMPILER_FLAGS=-mcpu=cortex-a9 -mfpu=vfpv3 -mfloat-abi=hard -nostartfiles -g -Wall -Wextra"
Running Make include in ps7_cortexa9_0/libsrc/cpu_cortexa9_v2_7/src
make -C ps7_cortexa9_0/libsrc/cpu_cortexa9_v2_7/src -s include  "SHELL=/bin/sh" "COMPILER=arm-none-eabi-gcc" "ARCHIVER=arm-none-eabi-ar" "COMPILER_FLAGS=  -O2 -c" "EXTRA_COMPILER_FLAGS=-mcpu=cortex-a9 -mfpu=vfpv3 -mfloat-abi=hard -nostartfiles -g -Wall -Wextra"
Running Make include in ps7_cortexa9_0/libsrc/emacps_v3_8/src
make -C ps7_cortexa9_0/libsrc/emacps_v3_8/src -s include  "SHELL=/bin/sh" "COMPILER=arm-none-eabi-gcc" "ARCHIVER=arm-none-eabi-ar" "COMPILER_FLAGS=  -O2 -c" "EXTRA_COMPILER_FLAGS=-mcpu=cortex-a9 -mfpu=vfpv3 -mfloat-abi=hard -nostartfiles -g -Wall -Wextra"
Running Make include in ps7_cortexa9_0/libsrc/gpiops_v3_4/src
make -C ps7_cortexa9_0/libsrc/gpiops_v3_4/src -s include  "SHELL=/bin/sh" "COMPILER=arm-none-eabi-gcc" "ARCHIVER=arm-none-eabi-ar" "COMPILER_FLAGS=  -O2 -c" "EXTRA_COMPILER_FLAGS=-mcpu=cortex-a9 -mfpu=vfpv3 -mfloat-abi=hard -nostartfiles -g -Wall -Wextra"
Running Make include in ps7_cortexa9_0/libsrc/qspips_v3_5/src
make -C ps7_cortexa9_0/libsrc/qspips_v3_5/src -s include  "SHELL=/bin/sh" "COMPILER=arm-none-eabi-gcc" "ARCHIVER=arm-none-eabi-ar" "COMPILER_FLAGS=  -O2 -c" "EXTRA_COMPILER_FLAGS=-mcpu=cortex-a9 -mfpu=vfpv3 -mfloat-abi=hard -nostartfiles -g -Wall -Wextra"
Running Make include in ps7_cortexa9_0/libsrc/scugic_v3_10/src
make -C ps7_cortexa9_0/libsrc/scugic_v3_10/src -s include  "SHELL=/bin/sh" "COMPILER=arm-none-eabi-gcc" "ARCHIVER=arm-none-eabi-ar" "COMPILER_FLAGS=  -O2 -c" "EXTRA_COMPILER_FLAGS=-mcpu=cortex-a9 -mfpu=vfpv3 -mfloat-abi=hard -nostartfiles -g -Wall -Wextra"
Running Make include in ps7_cortexa9_0/libsrc/xadcps_v2_3/src
make -C ps7_cortexa9_0/libsrc/xadcps_v2_3/src -s include  "SHELL=/bin/sh" "COMPILER=arm-none-eabi-gcc" "ARCHIVER=arm-none-eabi-ar" "COMPILER_FLAGS=  -O2 -c" "EXTRA_COMPILER_FLAGS=-mcpu=cortex-a9 -mfpu=vfpv3 -mfloat-abi=hard -nostartfiles -g -Wall -Wextra"
Running Make include in ps7_cortexa9_0/libsrc/devcfg_v3_5/src
make -C ps7_cortexa9_0/libsrc/devcfg_v3_5/src -s include  "SHELL=/bin/sh" "COMPILER=arm-none-eabi-gcc" "ARCHIVER=arm-none-eabi-ar" "COMPILER_FLAGS=  -O2 -c" "EXTRA_COMPILER_FLAGS=-mcpu=cortex-a9 -mfpu=vfpv3 -mfloat-abi=hard -nostartfiles -g -Wall -Wextra"
Running Make include in ps7_cortexa9_0/libsrc/scuwdt_v2_1/src
make -C ps7_cortexa9_0/libsrc/scuwdt_v2_1/src -s include  "SHELL=/bin/sh" "COMPILER=arm-none-eabi-gcc" "ARCHIVER=arm-none-eabi-ar" "COMPILER_FLAGS=  -O2 -c" "EXTRA_COMPILER_FLAGS=-mcpu=cortex-a9 -mfpu=vfpv3 -mfloat-abi=hard -nostartfiles -g -Wall -Wextra"
Running Make include in ps7_cortexa9_0/libsrc/uartps_v3_7/src
make -C ps7_cortexa9_0/libsrc/uartps_v3_7/src -s include  "SHELL=/bin/sh" "COMPILER=arm-none-eabi-gcc" "ARCHIVER=arm-none-eabi-ar" "COMPILER_FLAGS=  -O2 -c" "EXTRA_COMPILER_FLAGS=-mcpu=cortex-a9 -mfpu=vfpv3 -mfloat-abi=hard -nostartfiles -g -Wall -Wextra"
Running Make include in ps7_cortexa9_0/libsrc/usbps_v2_4/src
make -C ps7_cortexa9_0/libsrc/usbps_v2_4/src -s include  "SHELL=/bin/sh" "COMPILER=arm-none-eabi-gcc" "ARCHIVER=arm-none-eabi-ar" "COMPILER_FLAGS=  -O2 -c" "EXTRA_COMPILER_FLAGS=-mcpu=cortex-a9 -mfpu=vfpv3 -mfloat-abi=hard -nostartfiles -g -Wall -Wextra"
Running Make include in ps7_cortexa9_0/libsrc/coresightps_dcc_v1_4/src
make -C ps7_cortexa9_0/libsrc/coresightps_dcc_v1_4/src -s include  "SHELL=/bin/sh" "COMPILER=arm-none-eabi-gcc" "ARCHIVER=arm-none-eabi-ar" "COMPILER_FLAGS=  -O2 -c" "EXTRA_COMPILER_FLAGS=-mcpu=cortex-a9 -mfpu=vfpv3 -mfloat-abi=hard -nostartfiles -g -Wall -Wextra"
Running Make include in ps7_cortexa9_0/libsrc/scutimer_v2_1/src
make -C ps7_cortexa9_0/libsrc/scutimer_v2_1/src -s include  "SHELL=/bin/sh" "COMPILER=arm-none-eabi-gcc" "ARCHIVER=arm-none-eabi-ar" "COMPILER_FLAGS=  -O2 -c" "EXTRA_COMPILER_FLAGS=-mcpu=cortex-a9 -mfpu=vfpv3 -mfloat-abi=hard -nostartfiles -g -Wall -Wextra"
Running Make include in ps7_cortexa9_0/libsrc/GPIO_v1_0/src
make -C ps7_cortexa9_0/libsrc/GPIO_v1_0/src -s include  "SHELL=/bin/sh" "COMPILER=arm-none-eabi-gcc" "ARCHIVER=arm-none-eabi-ar" "COMPILER_FLAGS=  -O2 -c" "EXTRA_COMPILER_FLAGS=-mcpu=cortex-a9 -mfpu=vfpv3 -mfloat-abi=hard -nostartfiles -g -Wall -Wextra"
Running Make libs in ps7_cortexa9_0/libsrc/ddrps_v1_0/src
make -C ps7_cortexa9_0/libsrc/ddrps_v1_0/src -s libs  "SHELL=/bin/sh" "COMPILER=arm-none-eabi-gcc" "ARCHIVER=arm-none-eabi-ar" "COMPILER_FLAGS=  -O2 -c" "EXTRA_COMPILER_FLAGS=-mcpu=cortex-a9 -mfpu=vfpv3 -mfloat-abi=hard -nostartfiles -g -Wall -Wextra"
Compiling ddrps
arm-none-eabi-ar: creazione di ../../../lib/libxil.a
Running Make libs in ps7_cortexa9_0/libsrc/sdps_v3_6/src
make -C ps7_cortexa9_0/libsrc/sdps_v3_6/src -s libs  "SHELL=/bin/sh" "COMPILER=arm-none-eabi-gcc" "ARCHIVER=arm-none-eabi-ar" "COMPILER_FLAGS=  -O2 -c" "EXTRA_COMPILER_FLAGS=-mcpu=cortex-a9 -mfpu=vfpv3 -mfloat-abi=hard -nostartfiles -g -Wall -Wextra"
Compiling sdps
Running Make libs in ps7_cortexa9_0/libsrc/standalone_v6_8/src
make -C ps7_cortexa9_0/libsrc/standalone_v6_8/src -s libs  "SHELL=/bin/sh" "COMPILER=arm-none-eabi-gcc" "ARCHIVER=arm-none-eabi-ar" "COMPILER_FLAGS=  -O2 -c" "EXTRA_COMPILER_FLAGS=-mcpu=cortex-a9 -mfpu=vfpv3 -mfloat-abi=hard -nostartfiles -g -Wall -Wextra"
Compiling standalone
In file included from sleep.c:53:0:
xtime_l.h:87:9: note: #pragma message: For the sleep routines, Global timer is being used
 #pragma message ("For the sleep routines, Global timer is being used")
         ^~~~~~~
In file included from xil_sleeptimer.c:51:0:
xtime_l.h:87:9: note: #pragma message: For the sleep routines, Global timer is being used
 #pragma message ("For the sleep routines, Global timer is being used")
         ^~~~~~~
In file included from xtime_l.c:49:0:
xtime_l.h:87:9: note: #pragma message: For the sleep routines, Global timer is being used
 #pragma message ("For the sleep routines, Global timer is being used")
         ^~~~~~~
In file included from usleep.c:56:0:
xtime_l.h:87:9: note: #pragma message: For the sleep routines, Global timer is being used
 #pragma message ("For the sleep routines, Global timer is being used")
         ^~~~~~~
Running Make libs in ps7_cortexa9_0/libsrc/dmaps_v2_4/src
make -C ps7_cortexa9_0/libsrc/dmaps_v2_4/src -s libs  "SHELL=/bin/sh" "COMPILER=arm-none-eabi-gcc" "ARCHIVER=arm-none-eabi-ar" "COMPILER_FLAGS=  -O2 -c" "EXTRA_COMPILER_FLAGS=-mcpu=cortex-a9 -mfpu=vfpv3 -mfloat-abi=hard -nostartfiles -g -Wall -Wextra"
Compiling dmaps
Running Make libs in ps7_cortexa9_0/libsrc/cpu_cortexa9_v2_7/src
make -C ps7_cortexa9_0/libsrc/cpu_cortexa9_v2_7/src -s libs  "SHELL=/bin/sh" "COMPILER=arm-none-eabi-gcc" "ARCHIVER=arm-none-eabi-ar" "COMPILER_FLAGS=  -O2 -c" "EXTRA_COMPILER_FLAGS=-mcpu=cortex-a9 -mfpu=vfpv3 -mfloat-abi=hard -nostartfiles -g -Wall -Wextra"
Compiling cpu_cortexa9
Running Make libs in ps7_cortexa9_0/libsrc/emacps_v3_8/src
make -C ps7_cortexa9_0/libsrc/emacps_v3_8/src -s libs  "SHELL=/bin/sh" "COMPILER=arm-none-eabi-gcc" "ARCHIVER=arm-none-eabi-ar" "COMPILER_FLAGS=  -O2 -c" "EXTRA_COMPILER_FLAGS=-mcpu=cortex-a9 -mfpu=vfpv3 -mfloat-abi=hard -nostartfiles -g -Wall -Wextra"
Compiling emacps
Running Make libs in ps7_cortexa9_0/libsrc/gpiops_v3_4/src
make -C ps7_cortexa9_0/libsrc/gpiops_v3_4/src -s libs  "SHELL=/bin/sh" "COMPILER=arm-none-eabi-gcc" "ARCHIVER=arm-none-eabi-ar" "COMPILER_FLAGS=  -O2 -c" "EXTRA_COMPILER_FLAGS=-mcpu=cortex-a9 -mfpu=vfpv3 -mfloat-abi=hard -nostartfiles -g -Wall -Wextra"
Compiling gpiops
Running Make libs in ps7_cortexa9_0/libsrc/qspips_v3_5/src
make -C ps7_cortexa9_0/libsrc/qspips_v3_5/src -s libs  "SHELL=/bin/sh" "COMPILER=arm-none-eabi-gcc" "ARCHIVER=arm-none-eabi-ar" "COMPILER_FLAGS=  -O2 -c" "EXTRA_COMPILER_FLAGS=-mcpu=cortex-a9 -mfpu=vfpv3 -mfloat-abi=hard -nostartfiles -g -Wall -Wextra"
Compiling qspips
Running Make libs in ps7_cortexa9_0/libsrc/scugic_v3_10/src
make -C ps7_cortexa9_0/libsrc/scugic_v3_10/src -s libs  "SHELL=/bin/sh" "COMPILER=arm-none-eabi-gcc" "ARCHIVER=arm-none-eabi-ar" "COMPILER_FLAGS=  -O2 -c" "EXTRA_COMPILER_FLAGS=-mcpu=cortex-a9 -mfpu=vfpv3 -mfloat-abi=hard -nostartfiles -g -Wall -Wextra"
Compiling scugic
Running Make libs in ps7_cortexa9_0/libsrc/xadcps_v2_3/src
make -C ps7_cortexa9_0/libsrc/xadcps_v2_3/src -s libs  "SHELL=/bin/sh" "COMPILER=arm-none-eabi-gcc" "ARCHIVER=arm-none-eabi-ar" "COMPILER_FLAGS=  -O2 -c" "EXTRA_COMPILER_FLAGS=-mcpu=cortex-a9 -mfpu=vfpv3 -mfloat-abi=hard -nostartfiles -g -Wall -Wextra"
Compiling xadcps
Running Make libs in ps7_cortexa9_0/libsrc/devcfg_v3_5/src
make -C ps7_cortexa9_0/libsrc/devcfg_v3_5/src -s libs  "SHELL=/bin/sh" "COMPILER=arm-none-eabi-gcc" "ARCHIVER=arm-none-eabi-ar" "COMPILER_FLAGS=  -O2 -c" "EXTRA_COMPILER_FLAGS=-mcpu=cortex-a9 -mfpu=vfpv3 -mfloat-abi=hard -nostartfiles -g -Wall -Wextra"
Compiling devcfg
Running Make libs in ps7_cortexa9_0/libsrc/scuwdt_v2_1/src
make -C ps7_cortexa9_0/libsrc/scuwdt_v2_1/src -s libs  "SHELL=/bin/sh" "COMPILER=arm-none-eabi-gcc" "ARCHIVER=arm-none-eabi-ar" "COMPILER_FLAGS=  -O2 -c" "EXTRA_COMPILER_FLAGS=-mcpu=cortex-a9 -mfpu=vfpv3 -mfloat-abi=hard -nostartfiles -g -Wall -Wextra"
Compiling scuwdt
Running Make libs in ps7_cortexa9_0/libsrc/uartps_v3_7/src
make -C ps7_cortexa9_0/libsrc/uartps_v3_7/src -s libs  "SHELL=/bin/sh" "COMPILER=arm-none-eabi-gcc" "ARCHIVER=arm-none-eabi-ar" "COMPILER_FLAGS=  -O2 -c" "EXTRA_COMPILER_FLAGS=-mcpu=cortex-a9 -mfpu=vfpv3 -mfloat-abi=hard -nostartfiles -g -Wall -Wextra"
Compiling uartps
Running Make libs in ps7_cortexa9_0/libsrc/usbps_v2_4/src
make -C ps7_cortexa9_0/libsrc/usbps_v2_4/src -s libs  "SHELL=/bin/sh" "COMPILER=arm-none-eabi-gcc" "ARCHIVER=arm-none-eabi-ar" "COMPILER_FLAGS=  -O2 -c" "EXTRA_COMPILER_FLAGS=-mcpu=cortex-a9 -mfpu=vfpv3 -mfloat-abi=hard -nostartfiles -g -Wall -Wextra"
Compiling usbps
Running Make libs in ps7_cortexa9_0/libsrc/coresightps_dcc_v1_4/src
make -C ps7_cortexa9_0/libsrc/coresightps_dcc_v1_4/src -s libs  "SHELL=/bin/sh" "COMPILER=arm-none-eabi-gcc" "ARCHIVER=arm-none-eabi-ar" "COMPILER_FLAGS=  -O2 -c" "EXTRA_COMPILER_FLAGS=-mcpu=cortex-a9 -mfpu=vfpv3 -mfloat-abi=hard -nostartfiles -g -Wall -Wextra"
Compiling coresightps_dcc
Running Make libs in ps7_cortexa9_0/libsrc/scutimer_v2_1/src
make -C ps7_cortexa9_0/libsrc/scutimer_v2_1/src -s libs  "SHELL=/bin/sh" "COMPILER=arm-none-eabi-gcc" "ARCHIVER=arm-none-eabi-ar" "COMPILER_FLAGS=  -O2 -c" "EXTRA_COMPILER_FLAGS=-mcpu=cortex-a9 -mfpu=vfpv3 -mfloat-abi=hard -nostartfiles -g -Wall -Wextra"
Compiling scutimer
Running Make libs in ps7_cortexa9_0/libsrc/GPIO_v1_0/src
make -C ps7_cortexa9_0/libsrc/GPIO_v1_0/src -s libs  "SHELL=/bin/sh" "COMPILER=arm-none-eabi-gcc" "ARCHIVER=arm-none-eabi-ar" "COMPILER_FLAGS=  -O2 -c" "EXTRA_COMPILER_FLAGS=-mcpu=cortex-a9 -mfpu=vfpv3 -mfloat-abi=hard -nostartfiles -g -Wall -Wextra"
Compiling GPIO...
GPIO_selftest.c: In function 'GPIO_Reg_SelfTest':
GPIO_selftest.c:52:53: warning: comparison between signed and unsigned integer expressions [-Wsign-compare]
    if ( GPIO_mReadReg (baseaddr, read_loop_index*4) != (read_loop_index+1)*READ_WRITE_MUL_FACTOR){
                                                     ^~
GPIO_selftest.c:36:6: warning: unused variable 'Index' [-Wunused-variable]
  int Index;
      ^~~~~
Finished building libraries
21:50:15 **** Build of configuration Debug for project GPIO ****
make pre-build main-build 
a9-linaro-pre-build-step
 
Building file: ../src/gpio_int.c
Invoking: ARM v7 gcc compiler
arm-none-eabi-gcc -Wall -O0 -g3 -c -fmessage-length=0 -MT"src/gpio_int.o" -mcpu=cortex-a9 -mfpu=vfpv3 -mfloat-abi=hard -I../../GPIO_bsp/ps7_cortexa9_0/include -MMD -MP -MF"src/gpio_int.d" -MT"src/gpio_int.o" -o "src/gpio_int.o" "../src/gpio_int.c"
../src/gpio_int.c: In function 'XGPIO_ACK':
../src/gpio_int.c:217:2: warning: implicit declaration of function 'usleep' [-Wimplicit-function-declaration]
  usleep(100);
  ^~~~~~
Finished building: ../src/gpio_int.c
 
Building file: ../src/main.c
Invoking: ARM v7 gcc compiler
arm-none-eabi-gcc -Wall -O0 -g3 -c -fmessage-length=0 -MT"src/main.o" -mcpu=cortex-a9 -mfpu=vfpv3 -mfloat-abi=hard -I../../GPIO_bsp/ps7_cortexa9_0/include -MMD -MP -MF"src/main.d" -MT"src/main.o" -o "src/main.o" "../src/main.c"
Finished building: ../src/main.c
 
Building target: GPIO.elf
Invoking: ARM v7 gcc linker
arm-none-eabi-gcc -mcpu=cortex-a9 -mfpu=vfpv3 -mfloat-abi=hard -Wl,-build-id=none -specs=Xilinx.spec -Wl,-T -Wl,../src/lscript.ld -L../../GPIO_bsp/ps7_cortexa9_0/lib -o "GPIO.elf"  ./src/gpio_int.o ./src/main.o   -Wl,--start-group,-lxil,-lgcc,-lc,--end-group
Finished building target: GPIO.elf
 
Invoking: ARM v7 Print Size
arm-none-eabi-size GPIO.elf  |tee "GPIO.elf.size"
   text	   data	    bss	    dec	    hex	filename
  24376	   1920	  22600	  48896	   bf00	GPIO.elf
Finished building: GPIO.elf.size
 
21:50:29 **** Incremental Build of configuration Debug for project GPIO ****
make pre-build main-build 
a9-linaro-pre-build-step
 
make: Nessuna operazione da eseguire per "main-build".
