14:58:04 **** Clean-only build of configuration Debug for project provaINTRGpio ****
make clean 
rm -rf  ./src/mainTest.o ./src/myIntGPIO2.o  ./src/mainTest.d ./src/myIntGPIO2.d  provaINTRGpio.elf.size  provaINTRGpio.elf
 
14:58:04 **** Clean-only build of project provaINTRGpio_bsp ****
make -k clean 
make -C ps7_cortexa9_0/libsrc/ddrps_v1_0/src -s clean 
make -C ps7_cortexa9_0/libsrc/sdps_v3_6/src -s clean 
make -C ps7_cortexa9_0/libsrc/standalone_v6_8/src -s clean 
make -C ps7_cortexa9_0/libsrc/dmaps_v2_4/src -s clean 
make -C ps7_cortexa9_0/libsrc/cpu_cortexa9_v2_7/src -s clean 
make -C ps7_cortexa9_0/libsrc/emacps_v3_8/src -s clean 
make -C ps7_cortexa9_0/libsrc/gpiops_v3_4/src -s clean 
make -C ps7_cortexa9_0/libsrc/qspips_v3_5/src -s clean 
make -C ps7_cortexa9_0/libsrc/myIntGPIO_v1_0/src -s clean 
make -C ps7_cortexa9_0/libsrc/scugic_v3_10/src -s clean 
make -C ps7_cortexa9_0/libsrc/xadcps_v2_3/src -s clean 
make -C ps7_cortexa9_0/libsrc/devcfg_v3_5/src -s clean 
make -C ps7_cortexa9_0/libsrc/scuwdt_v2_1/src -s clean 
make -C ps7_cortexa9_0/libsrc/uartps_v3_7/src -s clean 
make -C ps7_cortexa9_0/libsrc/usbps_v2_4/src -s clean 
make -C ps7_cortexa9_0/libsrc/coresightps_dcc_v1_4/src -s clean 
make -C ps7_cortexa9_0/libsrc/scutimer_v2_1/src -s clean 
rm -f ps7_cortexa9_0/lib/libxil.a
14:58:04 **** Build of project provaINTRGpio_bsp ****
make -k all 
Running Make include in ps7_cortexa9_0/libsrc/ddrps_v1_0/src
make -C ps7_cortexa9_0/libsrc/ddrps_v1_0/src -s include  "SHELL=/bin/sh" "COMPILER=arm-none-eabi-gcc" "ARCHIVER=arm-none-eabi-ar" "COMPILER_FLAGS=  -O2 -c" "EXTRA_COMPILER_FLAGS=-mcpu=cortex-a9 -mfpu=vfpv3 -mfloat-abi=hard -nostartfiles -g -Wall -Wextra"
Running Make include in ps7_cortexa9_0/libsrc/sdps_v3_6/src
make -C ps7_cortexa9_0/libsrc/sdps_v3_6/src -s include  "SHELL=/bin/sh" "COMPILER=arm-none-eabi-gcc" "ARCHIVER=arm-none-eabi-ar" "COMPILER_FLAGS=  -O2 -c" "EXTRA_COMPILER_FLAGS=-mcpu=cortex-a9 -mfpu=vfpv3 -mfloat-abi=hard -nostartfiles -g -Wall -Wextra"
Running Make include in ps7_cortexa9_0/libsrc/standalone_v6_8/src
make -C ps7_cortexa9_0/libsrc/standalone_v6_8/src -s include  "SHELL=/bin/sh" "COMPILER=arm-none-eabi-gcc" "ARCHIVER=arm-none-eabi-ar" "COMPILER_FLAGS=  -O2 -c" "EXTRA_COMPILER_FLAGS=-mcpu=cortex-a9 -mfpu=vfpv3 -mfloat-abi=hard -nostartfiles -g -Wall -Wextra"
Running Make include in ps7_cortexa9_0/libsrc/dmaps_v2_4/src
make -C ps7_cortexa9_0/libsrc/dmaps_v2_4/src -s include  "SHELL=/bin/sh" "COMPILER=arm-none-eabi-gcc" "ARCHIVER=arm-none-eabi-ar" "COMPILER_FLAGS=  -O2 -c" "EXTRA_COMPILER_FLAGS=-mcpu=cortex-a9 -mfpu=vfpv3 -mfloat-abi=hard -nostartfiles -g -Wall -Wextra"
Running Make include in ps7_cortexa9_0/libsrc/cpu_cortexa9_v2_7/src
make -C ps7_cortexa9_0/libsrc/cpu_cortexa9_v2_7/src -s include  "SHELL=/bin/sh" "COMPILER=arm-none-eabi-gcc" "ARCHIVER=arm-none-eabi-ar" "COMPILER_FLAGS=  -O2 -c" "EXTRA_COMPILER_FLAGS=-mcpu=cortex-a9 -mfpu=vfpv3 -mfloat-abi=hard -nostartfiles -g -Wall -Wextra"
Running Make include in ps7_cortexa9_0/libsrc/emacps_v3_8/src
make -C ps7_cortexa9_0/libsrc/emacps_v3_8/src -s include  "SHELL=/bin/sh" "COMPILER=arm-none-eabi-gcc" "ARCHIVER=arm-none-eabi-ar" "COMPILER_FLAGS=  -O2 -c" "EXTRA_COMPILER_FLAGS=-mcpu=cortex-a9 -mfpu=vfpv3 -mfloat-abi=hard -nostartfiles -g -Wall -Wextra"
Running Make include in ps7_cortexa9_0/libsrc/gpiops_v3_4/src
make -C ps7_cortexa9_0/libsrc/gpiops_v3_4/src -s include  "SHELL=/bin/sh" "COMPILER=arm-none-eabi-gcc" "ARCHIVER=arm-none-eabi-ar" "COMPILER_FLAGS=  -O2 -c" "EXTRA_COMPILER_FLAGS=-mcpu=cortex-a9 -mfpu=vfpv3 -mfloat-abi=hard -nostartfiles -g -Wall -Wextra"
Running Make include in ps7_cortexa9_0/libsrc/qspips_v3_5/src
make -C ps7_cortexa9_0/libsrc/qspips_v3_5/src -s include  "SHELL=/bin/sh" "COMPILER=arm-none-eabi-gcc" "ARCHIVER=arm-none-eabi-ar" "COMPILER_FLAGS=  -O2 -c" "EXTRA_COMPILER_FLAGS=-mcpu=cortex-a9 -mfpu=vfpv3 -mfloat-abi=hard -nostartfiles -g -Wall -Wextra"
Running Make include in ps7_cortexa9_0/libsrc/myIntGPIO_v1_0/src
make -C ps7_cortexa9_0/libsrc/myIntGPIO_v1_0/src -s include  "SHELL=/bin/sh" "COMPILER=arm-none-eabi-gcc" "ARCHIVER=arm-none-eabi-ar" "COMPILER_FLAGS=  -O2 -c" "EXTRA_COMPILER_FLAGS=-mcpu=cortex-a9 -mfpu=vfpv3 -mfloat-abi=hard -nostartfiles -g -Wall -Wextra"
Running Make include in ps7_cortexa9_0/libsrc/scugic_v3_10/src
make -C ps7_cortexa9_0/libsrc/scugic_v3_10/src -s include  "SHELL=/bin/sh" "COMPILER=arm-none-eabi-gcc" "ARCHIVER=arm-none-eabi-ar" "COMPILER_FLAGS=  -O2 -c" "EXTRA_COMPILER_FLAGS=-mcpu=cortex-a9 -mfpu=vfpv3 -mfloat-abi=hard -nostartfiles -g -Wall -Wextra"
Running Make include in ps7_cortexa9_0/libsrc/xadcps_v2_3/src
make -C ps7_cortexa9_0/libsrc/xadcps_v2_3/src -s include  "SHELL=/bin/sh" "COMPILER=arm-none-eabi-gcc" "ARCHIVER=arm-none-eabi-ar" "COMPILER_FLAGS=  -O2 -c" "EXTRA_COMPILER_FLAGS=-mcpu=cortex-a9 -mfpu=vfpv3 -mfloat-abi=hard -nostartfiles -g -Wall -Wextra"
Running Make include in ps7_cortexa9_0/libsrc/devcfg_v3_5/src
make -C ps7_cortexa9_0/libsrc/devcfg_v3_5/src -s include  "SHELL=/bin/sh" "COMPILER=arm-none-eabi-gcc" "ARCHIVER=arm-none-eabi-ar" "COMPILER_FLAGS=  -O2 -c" "EXTRA_COMPILER_FLAGS=-mcpu=cortex-a9 -mfpu=vfpv3 -mfloat-abi=hard -nostartfiles -g -Wall -Wextra"
Running Make include in ps7_cortexa9_0/libsrc/scuwdt_v2_1/src
make -C ps7_cortexa9_0/libsrc/scuwdt_v2_1/src -s include  "SHELL=/bin/sh" "COMPILER=arm-none-eabi-gcc" "ARCHIVER=arm-none-eabi-ar" "COMPILER_FLAGS=  -O2 -c" "EXTRA_COMPILER_FLAGS=-mcpu=cortex-a9 -mfpu=vfpv3 -mfloat-abi=hard -nostartfiles -g -Wall -Wextra"
Running Make include in ps7_cortexa9_0/libsrc/uartps_v3_7/src
make -C ps7_cortexa9_0/libsrc/uartps_v3_7/src -s include  "SHELL=/bin/sh" "COMPILER=arm-none-eabi-gcc" "ARCHIVER=arm-none-eabi-ar" "COMPILER_FLAGS=  -O2 -c" "EXTRA_COMPILER_FLAGS=-mcpu=cortex-a9 -mfpu=vfpv3 -mfloat-abi=hard -nostartfiles -g -Wall -Wextra"
Running Make include in ps7_cortexa9_0/libsrc/usbps_v2_4/src
make -C ps7_cortexa9_0/libsrc/usbps_v2_4/src -s include  "SHELL=/bin/sh" "COMPILER=arm-none-eabi-gcc" "ARCHIVER=arm-none-eabi-ar" "COMPILER_FLAGS=  -O2 -c" "EXTRA_COMPILER_FLAGS=-mcpu=cortex-a9 -mfpu=vfpv3 -mfloat-abi=hard -nostartfiles -g -Wall -Wextra"
Running Make include in ps7_cortexa9_0/libsrc/coresightps_dcc_v1_4/src
make -C ps7_cortexa9_0/libsrc/coresightps_dcc_v1_4/src -s include  "SHELL=/bin/sh" "COMPILER=arm-none-eabi-gcc" "ARCHIVER=arm-none-eabi-ar" "COMPILER_FLAGS=  -O2 -c" "EXTRA_COMPILER_FLAGS=-mcpu=cortex-a9 -mfpu=vfpv3 -mfloat-abi=hard -nostartfiles -g -Wall -Wextra"
Running Make include in ps7_cortexa9_0/libsrc/scutimer_v2_1/src
make -C ps7_cortexa9_0/libsrc/scutimer_v2_1/src -s include  "SHELL=/bin/sh" "COMPILER=arm-none-eabi-gcc" "ARCHIVER=arm-none-eabi-ar" "COMPILER_FLAGS=  -O2 -c" "EXTRA_COMPILER_FLAGS=-mcpu=cortex-a9 -mfpu=vfpv3 -mfloat-abi=hard -nostartfiles -g -Wall -Wextra"
Running Make libs in ps7_cortexa9_0/libsrc/ddrps_v1_0/src
make -C ps7_cortexa9_0/libsrc/ddrps_v1_0/src -s libs  "SHELL=/bin/sh" "COMPILER=arm-none-eabi-gcc" "ARCHIVER=arm-none-eabi-ar" "COMPILER_FLAGS=  -O2 -c" "EXTRA_COMPILER_FLAGS=-mcpu=cortex-a9 -mfpu=vfpv3 -mfloat-abi=hard -nostartfiles -g -Wall -Wextra"
arm-none-eabi-ar: creazione di ../../../lib/libxil.a
Compiling ddrps
Running Make libs in ps7_cortexa9_0/libsrc/sdps_v3_6/src
make -C ps7_cortexa9_0/libsrc/sdps_v3_6/src -s libs  "SHELL=/bin/sh" "COMPILER=arm-none-eabi-gcc" "ARCHIVER=arm-none-eabi-ar" "COMPILER_FLAGS=  -O2 -c" "EXTRA_COMPILER_FLAGS=-mcpu=cortex-a9 -mfpu=vfpv3 -mfloat-abi=hard -nostartfiles -g -Wall -Wextra"
Compiling sdps
Running Make libs in ps7_cortexa9_0/libsrc/standalone_v6_8/src
make -C ps7_cortexa9_0/libsrc/standalone_v6_8/src -s libs  "SHELL=/bin/sh" "COMPILER=arm-none-eabi-gcc" "ARCHIVER=arm-none-eabi-ar" "COMPILER_FLAGS=  -O2 -c" "EXTRA_COMPILER_FLAGS=-mcpu=cortex-a9 -mfpu=vfpv3 -mfloat-abi=hard -nostartfiles -g -Wall -Wextra"
Compiling standalone
In file included from sleep.c:53:0:
xtime_l.h:87:9: note: #pragma message: For the sleep routines, Global timer is being used
 #pragma message ("For the sleep routines, Global timer is being used")
         ^~~~~~~
In file included from xil_sleeptimer.c:51:0:
xtime_l.h:87:9: note: #pragma message: For the sleep routines, Global timer is being used
 #pragma message ("For the sleep routines, Global timer is being used")
         ^~~~~~~
In file included from xtime_l.c:49:0:
xtime_l.h:87:9: note: #pragma message: For the sleep routines, Global timer is being used
 #pragma message ("For the sleep routines, Global timer is being used")
         ^~~~~~~
In file included from usleep.c:56:0:
xtime_l.h:87:9: note: #pragma message: For the sleep routines, Global timer is being used
 #pragma message ("For the sleep routines, Global timer is being used")
         ^~~~~~~
Running Make libs in ps7_cortexa9_0/libsrc/dmaps_v2_4/src
make -C ps7_cortexa9_0/libsrc/dmaps_v2_4/src -s libs  "SHELL=/bin/sh" "COMPILER=arm-none-eabi-gcc" "ARCHIVER=arm-none-eabi-ar" "COMPILER_FLAGS=  -O2 -c" "EXTRA_COMPILER_FLAGS=-mcpu=cortex-a9 -mfpu=vfpv3 -mfloat-abi=hard -nostartfiles -g -Wall -Wextra"
Compiling dmaps
Running Make libs in ps7_cortexa9_0/libsrc/cpu_cortexa9_v2_7/src
make -C ps7_cortexa9_0/libsrc/cpu_cortexa9_v2_7/src -s libs  "SHELL=/bin/sh" "COMPILER=arm-none-eabi-gcc" "ARCHIVER=arm-none-eabi-ar" "COMPILER_FLAGS=  -O2 -c" "EXTRA_COMPILER_FLAGS=-mcpu=cortex-a9 -mfpu=vfpv3 -mfloat-abi=hard -nostartfiles -g -Wall -Wextra"
Compiling cpu_cortexa9
Running Make libs in ps7_cortexa9_0/libsrc/emacps_v3_8/src
make -C ps7_cortexa9_0/libsrc/emacps_v3_8/src -s libs  "SHELL=/bin/sh" "COMPILER=arm-none-eabi-gcc" "ARCHIVER=arm-none-eabi-ar" "COMPILER_FLAGS=  -O2 -c" "EXTRA_COMPILER_FLAGS=-mcpu=cortex-a9 -mfpu=vfpv3 -mfloat-abi=hard -nostartfiles -g -Wall -Wextra"
Compiling emacps
Running Make libs in ps7_cortexa9_0/libsrc/gpiops_v3_4/src
make -C ps7_cortexa9_0/libsrc/gpiops_v3_4/src -s libs  "SHELL=/bin/sh" "COMPILER=arm-none-eabi-gcc" "ARCHIVER=arm-none-eabi-ar" "COMPILER_FLAGS=  -O2 -c" "EXTRA_COMPILER_FLAGS=-mcpu=cortex-a9 -mfpu=vfpv3 -mfloat-abi=hard -nostartfiles -g -Wall -Wextra"
Compiling gpiops
Running Make libs in ps7_cortexa9_0/libsrc/qspips_v3_5/src
make -C ps7_cortexa9_0/libsrc/qspips_v3_5/src -s libs  "SHELL=/bin/sh" "COMPILER=arm-none-eabi-gcc" "ARCHIVER=arm-none-eabi-ar" "COMPILER_FLAGS=  -O2 -c" "EXTRA_COMPILER_FLAGS=-mcpu=cortex-a9 -mfpu=vfpv3 -mfloat-abi=hard -nostartfiles -g -Wall -Wextra"
Compiling qspips
Running Make libs in ps7_cortexa9_0/libsrc/myIntGPIO_v1_0/src
make -C ps7_cortexa9_0/libsrc/myIntGPIO_v1_0/src -s libs  "SHELL=/bin/sh" "COMPILER=arm-none-eabi-gcc" "ARCHIVER=arm-none-eabi-ar" "COMPILER_FLAGS=  -O2 -c" "EXTRA_COMPILER_FLAGS=-mcpu=cortex-a9 -mfpu=vfpv3 -mfloat-abi=hard -nostartfiles -g -Wall -Wextra"
Compiling myIntGPIO...
myIntGPIO_selftest.c: In function 'MYINTGPIO_Reg_SelfTest':
myIntGPIO_selftest.c:52:58: warning: comparison between signed and unsigned integer expressions [-Wsign-compare]
    if ( MYINTGPIO_mReadReg (baseaddr, read_loop_index*4) != (read_loop_index+1)*READ_WRITE_MUL_FACTOR){
                                                          ^~
myIntGPIO_selftest.c:36:6: warning: unused variable 'Index' [-Wunused-variable]
  int Index;
      ^~~~~
Running Make libs in ps7_cortexa9_0/libsrc/scugic_v3_10/src
make -C ps7_cortexa9_0/libsrc/scugic_v3_10/src -s libs  "SHELL=/bin/sh" "COMPILER=arm-none-eabi-gcc" "ARCHIVER=arm-none-eabi-ar" "COMPILER_FLAGS=  -O2 -c" "EXTRA_COMPILER_FLAGS=-mcpu=cortex-a9 -mfpu=vfpv3 -mfloat-abi=hard -nostartfiles -g -Wall -Wextra"
Compiling scugic
Running Make libs in ps7_cortexa9_0/libsrc/xadcps_v2_3/src
make -C ps7_cortexa9_0/libsrc/xadcps_v2_3/src -s libs  "SHELL=/bin/sh" "COMPILER=arm-none-eabi-gcc" "ARCHIVER=arm-none-eabi-ar" "COMPILER_FLAGS=  -O2 -c" "EXTRA_COMPILER_FLAGS=-mcpu=cortex-a9 -mfpu=vfpv3 -mfloat-abi=hard -nostartfiles -g -Wall -Wextra"
Compiling xadcps
Running Make libs in ps7_cortexa9_0/libsrc/devcfg_v3_5/src
make -C ps7_cortexa9_0/libsrc/devcfg_v3_5/src -s libs  "SHELL=/bin/sh" "COMPILER=arm-none-eabi-gcc" "ARCHIVER=arm-none-eabi-ar" "COMPILER_FLAGS=  -O2 -c" "EXTRA_COMPILER_FLAGS=-mcpu=cortex-a9 -mfpu=vfpv3 -mfloat-abi=hard -nostartfiles -g -Wall -Wextra"
Compiling devcfg
Running Make libs in ps7_cortexa9_0/libsrc/scuwdt_v2_1/src
make -C ps7_cortexa9_0/libsrc/scuwdt_v2_1/src -s libs  "SHELL=/bin/sh" "COMPILER=arm-none-eabi-gcc" "ARCHIVER=arm-none-eabi-ar" "COMPILER_FLAGS=  -O2 -c" "EXTRA_COMPILER_FLAGS=-mcpu=cortex-a9 -mfpu=vfpv3 -mfloat-abi=hard -nostartfiles -g -Wall -Wextra"
Compiling scuwdt
Running Make libs in ps7_cortexa9_0/libsrc/uartps_v3_7/src
make -C ps7_cortexa9_0/libsrc/uartps_v3_7/src -s libs  "SHELL=/bin/sh" "COMPILER=arm-none-eabi-gcc" "ARCHIVER=arm-none-eabi-ar" "COMPILER_FLAGS=  -O2 -c" "EXTRA_COMPILER_FLAGS=-mcpu=cortex-a9 -mfpu=vfpv3 -mfloat-abi=hard -nostartfiles -g -Wall -Wextra"
Compiling uartps
Running Make libs in ps7_cortexa9_0/libsrc/usbps_v2_4/src
make -C ps7_cortexa9_0/libsrc/usbps_v2_4/src -s libs  "SHELL=/bin/sh" "COMPILER=arm-none-eabi-gcc" "ARCHIVER=arm-none-eabi-ar" "COMPILER_FLAGS=  -O2 -c" "EXTRA_COMPILER_FLAGS=-mcpu=cortex-a9 -mfpu=vfpv3 -mfloat-abi=hard -nostartfiles -g -Wall -Wextra"
Compiling usbps
Running Make libs in ps7_cortexa9_0/libsrc/coresightps_dcc_v1_4/src
make -C ps7_cortexa9_0/libsrc/coresightps_dcc_v1_4/src -s libs  "SHELL=/bin/sh" "COMPILER=arm-none-eabi-gcc" "ARCHIVER=arm-none-eabi-ar" "COMPILER_FLAGS=  -O2 -c" "EXTRA_COMPILER_FLAGS=-mcpu=cortex-a9 -mfpu=vfpv3 -mfloat-abi=hard -nostartfiles -g -Wall -Wextra"
Compiling coresightps_dcc
Running Make libs in ps7_cortexa9_0/libsrc/scutimer_v2_1/src
make -C ps7_cortexa9_0/libsrc/scutimer_v2_1/src -s libs  "SHELL=/bin/sh" "COMPILER=arm-none-eabi-gcc" "ARCHIVER=arm-none-eabi-ar" "COMPILER_FLAGS=  -O2 -c" "EXTRA_COMPILER_FLAGS=-mcpu=cortex-a9 -mfpu=vfpv3 -mfloat-abi=hard -nostartfiles -g -Wall -Wextra"
Compiling scutimer
Finished building libraries
14:58:12 **** Build of configuration Debug for project provaINTRGpio ****
make pre-build main-build 
a9-linaro-pre-build-step
 
Building file: ../src/mainTest.c
Invoking: ARM v7 gcc compiler
arm-none-eabi-gcc -Wall -O0 -g3 -c -fmessage-length=0 -MT"src/mainTest.o" -mcpu=cortex-a9 -mfpu=vfpv3 -mfloat-abi=hard -I../../provaINTRGpio_bsp/ps7_cortexa9_0/include -MMD -MP -MF"src/mainTest.d" -MT"src/mainTest.o" -o "src/mainTest.o" "../src/mainTest.c"
../src/mainTest.c: In function 'main':
../src/mainTest.c:34:6: warning: unused variable 'punto' [-Wunused-variable]
  int punto=0;
      ^~~~~
Finished building: ../src/mainTest.c
 
Building file: ../src/myIntGPIO2.c
Invoking: ARM v7 gcc compiler
arm-none-eabi-gcc -Wall -O0 -g3 -c -fmessage-length=0 -MT"src/myIntGPIO2.o" -mcpu=cortex-a9 -mfpu=vfpv3 -mfloat-abi=hard -I../../provaINTRGpio_bsp/ps7_cortexa9_0/include -MMD -MP -MF"src/myIntGPIO2.d" -MT"src/myIntGPIO2.o" -o "src/myIntGPIO2.o" "../src/myIntGPIO2.c"
Finished building: ../src/myIntGPIO2.c
 
Building target: provaINTRGpio.elf
Invoking: ARM v7 gcc linker
arm-none-eabi-gcc -mcpu=cortex-a9 -mfpu=vfpv3 -mfloat-abi=hard -Wl,-build-id=none -specs=Xilinx.spec -Wl,-T -Wl,../src/lscript.ld -L../../provaINTRGpio_bsp/ps7_cortexa9_0/lib -o "provaINTRGpio.elf"  ./src/mainTest.o ./src/myIntGPIO2.o   -Wl,--start-group,-lxil,-lgcc,-lc,--end-group
Finished building target: provaINTRGpio.elf
 
Invoking: ARM v7 Print Size
arm-none-eabi-size provaINTRGpio.elf  |tee "provaINTRGpio.elf.size"
   text	   data	    bss	    dec	    hex	filename
  23444	   1920	  22600	  47964	   bb5c	provaINTRGpio.elf
Finished building: provaINTRGpio.elf.size
 
14:58:23 **** Auto Build of configuration Debug for project provaINTRGpio ****
make pre-build main-build 
a9-linaro-pre-build-step
 
Building file: ../src/mainTest.c
Invoking: ARM v7 gcc compiler
arm-none-eabi-gcc -Wall -O0 -g3 -c -fmessage-length=0 -MT"src/mainTest.o" -mcpu=cortex-a9 -mfpu=vfpv3 -mfloat-abi=hard -I../../provaINTRGpio_bsp/ps7_cortexa9_0/include -MMD -MP -MF"src/mainTest.d" -MT"src/mainTest.o" -o "src/mainTest.o" "../src/mainTest.c"
Finished building: ../src/mainTest.c
 
Building target: provaINTRGpio.elf
Invoking: ARM v7 gcc linker
arm-none-eabi-gcc -mcpu=cortex-a9 -mfpu=vfpv3 -mfloat-abi=hard -Wl,-build-id=none -specs=Xilinx.spec -Wl,-T -Wl,../src/lscript.ld -L../../provaINTRGpio_bsp/ps7_cortexa9_0/lib -o "provaINTRGpio.elf"  ./src/mainTest.o ./src/myIntGPIO2.o   -Wl,--start-group,-lxil,-lgcc,-lc,--end-group
Finished building target: provaINTRGpio.elf
 
Invoking: ARM v7 Print Size
arm-none-eabi-size provaINTRGpio.elf  |tee "provaINTRGpio.elf.size"
   text	   data	    bss	    dec	    hex	filename
  23436	   1920	  22600	  47956	   bb54	provaINTRGpio.elf
Finished building: provaINTRGpio.elf.size
 
15:01:45 **** Auto Build of configuration Debug for project provaINTRGpio ****
make pre-build main-build 
a9-linaro-pre-build-step
 
Building file: ../src/mainTest.c
Invoking: ARM v7 gcc compiler
arm-none-eabi-gcc -Wall -O0 -g3 -c -fmessage-length=0 -MT"src/mainTest.o" -mcpu=cortex-a9 -mfpu=vfpv3 -mfloat-abi=hard -I../../provaINTRGpio_bsp/ps7_cortexa9_0/include -MMD -MP -MF"src/mainTest.d" -MT"src/mainTest.o" -o "src/mainTest.o" "../src/mainTest.c"
../src/mainTest.c:21:0: warning: "GPIOSWITCH_INT_ADDR" redefined
 #define GPIOSWITCH_INT_ADDR 0x43C30000
 
../src/mainTest.c:18:0: note: this is the location of the previous definition
 #define GPIOSWITCH_INT_ADDR 0x43C10000
 
../src/mainTest.c:22:0: warning: "GPIOSWITCH_BASE_ADDR" redefined
 #define GPIOSWITCH_BASE_ADDR 0x43C20000
 
../src/mainTest.c:19:0: note: this is the location of the previous definition
 #define GPIOSWITCH_BASE_ADDR 0x43C00000
 
../src/mainTest.c:24:0: warning: "GPIOSWITCH_INT_ADDR" redefined
 #define GPIOSWITCH_INT_ADDR 0x43C50000
 
../src/mainTest.c:21:0: note: this is the location of the previous definition
 #define GPIOSWITCH_INT_ADDR 0x43C30000
 
../src/mainTest.c:25:0: warning: "GPIOSWITCH_BASE_ADDR" redefined
 #define GPIOSWITCH_BASE_ADDR 0x43C40000
 
../src/mainTest.c:22:0: note: this is the location of the previous definition
 #define GPIOSWITCH_BASE_ADDR 0x43C20000
 
../src/mainTest.c: In function 'main':
../src/mainTest.c:46:2: error: 'myIntGPIOInst' undeclared (first use in this function); did you mean 'myIntGPIO'?
  myIntGPIOInst.BaseAddress = DEVICE_BASE_ADDR;
  ^~~~~~~~~~~~~
  myIntGPIO
../src/mainTest.c:46:2: note: each undeclared identifier is reported only once for each function it appears in
../src/mainTest.c:46:30: error: 'DEVICE_BASE_ADDR' undeclared (first use in this function); did you mean 'XPS_I2C1_BASEADDR'?
  myIntGPIOInst.BaseAddress = DEVICE_BASE_ADDR;
                              ^~~~~~~~~~~~~~~~
                              XPS_I2C1_BASEADDR
../src/mainTest.c:47:29: error: 'DEVICE_INT_ADDR' undeclared (first use in this function); did you mean 'DEVICE_BASE_ADDR'?
  myIntGPIOInst.IntAddress = DEVICE_INT_ADDR;
                             ^~~~~~~~~~~~~~~
                             DEVICE_BASE_ADDR
../src/mainTest.c: In function 'DeviceDriverHandler':
../src/mainTest.c:93:40: error: 'myIntGPIOInst' undeclared (first use in this function); did you mean 'myIntGPIO'?
  MYIP_WITH_INTERRUPT_DisableInterrupt(&myIntGPIOInst,0x01);
                                        ^~~~~~~~~~~~~
                                        myIntGPIO
src/subdir.mk:24: recipe for target 'src/mainTest.o' failed
make: *** [src/mainTest.o] Error 1
15:02:21 **** Auto Build of configuration Debug for project provaINTRGpio ****
make pre-build main-build 
a9-linaro-pre-build-step
 
Building file: ../src/mainTest.c
Invoking: ARM v7 gcc compiler
arm-none-eabi-gcc -Wall -O0 -g3 -c -fmessage-length=0 -MT"src/mainTest.o" -mcpu=cortex-a9 -mfpu=vfpv3 -mfloat-abi=hard -I../../provaINTRGpio_bsp/ps7_cortexa9_0/include -MMD -MP -MF"src/mainTest.d" -MT"src/mainTest.o" -o "src/mainTest.o" "../src/mainTest.c"
../src/mainTest.c: In function 'main':
../src/mainTest.c:46:2: error: 'myIntGPIOInst' undeclared (first use in this function); did you mean 'myIntGPIO'?
  myIntGPIOInst.BaseAddress = DEVICE_BASE_ADDR;
  ^~~~~~~~~~~~~
  myIntGPIO
../src/mainTest.c:46:2: note: each undeclared identifier is reported only once for each function it appears in
../src/mainTest.c:46:30: error: 'DEVICE_BASE_ADDR' undeclared (first use in this function); did you mean 'GPIOLED_BASE_ADDR'?
  myIntGPIOInst.BaseAddress = DEVICE_BASE_ADDR;
                              ^~~~~~~~~~~~~~~~
                              GPIOLED_BASE_ADDR
../src/mainTest.c:47:29: error: 'DEVICE_INT_ADDR' undeclared (first use in this function); did you mean 'DEVICE_BASE_ADDR'?
  myIntGPIOInst.IntAddress = DEVICE_INT_ADDR;
                             ^~~~~~~~~~~~~~~
                             DEVICE_BASE_ADDR
../src/mainTest.c: In function 'DeviceDriverHandler':
../src/mainTest.c:93:40: error: 'myIntGPIOInst' undeclared (first use in this function); did you mean 'myIntGPIO'?
  MYIP_WITH_INTERRUPT_DisableInterrupt(&myIntGPIOInst,0x01);
                                        ^~~~~~~~~~~~~
                                        myIntGPIO
make: *** [src/mainTest.o] Error 1
src/subdir.mk:24: recipe for target 'src/mainTest.o' failed
15:04:12 **** Auto Build of configuration Debug for project provaINTRGpio ****
make pre-build main-build 
a9-linaro-pre-build-step
 
Building file: ../src/mainTest.c
Invoking: ARM v7 gcc compiler
arm-none-eabi-gcc -Wall -O0 -g3 -c -fmessage-length=0 -MT"src/mainTest.o" -mcpu=cortex-a9 -mfpu=vfpv3 -mfloat-abi=hard -I../../provaINTRGpio_bsp/ps7_cortexa9_0/include -MMD -MP -MF"src/mainTest.d" -MT"src/mainTest.o" -o "src/mainTest.o" "../src/mainTest.c"
../src/mainTest.c: In function 'main':
../src/mainTest.c:46:2: error: 'myIntGPIOInst' undeclared (first use in this function); did you mean 'myIntGPIO'?
  myIntGPIOInst.BaseAddress = DEVICE_BASE_ADDR;
  ^~~~~~~~~~~~~
  myIntGPIO
../src/mainTest.c:46:2: note: each undeclared identifier is reported only once for each function it appears in
../src/mainTest.c:46:30: error: 'DEVICE_BASE_ADDR' undeclared (first use in this function); did you mean 'GPIOLED_BASE_ADDR'?
  myIntGPIOInst.BaseAddress = DEVICE_BASE_ADDR;
                              ^~~~~~~~~~~~~~~~
                              GPIOLED_BASE_ADDR
../src/mainTest.c:47:29: error: 'DEVICE_INT_ADDR' undeclared (first use in this function); did you mean 'DEVICE_BASE_ADDR'?
  myIntGPIOInst.IntAddress = DEVICE_INT_ADDR;
                             ^~~~~~~~~~~~~~~
                             DEVICE_BASE_ADDR
../src/mainTest.c: In function 'DeviceDriverHandler':
../src/mainTest.c:96:40: error: 'myIntGPIOInst' undeclared (first use in this function); did you mean 'myIntGPIO'?
  MYIP_WITH_INTERRUPT_DisableInterrupt(&myIntGPIOInst,0x01);
                                        ^~~~~~~~~~~~~
                                        myIntGPIO
src/subdir.mk:24: recipe for target 'src/mainTest.o' failed
make: *** [src/mainTest.o] Error 1
15:04:56 **** Auto Build of configuration Debug for project provaINTRGpio ****
make pre-build main-build 
a9-linaro-pre-build-step
 
Building file: ../src/mainTest.c
Invoking: ARM v7 gcc compiler
arm-none-eabi-gcc -Wall -O0 -g3 -c -fmessage-length=0 -MT"src/mainTest.o" -mcpu=cortex-a9 -mfpu=vfpv3 -mfloat-abi=hard -I../../provaINTRGpio_bsp/ps7_cortexa9_0/include -MMD -MP -MF"src/mainTest.d" -MT"src/mainTest.o" -o "src/mainTest.o" "../src/mainTest.c"
../src/mainTest.c: In function 'main':
../src/mainTest.c:46:2: error: 'myIntGPIOInst' undeclared (first use in this function); did you mean 'myIntGPIO'?
  myIntGPIOInst.BaseAddress = DEVICE_BASE_ADDR;
  ^~~~~~~~~~~~~
  myIntGPIO
../src/mainTest.c:46:2: note: each undeclared identifier is reported only once for each function it appears in
../src/mainTest.c:46:30: error: 'DEVICE_BASE_ADDR' undeclared (first use in this function); did you mean 'GPIOLED_BASE_ADDR'?
  myIntGPIOInst.BaseAddress = DEVICE_BASE_ADDR;
                              ^~~~~~~~~~~~~~~~
                              GPIOLED_BASE_ADDR
../src/mainTest.c:47:29: error: 'DEVICE_INT_ADDR' undeclared (first use in this function); did you mean 'DEVICE_BASE_ADDR'?
  myIntGPIOInst.IntAddress = DEVICE_INT_ADDR;
                             ^~~~~~~~~~~~~~~
                             DEVICE_BASE_ADDR
../src/mainTest.c: In function 'DeviceDriverHandler':
../src/mainTest.c:96:40: error: 'myIntGPIOInst' undeclared (first use in this function); did you mean 'myIntGPIO'?
  MYIP_WITH_INTERRUPT_DisableInterrupt(&myIntGPIOInst,0x01);
                                        ^~~~~~~~~~~~~
                                        myIntGPIO
src/subdir.mk:24: recipe for target 'src/mainTest.o' failed
make: *** [src/mainTest.o] Error 1
15:06:35 **** Auto Build of configuration Debug for project provaINTRGpio ****
make pre-build main-build 
a9-linaro-pre-build-step
 
Building file: ../src/mainTest.c
Invoking: ARM v7 gcc compiler
arm-none-eabi-gcc -Wall -O0 -g3 -c -fmessage-length=0 -MT"src/mainTest.o" -mcpu=cortex-a9 -mfpu=vfpv3 -mfloat-abi=hard -I../../provaINTRGpio_bsp/ps7_cortexa9_0/include -MMD -MP -MF"src/mainTest.d" -MT"src/mainTest.o" -o "src/mainTest.o" "../src/mainTest.c"
../src/mainTest.c: In function 'main':
../src/mainTest.c:61:39: error: 'myIntGPIOInst' undeclared (first use in this function); did you mean 'myIntGPIO'?
  MYIP_WITH_INTERRUPT_EnableInterrupt(&myIntGPIOInst,0x1);
                                       ^~~~~~~~~~~~~
                                       myIntGPIO
../src/mainTest.c:61:39: note: each undeclared identifier is reported only once for each function it appears in
../src/mainTest.c: In function 'DeviceDriverHandler':
../src/mainTest.c:98:40: error: 'myIntGPIOInst' undeclared (first use in this function); did you mean 'myIntGPIO'?
  MYIP_WITH_INTERRUPT_DisableInterrupt(&myIntGPIOInst,0x01);
                                        ^~~~~~~~~~~~~
                                        myIntGPIO
make: *** [src/mainTest.o] Error 1
src/subdir.mk:24: recipe for target 'src/mainTest.o' failed
15:07:48 **** Auto Build of configuration Debug for project provaINTRGpio ****
make pre-build main-build 
a9-linaro-pre-build-step
 
Building file: ../src/mainTest.c
Invoking: ARM v7 gcc compiler
arm-none-eabi-gcc -Wall -O0 -g3 -c -fmessage-length=0 -MT"src/mainTest.o" -mcpu=cortex-a9 -mfpu=vfpv3 -mfloat-abi=hard -I../../provaINTRGpio_bsp/ps7_cortexa9_0/include -MMD -MP -MF"src/mainTest.d" -MT"src/mainTest.o" -o "src/mainTest.o" "../src/mainTest.c"
../src/mainTest.c: In function 'main':
../src/mainTest.c:80:39: error: 'myIntGPIOInst' undeclared (first use in this function); did you mean 'myIntGPIO'?
  MYIP_WITH_INTERRUPT_EnableInterrupt(&myIntGPIOInst,0x1);
                                       ^~~~~~~~~~~~~
                                       myIntGPIO
../src/mainTest.c:80:39: note: each undeclared identifier is reported only once for each function it appears in
../src/mainTest.c: In function 'DeviceDriverHandler':
../src/mainTest.c:103:40: error: 'myIntGPIOInst' undeclared (first use in this function); did you mean 'myIntGPIO'?
  MYIP_WITH_INTERRUPT_DisableInterrupt(&myIntGPIOInst,0x01);
                                        ^~~~~~~~~~~~~
                                        myIntGPIO
make: *** [src/mainTest.o] Error 1
src/subdir.mk:24: recipe for target 'src/mainTest.o' failed
15:08:39 **** Auto Build of configuration Debug for project provaINTRGpio ****
make pre-build main-build 
a9-linaro-pre-build-step
 
Building file: ../src/mainTest.c
Invoking: ARM v7 gcc compiler
arm-none-eabi-gcc -Wall -O0 -g3 -c -fmessage-length=0 -MT"src/mainTest.o" -mcpu=cortex-a9 -mfpu=vfpv3 -mfloat-abi=hard -I../../provaINTRGpio_bsp/ps7_cortexa9_0/include -MMD -MP -MF"src/mainTest.d" -MT"src/mainTest.o" -o "src/mainTest.o" "../src/mainTest.c"
../src/mainTest.c: In function 'DeviceDriverHandler':
../src/mainTest.c:108:40: error: 'myIntGPIOInst' undeclared (first use in this function); did you mean 'myIntGPIO'?
  MYIP_WITH_INTERRUPT_DisableInterrupt(&myIntGPIOInst,0x01);
                                        ^~~~~~~~~~~~~
                                        myIntGPIO
../src/mainTest.c:108:40: note: each undeclared identifier is reported only once for each function it appears in
make: *** [src/mainTest.o] Error 1
src/subdir.mk:24: recipe for target 'src/mainTest.o' failed
15:12:46 **** Auto Build of configuration Debug for project provaINTRGpio ****
make pre-build main-build 
a9-linaro-pre-build-step
 
Building file: ../src/mainTest.c
Invoking: ARM v7 gcc compiler
arm-none-eabi-gcc -Wall -O0 -g3 -c -fmessage-length=0 -MT"src/mainTest.o" -mcpu=cortex-a9 -mfpu=vfpv3 -mfloat-abi=hard -I../../provaINTRGpio_bsp/ps7_cortexa9_0/include -MMD -MP -MF"src/mainTest.d" -MT"src/mainTest.o" -o "src/mainTest.o" "../src/mainTest.c"
Finished building: ../src/mainTest.c
 
Building file: ../src/myIntGPIO2.c
Invoking: ARM v7 gcc compiler
arm-none-eabi-gcc -Wall -O0 -g3 -c -fmessage-length=0 -MT"src/myIntGPIO2.o" -mcpu=cortex-a9 -mfpu=vfpv3 -mfloat-abi=hard -I../../provaINTRGpio_bsp/ps7_cortexa9_0/include -MMD -MP -MF"src/myIntGPIO2.d" -MT"src/myIntGPIO2.o" -o "src/myIntGPIO2.o" "../src/myIntGPIO2.c"
Finished building: ../src/myIntGPIO2.c
 
Building target: provaINTRGpio.elf
Invoking: ARM v7 gcc linker
arm-none-eabi-gcc -mcpu=cortex-a9 -mfpu=vfpv3 -mfloat-abi=hard -Wl,-build-id=none -specs=Xilinx.spec -Wl,-T -Wl,../src/lscript.ld -L../../provaINTRGpio_bsp/ps7_cortexa9_0/lib -o "provaINTRGpio.elf"  ./src/mainTest.o ./src/myIntGPIO2.o   -Wl,--start-group,-lxil,-lgcc,-lc,--end-group
Finished building target: provaINTRGpio.elf
 
Invoking: ARM v7 Print Size
arm-none-eabi-size provaINTRGpio.elf  |tee "provaINTRGpio.elf.size"
   text	   data	    bss	    dec	    hex	filename
  23800	   1920	  22616	  48336	   bcd0	provaINTRGpio.elf
Finished building: provaINTRGpio.elf.size
 
15:16:03 **** Auto Build of configuration Debug for project provaINTRGpio ****
make pre-build main-build 
a9-linaro-pre-build-step
 
Building file: ../src/mainTest.c
Invoking: ARM v7 gcc compiler
arm-none-eabi-gcc -Wall -O0 -g3 -c -fmessage-length=0 -MT"src/mainTest.o" -mcpu=cortex-a9 -mfpu=vfpv3 -mfloat-abi=hard -I../../provaINTRGpio_bsp/ps7_cortexa9_0/include -MMD -MP -MF"src/mainTest.d" -MT"src/mainTest.o" -o "src/mainTest.o" "../src/mainTest.c"
../src/mainTest.c:30:1: error: unknown type name 'boid'; did you mean 'void'?
 boid LedISR();
 ^~~~
 void
../src/mainTest.c:139:6: error: conflicting types for 'LedISR'
 void LedISR()
      ^~~~~~
../src/mainTest.c:30:6: note: previous declaration of 'LedISR' was here
 boid LedISR();
      ^~~~~~
src/subdir.mk:24: recipe for target 'src/mainTest.o' failed
make: *** [src/mainTest.o] Error 1
15:16:16 **** Auto Build of configuration Debug for project provaINTRGpio ****
make pre-build main-build 
a9-linaro-pre-build-step
 
Building file: ../src/mainTest.c
Invoking: ARM v7 gcc compiler
arm-none-eabi-gcc -Wall -O0 -g3 -c -fmessage-length=0 -MT"src/mainTest.o" -mcpu=cortex-a9 -mfpu=vfpv3 -mfloat-abi=hard -I../../provaINTRGpio_bsp/ps7_cortexa9_0/include -MMD -MP -MF"src/mainTest.d" -MT"src/mainTest.o" -o "src/mainTest.o" "../src/mainTest.c"
Finished building: ../src/mainTest.c
 
Building target: provaINTRGpio.elf
Invoking: ARM v7 gcc linker
arm-none-eabi-gcc -mcpu=cortex-a9 -mfpu=vfpv3 -mfloat-abi=hard -Wl,-build-id=none -specs=Xilinx.spec -Wl,-T -Wl,../src/lscript.ld -L../../provaINTRGpio_bsp/ps7_cortexa9_0/lib -o "provaINTRGpio.elf"  ./src/mainTest.o ./src/myIntGPIO2.o   -Wl,--start-group,-lxil,-lgcc,-lc,--end-group
Finished building target: provaINTRGpio.elf
 
Invoking: ARM v7 Print Size
arm-none-eabi-size provaINTRGpio.elf  |tee "provaINTRGpio.elf.size"
   text	   data	    bss	    dec	    hex	filename
  24132	   1920	  22616	  48668	   be1c	provaINTRGpio.elf
Finished building: provaINTRGpio.elf.size
 
15:17:21 **** Auto Build of configuration Debug for project provaINTRGpio ****
make pre-build main-build 
a9-linaro-pre-build-step
 
Building file: ../src/mainTest.c
Invoking: ARM v7 gcc compiler
arm-none-eabi-gcc -Wall -O0 -g3 -c -fmessage-length=0 -MT"src/mainTest.o" -mcpu=cortex-a9 -mfpu=vfpv3 -mfloat-abi=hard -I../../provaINTRGpio_bsp/ps7_cortexa9_0/include -MMD -MP -MF"src/mainTest.d" -MT"src/mainTest.o" -o "src/mainTest.o" "../src/mainTest.c"
Finished building: ../src/mainTest.c
 
Building target: provaINTRGpio.elf
Invoking: ARM v7 gcc linker
arm-none-eabi-gcc -mcpu=cortex-a9 -mfpu=vfpv3 -mfloat-abi=hard -Wl,-build-id=none -specs=Xilinx.spec -Wl,-T -Wl,../src/lscript.ld -L../../provaINTRGpio_bsp/ps7_cortexa9_0/lib -o "provaINTRGpio.elf"  ./src/mainTest.o ./src/myIntGPIO2.o   -Wl,--start-group,-lxil,-lgcc,-lc,--end-group
Finished building target: provaINTRGpio.elf
 
Invoking: ARM v7 Print Size
arm-none-eabi-size provaINTRGpio.elf  |tee "provaINTRGpio.elf.size"
   text	   data	    bss	    dec	    hex	filename
  24176	   1920	  22616	  48712	   be48	provaINTRGpio.elf
Finished building: provaINTRGpio.elf.size
 
15:18:56 **** Auto Build of configuration Debug for project provaINTRGpio ****
make pre-build main-build 
a9-linaro-pre-build-step
 
Building file: ../src/mainTest.c
Invoking: ARM v7 gcc compiler
arm-none-eabi-gcc -Wall -O0 -g3 -c -fmessage-length=0 -MT"src/mainTest.o" -mcpu=cortex-a9 -mfpu=vfpv3 -mfloat-abi=hard -I../../provaINTRGpio_bsp/ps7_cortexa9_0/include -MMD -MP -MF"src/mainTest.d" -MT"src/mainTest.o" -o "src/mainTest.o" "../src/mainTest.c"
Finished building: ../src/mainTest.c
 
Building file: ../src/myIntGPIO2.c
Invoking: ARM v7 gcc compiler
arm-none-eabi-gcc -Wall -O0 -g3 -c -fmessage-length=0 -MT"src/myIntGPIO2.o" -mcpu=cortex-a9 -mfpu=vfpv3 -mfloat-abi=hard -I../../provaINTRGpio_bsp/ps7_cortexa9_0/include -MMD -MP -MF"src/myIntGPIO2.d" -MT"src/myIntGPIO2.o" -o "src/myIntGPIO2.o" "../src/myIntGPIO2.c"
Finished building: ../src/myIntGPIO2.c
 
Building target: provaINTRGpio.elf
Invoking: ARM v7 gcc linker
arm-none-eabi-gcc -mcpu=cortex-a9 -mfpu=vfpv3 -mfloat-abi=hard -Wl,-build-id=none -specs=Xilinx.spec -Wl,-T -Wl,../src/lscript.ld -L../../provaINTRGpio_bsp/ps7_cortexa9_0/lib -o "provaINTRGpio.elf"  ./src/mainTest.o ./src/myIntGPIO2.o   -Wl,--start-group,-lxil,-lgcc,-lc,--end-group
Finished building target: provaINTRGpio.elf
 
Invoking: ARM v7 Print Size
arm-none-eabi-size provaINTRGpio.elf  |tee "provaINTRGpio.elf.size"
   text	   data	    bss	    dec	    hex	filename
  24176	   1920	  22616	  48712	   be48	provaINTRGpio.elf
Finished building: provaINTRGpio.elf.size
 
15:19:15 **** Auto Build of configuration Debug for project provaINTRGpio ****
make pre-build main-build 
a9-linaro-pre-build-step
 
Building file: ../src/mainTest.c
Invoking: ARM v7 gcc compiler
arm-none-eabi-gcc -Wall -O0 -g3 -c -fmessage-length=0 -MT"src/mainTest.o" -mcpu=cortex-a9 -mfpu=vfpv3 -mfloat-abi=hard -I../../provaINTRGpio_bsp/ps7_cortexa9_0/include -MMD -MP -MF"src/mainTest.d" -MT"src/mainTest.o" -o "src/mainTest.o" "../src/mainTest.c"
Finished building: ../src/mainTest.c
 
Building target: provaINTRGpio.elf
Invoking: ARM v7 gcc linker
arm-none-eabi-gcc -mcpu=cortex-a9 -mfpu=vfpv3 -mfloat-abi=hard -Wl,-build-id=none -specs=Xilinx.spec -Wl,-T -Wl,../src/lscript.ld -L../../provaINTRGpio_bsp/ps7_cortexa9_0/lib -o "provaINTRGpio.elf"  ./src/mainTest.o ./src/myIntGPIO2.o   -Wl,--start-group,-lxil,-lgcc,-lc,--end-group
Finished building target: provaINTRGpio.elf
 
Invoking: ARM v7 Print Size
arm-none-eabi-size provaINTRGpio.elf  |tee "provaINTRGpio.elf.size"
   text	   data	    bss	    dec	    hex	filename
  24176	   1920	  22616	  48712	   be48	provaINTRGpio.elf
Finished building: provaINTRGpio.elf.size
 
15:19:48 **** Auto Build of configuration Debug for project provaINTRGpio ****
make pre-build main-build 
a9-linaro-pre-build-step
 
Building file: ../src/mainTest.c
Invoking: ARM v7 gcc compiler
arm-none-eabi-gcc -Wall -O0 -g3 -c -fmessage-length=0 -MT"src/mainTest.o" -mcpu=cortex-a9 -mfpu=vfpv3 -mfloat-abi=hard -I../../provaINTRGpio_bsp/ps7_cortexa9_0/include -MMD -MP -MF"src/mainTest.d" -MT"src/mainTest.o" -o "src/mainTest.o" "../src/mainTest.c"
../src/mainTest.c: In function 'SwitchISR':
../src/mainTest.c:122:2: error: 'count' undeclared (first use in this function)
  count++;
  ^~~~~
../src/mainTest.c:122:2: note: each undeclared identifier is reported only once for each function it appears in
../src/mainTest.c: In function 'ButtonISR':
../src/mainTest.c:132:2: error: 'count' undeclared (first use in this function)
  count++;
  ^~~~~
../src/mainTest.c: In function 'LedISR':
../src/mainTest.c:142:2: error: 'count' undeclared (first use in this function)
  count++;
  ^~~~~
make: *** [src/mainTest.o] Error 1
src/subdir.mk:24: recipe for target 'src/mainTest.o' failed
15:20:01 **** Auto Build of configuration Debug for project provaINTRGpio ****
make pre-build main-build 
a9-linaro-pre-build-step
 
Building file: ../src/mainTest.c
Invoking: ARM v7 gcc compiler
arm-none-eabi-gcc -Wall -O0 -g3 -c -fmessage-length=0 -MT"src/mainTest.o" -mcpu=cortex-a9 -mfpu=vfpv3 -mfloat-abi=hard -I../../provaINTRGpio_bsp/ps7_cortexa9_0/include -MMD -MP -MF"src/mainTest.d" -MT"src/mainTest.o" -o "src/mainTest.o" "../src/mainTest.c"
Finished building: ../src/mainTest.c
 
Building target: provaINTRGpio.elf
Invoking: ARM v7 gcc linker
arm-none-eabi-gcc -mcpu=cortex-a9 -mfpu=vfpv3 -mfloat-abi=hard -Wl,-build-id=none -specs=Xilinx.spec -Wl,-T -Wl,../src/lscript.ld -L../../provaINTRGpio_bsp/ps7_cortexa9_0/lib -o "provaINTRGpio.elf"  ./src/mainTest.o ./src/myIntGPIO2.o   -Wl,--start-group,-lxil,-lgcc,-lc,--end-group
Finished building target: provaINTRGpio.elf
 
Invoking: ARM v7 Print Size
arm-none-eabi-size provaINTRGpio.elf  |tee "provaINTRGpio.elf.size"
   text	   data	    bss	    dec	    hex	filename
  24092	   1920	  22616	  48628	   bdf4	provaINTRGpio.elf
Finished building: provaINTRGpio.elf.size
 
15:20:18 **** Incremental Build of configuration Debug for project provaINTRGpio ****
make pre-build main-build 
a9-linaro-pre-build-step
 
make: Nessuna operazione da eseguire per "main-build".
15:21:16 **** Incremental Build of configuration Debug for project provaINTRGpio ****
make pre-build main-build 
a9-linaro-pre-build-step
 
make: Nessuna operazione da eseguire per "main-build".
17:54:32 **** Build of project provaINTRGpio_bsp ****
make -k all 
Running Make include in ps7_cortexa9_0/libsrc/ddrps_v1_0/src
make -C ps7_cortexa9_0/libsrc/ddrps_v1_0/src -s include  "SHELL=/bin/sh" "COMPILER=arm-none-eabi-gcc" "ARCHIVER=arm-none-eabi-ar" "COMPILER_FLAGS=  -O2 -c" "EXTRA_COMPILER_FLAGS=-mcpu=cortex-a9 -mfpu=vfpv3 -mfloat-abi=hard -nostartfiles -g -Wall -Wextra"
Running Make include in ps7_cortexa9_0/libsrc/sdps_v3_6/src
make -C ps7_cortexa9_0/libsrc/sdps_v3_6/src -s include  "SHELL=/bin/sh" "COMPILER=arm-none-eabi-gcc" "ARCHIVER=arm-none-eabi-ar" "COMPILER_FLAGS=  -O2 -c" "EXTRA_COMPILER_FLAGS=-mcpu=cortex-a9 -mfpu=vfpv3 -mfloat-abi=hard -nostartfiles -g -Wall -Wextra"
Running Make include in ps7_cortexa9_0/libsrc/standalone_v6_8/src
make -C ps7_cortexa9_0/libsrc/standalone_v6_8/src -s include  "SHELL=/bin/sh" "COMPILER=arm-none-eabi-gcc" "ARCHIVER=arm-none-eabi-ar" "COMPILER_FLAGS=  -O2 -c" "EXTRA_COMPILER_FLAGS=-mcpu=cortex-a9 -mfpu=vfpv3 -mfloat-abi=hard -nostartfiles -g -Wall -Wextra"
Running Make include in ps7_cortexa9_0/libsrc/dmaps_v2_4/src
make -C ps7_cortexa9_0/libsrc/dmaps_v2_4/src -s include  "SHELL=/bin/sh" "COMPILER=arm-none-eabi-gcc" "ARCHIVER=arm-none-eabi-ar" "COMPILER_FLAGS=  -O2 -c" "EXTRA_COMPILER_FLAGS=-mcpu=cortex-a9 -mfpu=vfpv3 -mfloat-abi=hard -nostartfiles -g -Wall -Wextra"
Running Make include in ps7_cortexa9_0/libsrc/cpu_cortexa9_v2_7/src
make -C ps7_cortexa9_0/libsrc/cpu_cortexa9_v2_7/src -s include  "SHELL=/bin/sh" "COMPILER=arm-none-eabi-gcc" "ARCHIVER=arm-none-eabi-ar" "COMPILER_FLAGS=  -O2 -c" "EXTRA_COMPILER_FLAGS=-mcpu=cortex-a9 -mfpu=vfpv3 -mfloat-abi=hard -nostartfiles -g -Wall -Wextra"
Running Make include in ps7_cortexa9_0/libsrc/emacps_v3_8/src
make -C ps7_cortexa9_0/libsrc/emacps_v3_8/src -s include  "SHELL=/bin/sh" "COMPILER=arm-none-eabi-gcc" "ARCHIVER=arm-none-eabi-ar" "COMPILER_FLAGS=  -O2 -c" "EXTRA_COMPILER_FLAGS=-mcpu=cortex-a9 -mfpu=vfpv3 -mfloat-abi=hard -nostartfiles -g -Wall -Wextra"
Running Make include in ps7_cortexa9_0/libsrc/gpiops_v3_4/src
make -C ps7_cortexa9_0/libsrc/gpiops_v3_4/src -s include  "SHELL=/bin/sh" "COMPILER=arm-none-eabi-gcc" "ARCHIVER=arm-none-eabi-ar" "COMPILER_FLAGS=  -O2 -c" "EXTRA_COMPILER_FLAGS=-mcpu=cortex-a9 -mfpu=vfpv3 -mfloat-abi=hard -nostartfiles -g -Wall -Wextra"
Running Make include in ps7_cortexa9_0/libsrc/qspips_v3_5/src
make -C ps7_cortexa9_0/libsrc/qspips_v3_5/src -s include  "SHELL=/bin/sh" "COMPILER=arm-none-eabi-gcc" "ARCHIVER=arm-none-eabi-ar" "COMPILER_FLAGS=  -O2 -c" "EXTRA_COMPILER_FLAGS=-mcpu=cortex-a9 -mfpu=vfpv3 -mfloat-abi=hard -nostartfiles -g -Wall -Wextra"
Running Make include in ps7_cortexa9_0/libsrc/myIntGPIO_v1_0/src
make -C ps7_cortexa9_0/libsrc/myIntGPIO_v1_0/src -s include  "SHELL=/bin/sh" "COMPILER=arm-none-eabi-gcc" "ARCHIVER=arm-none-eabi-ar" "COMPILER_FLAGS=  -O2 -c" "EXTRA_COMPILER_FLAGS=-mcpu=cortex-a9 -mfpu=vfpv3 -mfloat-abi=hard -nostartfiles -g -Wall -Wextra"
Running Make include in ps7_cortexa9_0/libsrc/scugic_v3_10/src
make -C ps7_cortexa9_0/libsrc/scugic_v3_10/src -s include  "SHELL=/bin/sh" "COMPILER=arm-none-eabi-gcc" "ARCHIVER=arm-none-eabi-ar" "COMPILER_FLAGS=  -O2 -c" "EXTRA_COMPILER_FLAGS=-mcpu=cortex-a9 -mfpu=vfpv3 -mfloat-abi=hard -nostartfiles -g -Wall -Wextra"
Running Make include in ps7_cortexa9_0/libsrc/xadcps_v2_3/src
make -C ps7_cortexa9_0/libsrc/xadcps_v2_3/src -s include  "SHELL=/bin/sh" "COMPILER=arm-none-eabi-gcc" "ARCHIVER=arm-none-eabi-ar" "COMPILER_FLAGS=  -O2 -c" "EXTRA_COMPILER_FLAGS=-mcpu=cortex-a9 -mfpu=vfpv3 -mfloat-abi=hard -nostartfiles -g -Wall -Wextra"
Running Make include in ps7_cortexa9_0/libsrc/devcfg_v3_5/src
make -C ps7_cortexa9_0/libsrc/devcfg_v3_5/src -s include  "SHELL=/bin/sh" "COMPILER=arm-none-eabi-gcc" "ARCHIVER=arm-none-eabi-ar" "COMPILER_FLAGS=  -O2 -c" "EXTRA_COMPILER_FLAGS=-mcpu=cortex-a9 -mfpu=vfpv3 -mfloat-abi=hard -nostartfiles -g -Wall -Wextra"
Running Make include in ps7_cortexa9_0/libsrc/scuwdt_v2_1/src
make -C ps7_cortexa9_0/libsrc/scuwdt_v2_1/src -s include  "SHELL=/bin/sh" "COMPILER=arm-none-eabi-gcc" "ARCHIVER=arm-none-eabi-ar" "COMPILER_FLAGS=  -O2 -c" "EXTRA_COMPILER_FLAGS=-mcpu=cortex-a9 -mfpu=vfpv3 -mfloat-abi=hard -nostartfiles -g -Wall -Wextra"
Running Make include in ps7_cortexa9_0/libsrc/uartps_v3_7/src
make -C ps7_cortexa9_0/libsrc/uartps_v3_7/src -s include  "SHELL=/bin/sh" "COMPILER=arm-none-eabi-gcc" "ARCHIVER=arm-none-eabi-ar" "COMPILER_FLAGS=  -O2 -c" "EXTRA_COMPILER_FLAGS=-mcpu=cortex-a9 -mfpu=vfpv3 -mfloat-abi=hard -nostartfiles -g -Wall -Wextra"
Running Make include in ps7_cortexa9_0/libsrc/usbps_v2_4/src
make -C ps7_cortexa9_0/libsrc/usbps_v2_4/src -s include  "SHELL=/bin/sh" "COMPILER=arm-none-eabi-gcc" "ARCHIVER=arm-none-eabi-ar" "COMPILER_FLAGS=  -O2 -c" "EXTRA_COMPILER_FLAGS=-mcpu=cortex-a9 -mfpu=vfpv3 -mfloat-abi=hard -nostartfiles -g -Wall -Wextra"
Running Make include in ps7_cortexa9_0/libsrc/coresightps_dcc_v1_4/src
make -C ps7_cortexa9_0/libsrc/coresightps_dcc_v1_4/src -s include  "SHELL=/bin/sh" "COMPILER=arm-none-eabi-gcc" "ARCHIVER=arm-none-eabi-ar" "COMPILER_FLAGS=  -O2 -c" "EXTRA_COMPILER_FLAGS=-mcpu=cortex-a9 -mfpu=vfpv3 -mfloat-abi=hard -nostartfiles -g -Wall -Wextra"
Running Make include in ps7_cortexa9_0/libsrc/scutimer_v2_1/src
make -C ps7_cortexa9_0/libsrc/scutimer_v2_1/src -s include  "SHELL=/bin/sh" "COMPILER=arm-none-eabi-gcc" "ARCHIVER=arm-none-eabi-ar" "COMPILER_FLAGS=  -O2 -c" "EXTRA_COMPILER_FLAGS=-mcpu=cortex-a9 -mfpu=vfpv3 -mfloat-abi=hard -nostartfiles -g -Wall -Wextra"
Running Make libs in ps7_cortexa9_0/libsrc/ddrps_v1_0/src
make -C ps7_cortexa9_0/libsrc/ddrps_v1_0/src -s libs  "SHELL=/bin/sh" "COMPILER=arm-none-eabi-gcc" "ARCHIVER=arm-none-eabi-ar" "COMPILER_FLAGS=  -O2 -c" "EXTRA_COMPILER_FLAGS=-mcpu=cortex-a9 -mfpu=vfpv3 -mfloat-abi=hard -nostartfiles -g -Wall -Wextra"
Compiling ddrps
Running Make libs in ps7_cortexa9_0/libsrc/sdps_v3_6/src
make -C ps7_cortexa9_0/libsrc/sdps_v3_6/src -s libs  "SHELL=/bin/sh" "COMPILER=arm-none-eabi-gcc" "ARCHIVER=arm-none-eabi-ar" "COMPILER_FLAGS=  -O2 -c" "EXTRA_COMPILER_FLAGS=-mcpu=cortex-a9 -mfpu=vfpv3 -mfloat-abi=hard -nostartfiles -g -Wall -Wextra"
Compiling sdps
Running Make libs in ps7_cortexa9_0/libsrc/standalone_v6_8/src
make -C ps7_cortexa9_0/libsrc/standalone_v6_8/src -s libs  "SHELL=/bin/sh" "COMPILER=arm-none-eabi-gcc" "ARCHIVER=arm-none-eabi-ar" "COMPILER_FLAGS=  -O2 -c" "EXTRA_COMPILER_FLAGS=-mcpu=cortex-a9 -mfpu=vfpv3 -mfloat-abi=hard -nostartfiles -g -Wall -Wextra"
Compiling standalone
In file included from xtime_l.c:49:0:
xtime_l.h:87:9: note: #pragma message: For the sleep routines, Global timer is being used
 #pragma message ("For the sleep routines, Global timer is being used")
         ^~~~~~~
In file included from xil_sleeptimer.c:51:0:
xtime_l.h:87:9: note: #pragma message: For the sleep routines, Global timer is being used
 #pragma message ("For the sleep routines, Global timer is being used")
         ^~~~~~~
In file included from sleep.c:53:0:
xtime_l.h:87:9: note: #pragma message: For the sleep routines, Global timer is being used
 #pragma message ("For the sleep routines, Global timer is being used")
         ^~~~~~~
In file included from usleep.c:56:0:
xtime_l.h:87:9: note: #pragma message: For the sleep routines, Global timer is being used
 #pragma message ("For the sleep routines, Global timer is being used")
         ^~~~~~~
Running Make libs in ps7_cortexa9_0/libsrc/dmaps_v2_4/src
make -C ps7_cortexa9_0/libsrc/dmaps_v2_4/src -s libs  "SHELL=/bin/sh" "COMPILER=arm-none-eabi-gcc" "ARCHIVER=arm-none-eabi-ar" "COMPILER_FLAGS=  -O2 -c" "EXTRA_COMPILER_FLAGS=-mcpu=cortex-a9 -mfpu=vfpv3 -mfloat-abi=hard -nostartfiles -g -Wall -Wextra"
Compiling dmaps
Running Make libs in ps7_cortexa9_0/libsrc/cpu_cortexa9_v2_7/src
make -C ps7_cortexa9_0/libsrc/cpu_cortexa9_v2_7/src -s libs  "SHELL=/bin/sh" "COMPILER=arm-none-eabi-gcc" "ARCHIVER=arm-none-eabi-ar" "COMPILER_FLAGS=  -O2 -c" "EXTRA_COMPILER_FLAGS=-mcpu=cortex-a9 -mfpu=vfpv3 -mfloat-abi=hard -nostartfiles -g -Wall -Wextra"
Compiling cpu_cortexa9
Running Make libs in ps7_cortexa9_0/libsrc/emacps_v3_8/src
make -C ps7_cortexa9_0/libsrc/emacps_v3_8/src -s libs  "SHELL=/bin/sh" "COMPILER=arm-none-eabi-gcc" "ARCHIVER=arm-none-eabi-ar" "COMPILER_FLAGS=  -O2 -c" "EXTRA_COMPILER_FLAGS=-mcpu=cortex-a9 -mfpu=vfpv3 -mfloat-abi=hard -nostartfiles -g -Wall -Wextra"
Compiling emacps
Running Make libs in ps7_cortexa9_0/libsrc/gpiops_v3_4/src
make -C ps7_cortexa9_0/libsrc/gpiops_v3_4/src -s libs  "SHELL=/bin/sh" "COMPILER=arm-none-eabi-gcc" "ARCHIVER=arm-none-eabi-ar" "COMPILER_FLAGS=  -O2 -c" "EXTRA_COMPILER_FLAGS=-mcpu=cortex-a9 -mfpu=vfpv3 -mfloat-abi=hard -nostartfiles -g -Wall -Wextra"
Compiling gpiops
Running Make libs in ps7_cortexa9_0/libsrc/qspips_v3_5/src
make -C ps7_cortexa9_0/libsrc/qspips_v3_5/src -s libs  "SHELL=/bin/sh" "COMPILER=arm-none-eabi-gcc" "ARCHIVER=arm-none-eabi-ar" "COMPILER_FLAGS=  -O2 -c" "EXTRA_COMPILER_FLAGS=-mcpu=cortex-a9 -mfpu=vfpv3 -mfloat-abi=hard -nostartfiles -g -Wall -Wextra"
Compiling qspips
Running Make libs in ps7_cortexa9_0/libsrc/myIntGPIO_v1_0/src
make -C ps7_cortexa9_0/libsrc/myIntGPIO_v1_0/src -s libs  "SHELL=/bin/sh" "COMPILER=arm-none-eabi-gcc" "ARCHIVER=arm-none-eabi-ar" "COMPILER_FLAGS=  -O2 -c" "EXTRA_COMPILER_FLAGS=-mcpu=cortex-a9 -mfpu=vfpv3 -mfloat-abi=hard -nostartfiles -g -Wall -Wextra"
Compiling myIntGPIO...
myIntGPIO_selftest.c: In function 'MYINTGPIO_Reg_SelfTest':
myIntGPIO_selftest.c:52:58: warning: comparison between signed and unsigned integer expressions [-Wsign-compare]
    if ( MYINTGPIO_mReadReg (baseaddr, read_loop_index*4) != (read_loop_index+1)*READ_WRITE_MUL_FACTOR){
                                                          ^~
myIntGPIO_selftest.c:36:6: warning: unused variable 'Index' [-Wunused-variable]
  int Index;
      ^~~~~
Running Make libs in ps7_cortexa9_0/libsrc/scugic_v3_10/src
make -C ps7_cortexa9_0/libsrc/scugic_v3_10/src -s libs  "SHELL=/bin/sh" "COMPILER=arm-none-eabi-gcc" "ARCHIVER=arm-none-eabi-ar" "COMPILER_FLAGS=  -O2 -c" "EXTRA_COMPILER_FLAGS=-mcpu=cortex-a9 -mfpu=vfpv3 -mfloat-abi=hard -nostartfiles -g -Wall -Wextra"
Compiling scugic
Running Make libs in ps7_cortexa9_0/libsrc/xadcps_v2_3/src
make -C ps7_cortexa9_0/libsrc/xadcps_v2_3/src -s libs  "SHELL=/bin/sh" "COMPILER=arm-none-eabi-gcc" "ARCHIVER=arm-none-eabi-ar" "COMPILER_FLAGS=  -O2 -c" "EXTRA_COMPILER_FLAGS=-mcpu=cortex-a9 -mfpu=vfpv3 -mfloat-abi=hard -nostartfiles -g -Wall -Wextra"
Compiling xadcps
Running Make libs in ps7_cortexa9_0/libsrc/devcfg_v3_5/src
make -C ps7_cortexa9_0/libsrc/devcfg_v3_5/src -s libs  "SHELL=/bin/sh" "COMPILER=arm-none-eabi-gcc" "ARCHIVER=arm-none-eabi-ar" "COMPILER_FLAGS=  -O2 -c" "EXTRA_COMPILER_FLAGS=-mcpu=cortex-a9 -mfpu=vfpv3 -mfloat-abi=hard -nostartfiles -g -Wall -Wextra"
Compiling devcfg
Running Make libs in ps7_cortexa9_0/libsrc/scuwdt_v2_1/src
make -C ps7_cortexa9_0/libsrc/scuwdt_v2_1/src -s libs  "SHELL=/bin/sh" "COMPILER=arm-none-eabi-gcc" "ARCHIVER=arm-none-eabi-ar" "COMPILER_FLAGS=  -O2 -c" "EXTRA_COMPILER_FLAGS=-mcpu=cortex-a9 -mfpu=vfpv3 -mfloat-abi=hard -nostartfiles -g -Wall -Wextra"
Compiling scuwdt
Running Make libs in ps7_cortexa9_0/libsrc/uartps_v3_7/src
make -C ps7_cortexa9_0/libsrc/uartps_v3_7/src -s libs  "SHELL=/bin/sh" "COMPILER=arm-none-eabi-gcc" "ARCHIVER=arm-none-eabi-ar" "COMPILER_FLAGS=  -O2 -c" "EXTRA_COMPILER_FLAGS=-mcpu=cortex-a9 -mfpu=vfpv3 -mfloat-abi=hard -nostartfiles -g -Wall -Wextra"
Compiling uartps
Running Make libs in ps7_cortexa9_0/libsrc/usbps_v2_4/src
make -C ps7_cortexa9_0/libsrc/usbps_v2_4/src -s libs  "SHELL=/bin/sh" "COMPILER=arm-none-eabi-gcc" "ARCHIVER=arm-none-eabi-ar" "COMPILER_FLAGS=  -O2 -c" "EXTRA_COMPILER_FLAGS=-mcpu=cortex-a9 -mfpu=vfpv3 -mfloat-abi=hard -nostartfiles -g -Wall -Wextra"
Compiling usbps
Running Make libs in ps7_cortexa9_0/libsrc/coresightps_dcc_v1_4/src
make -C ps7_cortexa9_0/libsrc/coresightps_dcc_v1_4/src -s libs  "SHELL=/bin/sh" "COMPILER=arm-none-eabi-gcc" "ARCHIVER=arm-none-eabi-ar" "COMPILER_FLAGS=  -O2 -c" "EXTRA_COMPILER_FLAGS=-mcpu=cortex-a9 -mfpu=vfpv3 -mfloat-abi=hard -nostartfiles -g -Wall -Wextra"
Compiling coresightps_dcc
Running Make libs in ps7_cortexa9_0/libsrc/scutimer_v2_1/src
make -C ps7_cortexa9_0/libsrc/scutimer_v2_1/src -s libs  "SHELL=/bin/sh" "COMPILER=arm-none-eabi-gcc" "ARCHIVER=arm-none-eabi-ar" "COMPILER_FLAGS=  -O2 -c" "EXTRA_COMPILER_FLAGS=-mcpu=cortex-a9 -mfpu=vfpv3 -mfloat-abi=hard -nostartfiles -g -Wall -Wextra"
Compiling scutimer
Finished building libraries
17:55:04 **** Build of configuration Debug for project provaINTRGpio ****
make pre-build main-build 
a9-linaro-pre-build-step
 
Building file: ../src/mainTest.c
Invoking: ARM v7 gcc compiler
arm-none-eabi-gcc -Wall -O0 -g3 -c -fmessage-length=0 -MT"src/mainTest.o" -mcpu=cortex-a9 -mfpu=vfpv3 -mfloat-abi=hard -I../../provaINTRGpio_bsp/ps7_cortexa9_0/include -MMD -MP -MF"src/mainTest.d" -MT"src/mainTest.o" -o "src/mainTest.o" "../src/mainTest.c"
Finished building: ../src/mainTest.c
 
Building file: ../src/myIntGPIO2.c
Invoking: ARM v7 gcc compiler
arm-none-eabi-gcc -Wall -O0 -g3 -c -fmessage-length=0 -MT"src/myIntGPIO2.o" -mcpu=cortex-a9 -mfpu=vfpv3 -mfloat-abi=hard -I../../provaINTRGpio_bsp/ps7_cortexa9_0/include -MMD -MP -MF"src/myIntGPIO2.d" -MT"src/myIntGPIO2.o" -o "src/myIntGPIO2.o" "../src/myIntGPIO2.c"
Finished building: ../src/myIntGPIO2.c
 
Building target: provaINTRGpio.elf
Invoking: ARM v7 gcc linker
arm-none-eabi-gcc -mcpu=cortex-a9 -mfpu=vfpv3 -mfloat-abi=hard -Wl,-build-id=none -specs=Xilinx.spec -Wl,-T -Wl,../src/lscript.ld -L../../provaINTRGpio_bsp/ps7_cortexa9_0/lib -o "provaINTRGpio.elf"  ./src/mainTest.o ./src/myIntGPIO2.o   -Wl,--start-group,-lxil,-lgcc,-lc,--end-group
Finished building target: provaINTRGpio.elf
 
Invoking: ARM v7 Print Size
arm-none-eabi-size provaINTRGpio.elf  |tee "provaINTRGpio.elf.size"
   text	   data	    bss	    dec	    hex	filename
  24092	   1920	  22616	  48628	   bdf4	provaINTRGpio.elf
Finished building: provaINTRGpio.elf.size
 
