17:55:04 **** Build of configuration Debug for project provaINTRGpio ****
make pre-build main-build 
a9-linaro-pre-build-step
 
Building file: ../src/mainTest.c
Invoking: ARM v7 gcc compiler
arm-none-eabi-gcc -Wall -O0 -g3 -c -fmessage-length=0 -MT"src/mainTest.o" -mcpu=cortex-a9 -mfpu=vfpv3 -mfloat-abi=hard -I../../provaINTRGpio_bsp/ps7_cortexa9_0/include -MMD -MP -MF"src/mainTest.d" -MT"src/mainTest.o" -o "src/mainTest.o" "../src/mainTest.c"
Finished building: ../src/mainTest.c
 
Building file: ../src/myIntGPIO2.c
Invoking: ARM v7 gcc compiler
arm-none-eabi-gcc -Wall -O0 -g3 -c -fmessage-length=0 -MT"src/myIntGPIO2.o" -mcpu=cortex-a9 -mfpu=vfpv3 -mfloat-abi=hard -I../../provaINTRGpio_bsp/ps7_cortexa9_0/include -MMD -MP -MF"src/myIntGPIO2.d" -MT"src/myIntGPIO2.o" -o "src/myIntGPIO2.o" "../src/myIntGPIO2.c"
Finished building: ../src/myIntGPIO2.c
 
Building target: provaINTRGpio.elf
Invoking: ARM v7 gcc linker
arm-none-eabi-gcc -mcpu=cortex-a9 -mfpu=vfpv3 -mfloat-abi=hard -Wl,-build-id=none -specs=Xilinx.spec -Wl,-T -Wl,../src/lscript.ld -L../../provaINTRGpio_bsp/ps7_cortexa9_0/lib -o "provaINTRGpio.elf"  ./src/mainTest.o ./src/myIntGPIO2.o   -Wl,--start-group,-lxil,-lgcc,-lc,--end-group
Finished building target: provaINTRGpio.elf
 
Invoking: ARM v7 Print Size
arm-none-eabi-size provaINTRGpio.elf  |tee "provaINTRGpio.elf.size"
   text	   data	    bss	    dec	    hex	filename
  24092	   1920	  22616	  48628	   bdf4	provaINTRGpio.elf
Finished building: provaINTRGpio.elf.size
 

17:55:05 Build Finished (took 1s.467ms)

